Archive member included to satisfy reference by file (symbol)

c:/program files (x86)/atollic/truestudio for arm 7.1.2/armtools/bin/../lib/gcc/arm-atollic-eabi/5.3.1/../../../../arm-atollic-eabi/lib/armv7e-m/fpu\libstdc++_nano.a(atexit_arm.o)
                              src\main.o (__aeabi_atexit)
c:/program files (x86)/atollic/truestudio for arm 7.1.2/armtools/bin/../lib/gcc/arm-atollic-eabi/5.3.1/../../../../arm-atollic-eabi/lib/armv7e-m/fpu\libstdc++_nano.a(del_op.o)
                              components\NRF24L01p\NRF24L01p.o (operator delete(void*))
c:/program files (x86)/atollic/truestudio for arm 7.1.2/armtools/bin/../lib/gcc/arm-atollic-eabi/5.3.1/../../../../arm-atollic-eabi/lib/armv7e-m/fpu\libc_nano.a(lib_a-cxa_atexit.o)
                              c:/program files (x86)/atollic/truestudio for arm 7.1.2/armtools/bin/../lib/gcc/arm-atollic-eabi/5.3.1/../../../../arm-atollic-eabi/lib/armv7e-m/fpu\libstdc++_nano.a(atexit_arm.o) (__cxa_atexit)
c:/program files (x86)/atollic/truestudio for arm 7.1.2/armtools/bin/../lib/gcc/arm-atollic-eabi/5.3.1/../../../../arm-atollic-eabi/lib/armv7e-m/fpu\libc_nano.a(lib_a-exit.o)
                              c:/program files (x86)/atollic/truestudio for arm 7.1.2/armtools/bin/../lib/gcc/arm-atollic-eabi/5.3.1/../../../../arm-atollic-eabi/lib/armv7e-m/fpu\crt0.o (exit)
c:/program files (x86)/atollic/truestudio for arm 7.1.2/armtools/bin/../lib/gcc/arm-atollic-eabi/5.3.1/../../../../arm-atollic-eabi/lib/armv7e-m/fpu\libc_nano.a(lib_a-impure.o)
                              c:/program files (x86)/atollic/truestudio for arm 7.1.2/armtools/bin/../lib/gcc/arm-atollic-eabi/5.3.1/../../../../arm-atollic-eabi/lib/armv7e-m/fpu\libc_nano.a(lib_a-exit.o) (_global_impure_ptr)
c:/program files (x86)/atollic/truestudio for arm 7.1.2/armtools/bin/../lib/gcc/arm-atollic-eabi/5.3.1/../../../../arm-atollic-eabi/lib/armv7e-m/fpu\libc_nano.a(lib_a-init.o)
                              RTE\Device\STM32F446RETx\startup_stm32f446xx.o (__libc_init_array)
c:/program files (x86)/atollic/truestudio for arm 7.1.2/armtools/bin/../lib/gcc/arm-atollic-eabi/5.3.1/../../../../arm-atollic-eabi/lib/armv7e-m/fpu\libc_nano.a(lib_a-malloc.o)
                              c:/program files (x86)/atollic/truestudio for arm 7.1.2/armtools/bin/../lib/gcc/arm-atollic-eabi/5.3.1/../../../../arm-atollic-eabi/lib/armv7e-m/fpu\libstdc++_nano.a(del_op.o) (free)
c:/program files (x86)/atollic/truestudio for arm 7.1.2/armtools/bin/../lib/gcc/arm-atollic-eabi/5.3.1/../../../../arm-atollic-eabi/lib/armv7e-m/fpu\libc_nano.a(lib_a-memcpy-stub.o)
                              RTE\CMSIS\cmsis_os2.o (memcpy)
c:/program files (x86)/atollic/truestudio for arm 7.1.2/armtools/bin/../lib/gcc/arm-atollic-eabi/5.3.1/../../../../arm-atollic-eabi/lib/armv7e-m/fpu\libc_nano.a(lib_a-memset.o)
                              RTE\RTOS\tasks.o (memset)
c:/program files (x86)/atollic/truestudio for arm 7.1.2/armtools/bin/../lib/gcc/arm-atollic-eabi/5.3.1/../../../../arm-atollic-eabi/lib/armv7e-m/fpu\libc_nano.a(lib_a-nano-freer.o)
                              c:/program files (x86)/atollic/truestudio for arm 7.1.2/armtools/bin/../lib/gcc/arm-atollic-eabi/5.3.1/../../../../arm-atollic-eabi/lib/armv7e-m/fpu\libc_nano.a(lib_a-malloc.o) (_free_r)
c:/program files (x86)/atollic/truestudio for arm 7.1.2/armtools/bin/../lib/gcc/arm-atollic-eabi/5.3.1/../../../../arm-atollic-eabi/lib/armv7e-m/fpu\libc_nano.a(lib_a-nano-mallocr.o)
                              c:/program files (x86)/atollic/truestudio for arm 7.1.2/armtools/bin/../lib/gcc/arm-atollic-eabi/5.3.1/../../../../arm-atollic-eabi/lib/armv7e-m/fpu\libc_nano.a(lib_a-malloc.o) (_malloc_r)
c:/program files (x86)/atollic/truestudio for arm 7.1.2/armtools/bin/../lib/gcc/arm-atollic-eabi/5.3.1/../../../../arm-atollic-eabi/lib/armv7e-m/fpu\libc_nano.a(lib_a-on_exit_args.o)
                              c:/program files (x86)/atollic/truestudio for arm 7.1.2/armtools/bin/../lib/gcc/arm-atollic-eabi/5.3.1/../../../../arm-atollic-eabi/lib/armv7e-m/fpu\libc_nano.a(lib_a-cxa_atexit.o) (__on_exit_args)
c:/program files (x86)/atollic/truestudio for arm 7.1.2/armtools/bin/../lib/gcc/arm-atollic-eabi/5.3.1/../../../../arm-atollic-eabi/lib/armv7e-m/fpu\libc_nano.a(lib_a-puts.o)
                              src\main.o (puts)
c:/program files (x86)/atollic/truestudio for arm 7.1.2/armtools/bin/../lib/gcc/arm-atollic-eabi/5.3.1/../../../../arm-atollic-eabi/lib/armv7e-m/fpu\libc_nano.a(lib_a-reent.o)
                              src\syscalls.o (errno)
c:/program files (x86)/atollic/truestudio for arm 7.1.2/armtools/bin/../lib/gcc/arm-atollic-eabi/5.3.1/../../../../arm-atollic-eabi/lib/armv7e-m/fpu\libc_nano.a(lib_a-sbrkr.o)
                              c:/program files (x86)/atollic/truestudio for arm 7.1.2/armtools/bin/../lib/gcc/arm-atollic-eabi/5.3.1/../../../../arm-atollic-eabi/lib/armv7e-m/fpu\libc_nano.a(lib_a-nano-mallocr.o) (_sbrk_r)
[...]
Memory Configuration

Name             Origin             Length             Attributes
FLASH            0x08000000         0x00080000         xr
RAM              0x20000000         0x00020000         xrw
*default*        0x00000000         0xffffffff

Linker script and memory map

LOAD c:/program files (x86)/atollic/truestudio for arm 7.1.2/armtools/bin/../lib/gcc/arm-atollic-eabi/5.3.1/armv7e-m/fpu/crti.o
LOAD c:/program files (x86)/atollic/truestudio for arm 7.1.2/armtools/bin/../lib/gcc/arm-atollic-eabi/5.3.1/armv7e-m/fpu/crtbegin.o
LOAD RTE\CMSIS\cmsis_os2.o
LOAD RTE\Device\STM32F446RETx\run_STM32CubeMX.o
LOAD RTE\Device\STM32F446RETx\startup_stm32f446xx.o
LOAD RTE\Device\STM32F446RETx\stm32f4xx_hal.o
LOAD RTE\Device\STM32F446RETx\stm32f4xx_hal_adc.o
LOAD RTE\Device\STM32F446RETx\stm32f4xx_hal_adc_ex.o
LOAD RTE\Device\STM32F446RETx\stm32f4xx_hal_cortex.o
LOAD RTE\Device\STM32F446RETx\stm32f4xx_hal_dac.o
LOAD RTE\Device\STM32F446RETx\stm32f4xx_hal_dac_ex.o
LOAD RTE\Device\STM32F446RETx\stm32f4xx_hal_dma.o
LOAD RTE\Device\STM32F446RETx\stm32f4xx_hal_dma_ex.o
LOAD RTE\Device\STM32F446RETx\stm32f4xx_hal_gpio.o
LOAD RTE\Device\STM32F446RETx\stm32f4xx_hal_i2c.o
LOAD RTE\Device\STM32F446RETx\stm32f4xx_hal_i2c_ex.o
LOAD RTE\Device\STM32F446RETx\stm32f4xx_hal_pwr.o
LOAD RTE\Device\STM32F446RETx\stm32f4xx_hal_pwr_ex.o
LOAD RTE\Device\STM32F446RETx\stm32f4xx_hal_rcc.o
LOAD RTE\Device\STM32F446RETx\stm32f4xx_hal_rcc_ex.o
LOAD RTE\Device\STM32F446RETx\stm32f4xx_hal_spi.o
LOAD RTE\Device\STM32F446RETx\stm32f4xx_hal_uart.o
LOAD RTE\Device\STM32F446RETx\stm32f4xx_hal_usart.o
LOAD RTE\Device\STM32F446RETx\system_stm32f4xx.o
LOAD RTE\RTOS\FreeRTOS_Tick_Config.o
LOAD RTE\RTOS\croutine.o
LOAD RTE\RTOS\event_groups.o
LOAD RTE\RTOS\freertos_evr.o
LOAD RTE\RTOS\heap_4.o
LOAD RTE\RTOS\list.o
LOAD RTE\RTOS\port.o
LOAD RTE\RTOS\queue.o
LOAD RTE\RTOS\tasks.o
LOAD RTE\RTOS\timers.o
LOAD components\NRF24L01p\NRF24L01p.o
LOAD components\NRF24L01p\NRF24L01pDriver.o
LOAD components\NRF24L01p\port\RPI_WiringPi\NRF24L01pPort.o
LOAD components\NRF24L01p\port\mbed\NRF24L01pPort.o
LOAD components\NRF24L01p\port\stm32\NRF24L01pPort.o
LOAD src\main.o
LOAD src\syscalls.o
LOAD c:/program files (x86)/atollic/truestudio for arm 7.1.2/armtools/bin/../lib/gcc/arm-atollic-eabi/5.3.1/../../../../arm-atollic-eabi/lib/armv7e-m/fpu\crt0.o
LOAD C:/Users/emon1/Atollic/TrueSTUDIO/CMSIS_Packs/ARM/CMSIS/5.0.1/CMSIS/Lib/GCC\libarm_cortexM4lf_math.a
START GROUP
LOAD c:/program files (x86)/atollic/truestudio for arm 7.1.2/armtools/bin/../lib/gcc/arm-atollic-eabi/5.3.1/../../../../arm-atollic-eabi/lib/armv7e-m/fpu\libstdc++_nano.a
LOAD c:/program files (x86)/atollic/truestudio for arm 7.1.2/armtools/bin/../lib/gcc/arm-atollic-eabi/5.3.1/../../../../arm-atollic-eabi/lib/armv7e-m/fpu\libsupc++_nano.a
END GROUP
                0x00001000                malloc_getpagesize_P = 0x1000
LOAD c:/program files (x86)/atollic/truestudio for arm 7.1.2/armtools/bin/../lib/gcc/arm-atollic-eabi/5.3.1/../../../../arm-atollic-eabi/lib/armv7e-m/fpu\libstdc++_nano.a
LOAD c:/program files (x86)/atollic/truestudio for arm 7.1.2/armtools/bin/../lib/gcc/arm-atollic-eabi/5.3.1/../../../../arm-atollic-eabi/lib/armv7e-m/fpu\libm.a
LOAD c:/program files (x86)/atollic/truestudio for arm 7.1.2/armtools/bin/../lib/gcc/arm-atollic-eabi/5.3.1/../../../../arm-atollic-eabi/lib/armv7e-m/fpu\libc_nano.a
START GROUP
LOAD c:/program files (x86)/atollic/truestudio for arm 7.1.2/armtools/bin/../lib/gcc/arm-atollic-eabi/5.3.1/armv7e-m/fpu\libgcc.a
LOAD c:/program files (x86)/atollic/truestudio for arm 7.1.2/armtools/bin/../lib/gcc/arm-atollic-eabi/5.3.1/../../../../arm-atollic-eabi/lib/armv7e-m/fpu\libc_nano.a
END GROUP
START GROUP
LOAD c:/program files (x86)/atollic/truestudio for arm 7.1.2/armtools/bin/../lib/gcc/arm-atollic-eabi/5.3.1/armv7e-m/fpu\libgcc.a
LOAD c:/program files (x86)/atollic/truestudio for arm 7.1.2/armtools/bin/../lib/gcc/arm-atollic-eabi/5.3.1/../../../../arm-atollic-eabi/lib/armv7e-m/fpu\libc_nano.a
LOAD c:/program files (x86)/atollic/truestudio for arm 7.1.2/armtools/bin/../lib/gcc/arm-atollic-eabi/5.3.1/../../../../arm-atollic-eabi/lib/armv7e-m/fpu\libnosys.a
END GROUP
START GROUP
LOAD c:/program files (x86)/atollic/truestudio for arm 7.1.2/armtools/bin/../lib/gcc/arm-atollic-eabi/5.3.1/armv7e-m/fpu\libgcc.a
LOAD c:/program files (x86)/atollic/truestudio for arm 7.1.2/armtools/bin/../lib/gcc/arm-atollic-eabi/5.3.1/../../../../arm-atollic-eabi/lib/armv7e-m/fpu\libc_nano.a
LOAD c:/program files (x86)/atollic/truestudio for arm 7.1.2/armtools/bin/../lib/gcc/arm-atollic-eabi/5.3.1/../../../../arm-atollic-eabi/lib/armv7e-m/fpu\libnosys.a
END GROUP
LOAD c:/program files (x86)/atollic/truestudio for arm 7.1.2/armtools/bin/../lib/gcc/arm-atollic-eabi/5.3.1/armv7e-m/fpu/crtend.o
LOAD c:/program files (x86)/atollic/truestudio for arm 7.1.2/armtools/bin/../lib/gcc/arm-atollic-eabi/5.3.1/armv7e-m/fpu/crtn.o
                0x20020000                _estack = 0x20020000
                0x00000200                _Min_Heap_Size = 0x200
                0x00000400                _Min_Stack_Size = 0x400

.isr_vector     0x08000000      0x1c4
                0x08000000                . = ALIGN (0x4)
 *(.isr_vector)
 .isr_vector    0x08000000      0x1c4 RTE\Device\STM32F446RETx\startup_stm32f446xx.o
                0x08000000                g_pfnVectors
                0x080001c4                . = ALIGN (0x4)

.text           0x080001d0     0x3408
                0x080001d0                . = ALIGN (0x4)
 *(.text)
 .text          0x080001d0       0x40 c:/program files (x86)/atollic/truestudio for arm 7.1.2/armtools/bin/../lib/gcc/arm-atollic-eabi/5.3.1/armv7e-m/fpu/crtbegin.o
 *(.text*)
 .text.vApplicationStackOverflowHook
                0x08000210       0x18 RTE\CMSIS\cmsis_os2.o
                0x08000210                vApplicationStackOverflowHook
 .text.Reset_Handler
                0x08000228       0x50 RTE\Device\STM32F446RETx\startup_stm32f446xx.o
                0x08000228                Reset_Handler
 .text.Default_Handler
                0x08000278        0x2 RTE\Device\STM32F446RETx\startup_stm32f446xx.o
                0x08000278                RTC_Alarm_IRQHandler
                0x08000278                EXTI2_IRQHandler
                0x08000278                TIM8_CC_IRQHandler
                0x08000278                DebugMon_Handler
                0x08000278                SPI4_IRQHandler
                0x08000278                TIM1_CC_IRQHandler
                0x08000278                DMA2_Stream5_IRQHandler
                0x08000278                HardFault_Handler
                0x08000278                DMA1_Stream5_IRQHandler
                0x08000278                PVD_IRQHandler
                0x08000278                SDIO_IRQHandler
                0x08000278                TAMP_STAMP_IRQHandler
                0x08000278                NMI_Handler
                0x08000278                CAN2_RX1_IRQHandler
                0x08000278                EXTI3_IRQHandler
                0x08000278                TIM8_TRG_COM_TIM14_IRQHandler
                0x08000278                TIM1_UP_TIM10_IRQHandler
                0x08000278                TIM8_UP_TIM13_IRQHandler
                0x08000278                I2C3_ER_IRQHandler
                0x08000278                FMPI2C1_Event_IRQHandler
                0x08000278                EXTI0_IRQHandler
                0x08000278                I2C2_EV_IRQHandler
                0x08000278                DMA1_Stream2_IRQHandler
                0x08000278                CAN1_RX0_IRQHandler
                0x08000278                FPU_IRQHandler
                0x08000278                OTG_HS_WKUP_IRQHandler
                0x08000278                UsageFault_Handler
                0x08000278                CAN2_SCE_IRQHandler
                0x08000278                DMA2_Stream2_IRQHandler
                0x08000278                SPI1_IRQHandler
                0x08000278                TIM6_DAC_IRQHandler
                0x08000278                TIM1_BRK_TIM9_IRQHandler
                0x08000278                DCMI_IRQHandler
                0x08000278                CAN2_RX0_IRQHandler
                0x08000278                DMA2_Stream3_IRQHandler
                0x08000278                SAI2_IRQHandler
                0x08000278                USART6_IRQHandler
                0x08000278                USART3_IRQHandler
                0x08000278                CAN1_RX1_IRQHandler
                0x08000278                UART5_IRQHandler
                0x08000278                DMA2_Stream0_IRQHandler
                0x08000278                TIM4_IRQHandler
                0x08000278                QUADSPI_IRQHandler
                0x08000278                I2C1_EV_IRQHandler
                0x08000278                DMA1_Stream6_IRQHandler
                0x08000278                DMA1_Stream1_IRQHandler
                0x08000278                UART4_IRQHandler
                0x08000278                TIM3_IRQHandler
                0x08000278                RCC_IRQHandler
                0x08000278                TIM8_BRK_TIM12_IRQHandler
                0x08000278                Default_Handler
                0x08000278                CEC_IRQHandler
                0x08000278                EXTI15_10_IRQHandler
                0x08000278                ADC_IRQHandler
                0x08000278                DMA1_Stream7_IRQHandler
                0x08000278                TIM7_IRQHandler
                0x08000278                CAN2_TX_IRQHandler
                0x08000278                TIM5_IRQHandler
                0x08000278                DMA2_Stream7_IRQHandler
                0x08000278                I2C3_EV_IRQHandler
                0x08000278                EXTI9_5_IRQHandler
                0x08000278                RTC_WKUP_IRQHandler
                0x08000278                SPDIF_RX_IRQHandler
                0x08000278                SPI2_IRQHandler
                0x08000278                OTG_HS_EP1_IN_IRQHandler
                0x08000278                MemManage_Handler
                0x08000278                DMA1_Stream0_IRQHandler
                0x08000278                CAN1_TX_IRQHandler
                0x08000278                EXTI4_IRQHandler
                0x08000278                OTG_HS_EP1_OUT_IRQHandler
                0x08000278                WWDG_IRQHandler
                0x08000278                TIM2_IRQHandler
                0x08000278                OTG_FS_WKUP_IRQHandler
                0x08000278                TIM1_TRG_COM_TIM11_IRQHandler
                0x08000278                OTG_HS_IRQHandler
                0x08000278                EXTI1_IRQHandler
                0x08000278                USART2_IRQHandler
                0x08000278                I2C2_ER_IRQHandler
                0x08000278                DMA2_Stream1_IRQHandler
                0x08000278                CAN1_SCE_IRQHandler
                0x08000278                FLASH_IRQHandler
                0x08000278                DMA2_Stream4_IRQHandler
                0x08000278                BusFault_Handler
                0x08000278                USART1_IRQHandler
                0x08000278                OTG_FS_IRQHandler
                0x08000278                SPI3_IRQHandler
                0x08000278                DMA1_Stream4_IRQHandler
                0x08000278                I2C1_ER_IRQHandler
                0x08000278                FMC_IRQHandler
                0x08000278                DMA2_Stream6_IRQHandler
                0x08000278                SAI1_IRQHandler
                0x08000278                DMA1_Stream3_IRQHandler
                0x08000278                FMPI2C1_Error_IRQHandler
 *fill*         0x0800027a        0x2 
 .text.HAL_Init
                0x0800027c       0x44 RTE\Device\STM32F446RETx\stm32f4xx_hal.o
                0x0800027c                HAL_Init
 .text.HAL_MspInit
                0x080002c0       0x10 RTE\Device\STM32F446RETx\stm32f4xx_hal.o
                0x080002c0                HAL_MspInit
 .text.HAL_InitTick
                0x080002d0       0x38 RTE\Device\STM32F446RETx\stm32f4xx_hal.o
                0x080002d0                HAL_InitTick
 .text.HAL_GetTick
                0x08000308       0x18 RTE\Device\STM32F446RETx\stm32f4xx_hal.o
                0x08000308                HAL_GetTick
 .text.HAL_Delay
                0x08000320       0x2c RTE\Device\STM32F446RETx\stm32f4xx_hal.o
                0x08000320                HAL_Delay
 .text.__NVIC_SetPriorityGrouping
                0x0800034c       0x48 RTE\Device\STM32F446RETx\stm32f4xx_hal_cortex.o
 .text.__NVIC_GetPriorityGrouping
                0x08000394       0x1c RTE\Device\STM32F446RETx\stm32f4xx_hal_cortex.o
 .text.__NVIC_SetPriority
                0x080003b0       0x54 RTE\Device\STM32F446RETx\stm32f4xx_hal_cortex.o
 .text.NVIC_EncodePriority
                0x08000404       0x64 RTE\Device\STM32F446RETx\stm32f4xx_hal_cortex.o
 .text.SysTick_Config
                0x08000468       0x44 RTE\Device\STM32F446RETx\stm32f4xx_hal_cortex.o
 .text.HAL_NVIC_SetPriorityGrouping
                0x080004ac       0x18 RTE\Device\STM32F446RETx\stm32f4xx_hal_cortex.o
                0x080004ac                HAL_NVIC_SetPriorityGrouping
 .text.HAL_NVIC_SetPriority
                0x080004c4       0x38 RTE\Device\STM32F446RETx\stm32f4xx_hal_cortex.o
                0x080004c4                HAL_NVIC_SetPriority
 .text.HAL_SYSTICK_Config
                0x080004fc       0x18 RTE\Device\STM32F446RETx\stm32f4xx_hal_cortex.o
                0x080004fc                HAL_SYSTICK_Config
 .text.HAL_GPIO_Init
                0x08000514      0x324 RTE\Device\STM32F446RETx\stm32f4xx_hal_gpio.o
                0x08000514                HAL_GPIO_Init
 .text.HAL_GPIO_WritePin
                0x08000838       0x34 RTE\Device\STM32F446RETx\stm32f4xx_hal_gpio.o
                0x08000838                HAL_GPIO_WritePin
 .text.HAL_PWREx_EnableOverDrive
                0x0800086c       0xd0 RTE\Device\STM32F446RETx\stm32f4xx_hal_pwr_ex.o
                0x0800086c                HAL_PWREx_EnableOverDrive
 .text.HAL_RCC_ClockConfig
                0x0800093c      0x224 RTE\Device\STM32F446RETx\stm32f4xx_hal_rcc.o
                0x0800093c                HAL_RCC_ClockConfig
 .text.HAL_RCC_OscConfig
                0x08000b60      0x500 RTE\Device\STM32F446RETx\stm32f4xx_hal_rcc_ex.o
                0x08000b60                HAL_RCC_OscConfig
 .text.HAL_RCC_GetSysClockFreq
                0x08001060      0x1d8 RTE\Device\STM32F446RETx\stm32f4xx_hal_rcc_ex.o
                0x08001060                HAL_RCC_GetSysClockFreq
 .text.HAL_SPI_Init
                0x08001238       0xd4 RTE\Device\STM32F446RETx\stm32f4xx_hal_spi.o
                0x08001238                HAL_SPI_Init
 .text.HAL_SPI_MspInit
                0x0800130c       0x14 RTE\Device\STM32F446RETx\stm32f4xx_hal_spi.o
                0x0800130c                HAL_SPI_MspInit
 .text.HAL_SPI_TransmitReceive
                0x08001320      0x424 RTE\Device\STM32F446RETx\stm32f4xx_hal_spi.o
                0x08001320                HAL_SPI_TransmitReceive
 .text.SPI_WaitFlagStateUntilTimeout
                0x08001744       0xd4 RTE\Device\STM32F446RETx\stm32f4xx_hal_spi.o
 .text.SPI_CheckFlag_BSY
                0x08001818       0x3c RTE\Device\STM32F446RETx\stm32f4xx_hal_spi.o
 .text.SystemInit
                0x08001854       0x6c RTE\Device\STM32F446RETx\system_stm32f4xx.o
                0x08001854                SystemInit
 .text.SysTick_Handler
                0x080018c0       0x14 RTE\RTOS\FreeRTOS_Tick_Config.o
                0x080018c0                SysTick_Handler
 .text.vListInsertEnd
                0x080018d4       0x48 RTE\RTOS\list.o
                0x080018d4                vListInsertEnd
 .text.uxListRemove
                0x0800191c       0x54 RTE\RTOS\list.o
                0x0800191c                uxListRemove
 .text.SVC_Handler
                0x08001970       0x28 RTE\RTOS\port.o
                0x08001970                SVC_Handler
 *fill*         0x08001998        0x8 
 .text.PendSV_Handler
                0x080019a0       0x68 RTE\RTOS\port.o
                0x080019a0                PendSV_Handler
 .text.xPortSysTickHandler
                0x08001a08       0x40 RTE\RTOS\port.o
                0x08001a08                xPortSysTickHandler
 .text.xTaskIncrementTick
                0x08001a48      0x15c RTE\RTOS\tasks.o
                0x08001a48                xTaskIncrementTick
 .text.vTaskSwitchContext
                0x08001ba4       0xe8 RTE\RTOS\tasks.o
                0x08001ba4                vTaskSwitchContext
 .text.prvResetNextTaskUnblockTime
                0x08001c8c       0x4c RTE\RTOS\tasks.o
 .text._ZN9NRF24L01pC2Ev
                0x08001cd8      0x234 components\NRF24L01p\NRF24L01p.o
                0x08001cd8                NRF24L01p::NRF24L01p()
                0x08001cd8                NRF24L01p::NRF24L01p()
 .text._ZN9NRF24L01pD2Ev
                0x08001f0c       0x30 components\NRF24L01p\NRF24L01p.o
                0x08001f0c                NRF24L01p::~NRF24L01p()
                0x08001f0c                NRF24L01p::~NRF24L01p()
 .text._ZN9NRF24L01pD0Ev
                0x08001f3c       0x20 components\NRF24L01p\NRF24L01p.o
                0x08001f3c                NRF24L01p::~NRF24L01p()
 .text._ZN9NRF24L01p9RadioModeENS_12RadioState_tE
                0x08001f5c       0xf0 components\NRF24L01p\NRF24L01p.o
                0x08001f5c                NRF24L01p::RadioMode(NRF24L01p::RadioState_t)
 .text._ZN15NRF24L01pDriverC2Ev
                0x0800204c       0x24 components\NRF24L01p\NRF24L01pDriver.o
                0x0800204c                NRF24L01pDriver::NRF24L01pDriver()
                0x0800204c                NRF24L01pDriver::NRF24L01pDriver()
 .text._ZN15NRF24L01pDriverD2Ev
                0x08002070       0x30 components\NRF24L01p\NRF24L01pDriver.o
                0x08002070                NRF24L01pDriver::~NRF24L01pDriver()
                0x08002070                NRF24L01pDriver::~NRF24L01pDriver()
 .text._ZN15NRF24L01pDriverD0Ev
                0x080020a0       0x20 components\NRF24L01p\NRF24L01pDriver.o
                0x080020a0                NRF24L01pDriver::~NRF24L01pDriver()
 .text._ZN15NRF24L01pDriver13read_registerEh
                0x080020c0       0x50 components\NRF24L01p\NRF24L01pDriver.o
                0x080020c0                NRF24L01pDriver::read_register(unsigned char)
 .text._ZN15NRF24L01pDriver14write_registerEhh
                0x08002110       0x5c components\NRF24L01p\NRF24L01pDriver.o
                0x08002110                NRF24L01pDriver::write_register(unsigned char, unsigned char)
 .text._ZN15NRF24L01pDriver14write_registerEhPhi
                0x0800216c       0x5c components\NRF24L01p\NRF24L01pDriver.o
                0x0800216c                NRF24L01pDriver::write_register(unsigned char, unsigned char*, int)
 .text._ZN15NRF24L01pDriver8flush_txEv
                0x080021c8       0x38 components\NRF24L01p\NRF24L01pDriver.o
                0x080021c8                NRF24L01pDriver::flush_tx()
 .text._ZN15NRF24L01pDriver8flush_rxEv
                0x08002200       0x38 components\NRF24L01p\NRF24L01pDriver.o
                0x08002200                NRF24L01pDriver::flush_rx()
 .text._ZN15NRF24L01pDriver8power_upEv
                0x08002238       0x30 components\NRF24L01p\NRF24L01pDriver.o
                0x08002238                NRF24L01pDriver::power_up()
 .text._ZN15NRF24L01pDriver10power_downEv
                0x08002268       0x30 components\NRF24L01p\NRF24L01pDriver.o
                0x08002268                NRF24L01pDriver::power_down()
 .text._ZN15NRF24L01pDriver7rx_modeEv
                0x08002298       0x30 components\NRF24L01p\NRF24L01pDriver.o
                0x08002298                NRF24L01pDriver::rx_mode()
 .text._ZN15NRF24L01pDriver7tx_modeEv
                0x080022c8       0x30 components\NRF24L01p\NRF24L01pDriver.o
                0x080022c8                NRF24L01pDriver::tx_mode()
 .text._ZN15NRF24L01pDriver15enable_auto_ackENS_6pipe_tEb
                0x080022f8       0x7c components\NRF24L01p\NRF24L01pDriver.o
                0x080022f8                NRF24L01pDriver::enable_auto_ack(NRF24L01pDriver::pipe_t, bool)
 .text._ZN15NRF24L01pDriver17enable_rx_on_pipeENS_6pipe_tEb
                0x08002374       0x7c components\NRF24L01p\NRF24L01pDriver.o
                0x08002374                NRF24L01pDriver::enable_rx_on_pipe(NRF24L01pDriver::pipe_t, bool)
 .text._ZN15NRF24L01pDriver29set_auto_retransmission_countEh
                0x080023f0       0x3c components\NRF24L01p\NRF24L01pDriver.o
                0x080023f0                NRF24L01pDriver::set_auto_retransmission_count(unsigned char)
 .text._ZN15NRF24L01pDriver29set_auto_retransmission_delayEh
                0x0800242c       0x44 components\NRF24L01p\NRF24L01pDriver.o
                0x0800242c                NRF24L01pDriver::set_auto_retransmission_delay(unsigned char)
 .text._ZN15NRF24L01pDriver12set_DataRateENS_10datarate_tE
                0x08002470       0x3c components\NRF24L01p\NRF24L01pDriver.o
                0x08002470                NRF24L01pDriver::set_DataRate(NRF24L01pDriver::datarate_t)
 .text._ZN15NRF24L01pDriver21clear_data_ready_flagEv
                0x080024ac       0x24 components\NRF24L01p\NRF24L01pDriver.o
                0x080024ac                NRF24L01pDriver::clear_data_ready_flag()
 .text._ZN15NRF24L01pDriver19set_RX_pipe_addressENS_6pipe_tEy
                0x080024d0       0x90 components\NRF24L01p\NRF24L01pDriver.o
                0x080024d0                NRF24L01pDriver::set_RX_pipe_address(NRF24L01pDriver::pipe_t, unsigned long long)
 .text._ZN15NRF24L01pDriver27enable_dynamic_payload_pipeENS_6pipe_tEb
                0x08002560       0x7c components\NRF24L01p\NRF24L01pDriver.o
                0x08002560                NRF24L01pDriver::enable_dynamic_payload_pipe(NRF24L01pDriver::pipe_t, bool)
 .text._ZN15NRF24L01pDriver22enable_dynamic_payloadEb
                0x080025dc       0x5c components\NRF24L01p\NRF24L01pDriver.o
                0x080025dc                NRF24L01pDriver::enable_dynamic_payload(bool)
 .text._ZN15NRF24L01pDriver23enable_payload_with_ackEb
                0x08002638       0x5c components\NRF24L01p\NRF24L01pDriver.o
                0x08002638                NRF24L01pDriver::enable_payload_with_ack(bool)
 .text._ZN15NRF24L01pDriver34enable_dynamic_payload_with_no_ackEb
                0x08002694       0x5c components\NRF24L01p\NRF24L01pDriver.o
                0x08002694                NRF24L01pDriver::enable_dynamic_payload_with_no_ack(bool)
 .text._ZN13NRF24L01pPortC2Ev
                0x080026f0       0x20 components\NRF24L01p\port\stm32\NRF24L01pPort.o
                0x080026f0                NRF24L01pPort::NRF24L01pPort()
                0x080026f0                NRF24L01pPort::NRF24L01pPort()
 .text._ZN13NRF24L01pPortD2Ev
                0x08002710       0x28 components\NRF24L01p\port\stm32\NRF24L01pPort.o
                0x08002710                NRF24L01pPort::~NRF24L01pPort()
                0x08002710                NRF24L01pPort::~NRF24L01pPort()
 .text._ZN13NRF24L01pPortD0Ev
                0x08002738       0x20 components\NRF24L01p\port\stm32\NRF24L01pPort.o
                0x08002738                NRF24L01pPort::~NRF24L01pPort()
 .text._ZN13NRF24L01pPort15port_InitializeEv
                0x08002758      0x160 components\NRF24L01p\port\stm32\NRF24L01pPort.o
                0x08002758                NRF24L01pPort::port_Initialize()
 .text._ZN13NRF24L01pPort11port_Pin_CEEb
                0x080028b8       0x24 components\NRF24L01p\port\stm32\NRF24L01pPort.o
                0x080028b8                NRF24L01pPort::port_Pin_CE(bool)
 .text._ZN13NRF24L01pPort12port_Pin_CSNEb
                0x080028dc       0x24 components\NRF24L01p\port\stm32\NRF24L01pPort.o
                0x080028dc                NRF24L01pPort::port_Pin_CSN(bool)
 .text._ZN13NRF24L01pPort19port_SPI_TranscieveEPhj
                0x08002900       0x30 components\NRF24L01p\port\stm32\NRF24L01pPort.o
                0x08002900                NRF24L01pPort::port_SPI_Transcieve(unsigned char*, unsigned int)
 .text._ZN13NRF24L01pPort12port_DelayMsEj
                0x08002930       0x18 components\NRF24L01p\port\stm32\NRF24L01pPort.o
                0x08002930                NRF24L01pPort::port_DelayMs(unsigned int)
 .text._ZN13NRF24L01pPort12port_DelayUsEj
                0x08002948       0x28 components\NRF24L01p\port\stm32\NRF24L01pPort.o
                0x08002948                NRF24L01pPort::port_DelayUs(unsigned int)
 .text.main     0x08002970       0x18 src\main.o
                0x08002970                main
 .text._Z18SystemClock_Configv
                0x08002988       0xe8 src\main.o
                0x08002988                SystemClock_Config()
 .text._ZL13Error_Handlerv
                0x08002a70        0x8 src\main.o
 .text._Z41__static_initialization_and_destruction_0ii
                0x08002a78       0x40 src\main.o
 .text._GLOBAL__sub_I_Radio
                0x08002ab8       0x10 src\main.o
 .text.ITM_SendChar
                0x08002ac8       0x50 src\syscalls.o
 .text._write   0x08002b18       0x44 src\syscalls.o
                0x08002b18                _write
 .text._sbrk    0x08002b5c       0x40 src\syscalls.o
                0x08002b5c                _sbrk
 .text._close   0x08002b9c       0x24 src\syscalls.o
                0x08002b9c                _close
 .text._fstat   0x08002bc0       0x24 src\syscalls.o
                0x08002bc0                _fstat
 .text._isatty  0x08002be4       0x20 src\syscalls.o
                0x08002be4                _isatty
 .text._lseek   0x08002c04       0x28 src\syscalls.o
                0x08002c04                _lseek
 .text._read    0x08002c2c       0x28 src\syscalls.o
                0x08002c2c                _read
 .text.__aeabi_atexit
                0x08002c54        0xa c:/program files (x86)/atollic/truestudio for arm 7.1.2/armtools/bin/../lib/gcc/arm-atollic-eabi/5.3.1/../../../../arm-atollic-eabi/lib/armv7e-m/fpu\libstdc++_nano.a(atexit_arm.o)
                0x08002c54                __aeabi_atexit
 .text._ZdlPv   0x08002c5e        0x4 c:/program files (x86)/atollic/truestudio for arm 7.1.2/armtools/bin/../lib/gcc/arm-atollic-eabi/5.3.1/../../../../arm-atollic-eabi/lib/armv7e-m/fpu\libstdc++_nano.a(del_op.o)
                0x08002c5e                operator delete(void*)
 *fill*         0x08002c62        0x2 
 .text.__cxa_atexit
                0x08002c64       0x1c c:/program files (x86)/atollic/truestudio for arm 7.1.2/armtools/bin/../lib/gcc/arm-atollic-eabi/5.3.1/../../../../arm-atollic-eabi/lib/armv7e-m/fpu\libc_nano.a(lib_a-cxa_atexit.o)
                0x08002c64                __cxa_atexit
 .text.__libc_init_array
                0x08002c80       0x4c c:/program files (x86)/atollic/truestudio for arm 7.1.2/armtools/bin/../lib/gcc/arm-atollic-eabi/5.3.1/../../../../arm-atollic-eabi/lib/armv7e-m/fpu\libc_nano.a(lib_a-init.o)
                0x08002c80                __libc_init_array
 .text.free     0x08002ccc       0x10 c:/program files (x86)/atollic/truestudio for arm 7.1.2/armtools/bin/../lib/gcc/arm-atollic-eabi/5.3.1/../../../../arm-atollic-eabi/lib/armv7e-m/fpu\libc_nano.a(lib_a-malloc.o)
                0x08002ccc                free
 .text.memset   0x08002cdc       0x10 c:/program files (x86)/atollic/truestudio for arm 7.1.2/armtools/bin/../lib/gcc/arm-atollic-eabi/5.3.1/../../../../arm-atollic-eabi/lib/armv7e-m/fpu\libc_nano.a(lib_a-memset.o)
                0x08002cdc                memset
 .text._free_r  0x08002cec       0x9c c:/program files (x86)/atollic/truestudio for arm 7.1.2/armtools/bin/../lib/gcc/arm-atollic-eabi/5.3.1/../../../../arm-atollic-eabi/lib/armv7e-m/fpu\libc_nano.a(lib_a-nano-freer.o)
                0x08002cec                _free_r
 .text._malloc_r
                0x08002d88       0xbc c:/program files (x86)/atollic/truestudio for arm 7.1.2/armtools/bin/../lib/gcc/arm-atollic-eabi/5.3.1/../../../../arm-atollic-eabi/lib/armv7e-m/fpu\libc_nano.a(lib_a-nano-mallocr.o)
                0x08002d88                _malloc_r
 .text._puts_r  0x08002e44       0xb4 c:/program files (x86)/atollic/truestudio for arm 7.1.2/armtools/bin/../lib/gcc/arm-atollic-eabi/5.3.1/../../../../arm-atollic-eabi/lib/armv7e-m/fpu\libc_nano.a(lib_a-puts.o)
                0x08002e44                _puts_r
 .text.puts     0x08002ef8       0x10 c:/program files (x86)/atollic/truestudio for arm 7.1.2/armtools/bin/../lib/gcc/arm-atollic-eabi/5.3.1/../../../../arm-atollic-eabi/lib/armv7e-m/fpu\libc_nano.a(lib_a-puts.o)
                0x08002ef8                puts
 .text._sbrk_r  0x08002f08       0x20 c:/program files (x86)/atollic/truestudio for arm 7.1.2/armtools/bin/../lib/gcc/arm-atollic-eabi/5.3.1/../../../../arm-atollic-eabi/lib/armv7e-m/fpu\libc_nano.a(lib_a-sbrkr.o)
                0x08002f08                _sbrk_r
 .text.__swbuf_r
                0x08002f28       0xa8 c:/program files (x86)/atollic/truestudio for arm 7.1.2/armtools/bin/../lib/gcc/arm-atollic-eabi/5.3.1/../../../../arm-atollic-eabi/lib/armv7e-m/fpu\libc_nano.a(lib_a-wbuf.o)
                0x08002f28                __swbuf_r
 .text.__swsetup_r
                0x08002fd0       0xdc c:/program files (x86)/atollic/truestudio for arm 7.1.2/armtools/bin/../lib/gcc/arm-atollic-eabi/5.3.1/../../../../arm-atollic-eabi/lib/armv7e-m/fpu\libc_nano.a(lib_a-wsetup.o)
                0x08002fd0                __swsetup_r
 .text.__sflush_r
                0x080030ac      0x110 c:/program files (x86)/atollic/truestudio for arm 7.1.2/armtools/bin/../lib/gcc/arm-atollic-eabi/5.3.1/../../../../arm-atollic-eabi/lib/armv7e-m/fpu\libc_nano.a(lib_a-fflush.o)
                0x080030ac                __sflush_r
 .text._fflush_r
                0x080031bc       0x54 c:/program files (x86)/atollic/truestudio for arm 7.1.2/armtools/bin/../lib/gcc/arm-atollic-eabi/5.3.1/../../../../arm-atollic-eabi/lib/armv7e-m/fpu\libc_nano.a(lib_a-fflush.o)
                0x080031bc                _fflush_r
 .text._cleanup_r
                0x08003210        0xc c:/program files (x86)/atollic/truestudio for arm 7.1.2/armtools/bin/../lib/gcc/arm-atollic-eabi/5.3.1/../../../../arm-atollic-eabi/lib/armv7e-m/fpu\libc_nano.a(lib_a-findfp.o)
                0x08003210                _cleanup_r
 .text.std.isra.0
                0x0800321c       0x48 c:/program files (x86)/atollic/truestudio for arm 7.1.2/armtools/bin/../lib/gcc/arm-atollic-eabi/5.3.1/../../../../arm-atollic-eabi/lib/armv7e-m/fpu\libc_nano.a(lib_a-findfp.o)
 .text.__sfmoreglue
                0x08003264       0x2c c:/program files (x86)/atollic/truestudio for arm 7.1.2/armtools/bin/../lib/gcc/arm-atollic-eabi/5.3.1/../../../../arm-atollic-eabi/lib/armv7e-m/fpu\libc_nano.a(lib_a-findfp.o)
                0x08003264                __sfmoreglue
 .text.__sinit  0x08003290       0x60 c:/program files (x86)/atollic/truestudio for arm 7.1.2/armtools/bin/../lib/gcc/arm-atollic-eabi/5.3.1/../../../../arm-atollic-eabi/lib/armv7e-m/fpu\libc_nano.a(lib_a-findfp.o)
                0x08003290                __sinit
 .text.__sfp    0x080032f0       0x78 c:/program files (x86)/atollic/truestudio for arm 7.1.2/armtools/bin/../lib/gcc/arm-atollic-eabi/5.3.1/../../../../arm-atollic-eabi/lib/armv7e-m/fpu\libc_nano.a(lib_a-findfp.o)
                0x080032f0                __sfp
 .text._fwalk_reent
                0x08003368       0x3c c:/program files (x86)/atollic/truestudio for arm 7.1.2/armtools/bin/../lib/gcc/arm-atollic-eabi/5.3.1/../../../../arm-atollic-eabi/lib/armv7e-m/fpu\libc_nano.a(lib_a-fwalk.o)
                0x08003368                _fwalk_reent
 .text.__swhatbuf_r
                0x080033a4       0x46 c:/program files (x86)/atollic/truestudio for arm 7.1.2/armtools/bin/../lib/gcc/arm-atollic-eabi/5.3.1/../../../../arm-atollic-eabi/lib/armv7e-m/fpu\libc_nano.a(lib_a-makebuf.o)
                0x080033a4                __swhatbuf_r
 *fill*         0x080033ea        0x2 
 .text.__smakebuf_r
                0x080033ec       0x78 c:/program files (x86)/atollic/truestudio for arm 7.1.2/armtools/bin/../lib/gcc/arm-atollic-eabi/5.3.1/../../../../arm-atollic-eabi/lib/armv7e-m/fpu\libc_nano.a(lib_a-makebuf.o)
                0x080033ec                __smakebuf_r
 .text.__malloc_lock
                0x08003464        0x2 c:/program files (x86)/atollic/truestudio for arm 7.1.2/armtools/bin/../lib/gcc/arm-atollic-eabi/5.3.1/../../../../arm-atollic-eabi/lib/armv7e-m/fpu\libc_nano.a(lib_a-mlock.o)
                0x08003464                __malloc_lock
 .text.__malloc_unlock
                0x08003466        0x2 c:/program files (x86)/atollic/truestudio for arm 7.1.2/armtools/bin/../lib/gcc/arm-atollic-eabi/5.3.1/../../../../arm-atollic-eabi/lib/armv7e-m/fpu\libc_nano.a(lib_a-mlock.o)
                0x08003466                __malloc_unlock
 .text.__sread  0x08003468       0x22 c:/program files (x86)/atollic/truestudio for arm 7.1.2/armtools/bin/../lib/gcc/arm-atollic-eabi/5.3.1/../../../../arm-atollic-eabi/lib/armv7e-m/fpu\libc_nano.a(lib_a-stdio.o)
                0x08003468                __sread
 .text.__swrite
                0x0800348a       0x38 c:/program files (x86)/atollic/truestudio for arm 7.1.2/armtools/bin/../lib/gcc/arm-atollic-eabi/5.3.1/../../../../arm-atollic-eabi/lib/armv7e-m/fpu\libc_nano.a(lib_a-stdio.o)
                0x0800348a                __swrite
 .text.__sseek  0x080034c2       0x24 c:/program files (x86)/atollic/truestudio for arm 7.1.2/armtools/bin/../lib/gcc/arm-atollic-eabi/5.3.1/../../../../arm-atollic-eabi/lib/armv7e-m/fpu\libc_nano.a(lib_a-stdio.o)
                0x080034c2                __sseek
 .text.__sclose
                0x080034e6        0x8 c:/program files (x86)/atollic/truestudio for arm 7.1.2/armtools/bin/../lib/gcc/arm-atollic-eabi/5.3.1/../../../../arm-atollic-eabi/lib/armv7e-m/fpu\libc_nano.a(lib_a-stdio.o)
                0x080034e6                __sclose
 *fill*         0x080034ee        0x2 
 .text._write_r
                0x080034f0       0x24 c:/program files (x86)/atollic/truestudio for arm 7.1.2/armtools/bin/../lib/gcc/arm-atollic-eabi/5.3.1/../../../../arm-atollic-eabi/lib/armv7e-m/fpu\libc_nano.a(lib_a-writer.o)
                0x080034f0                _write_r
 .text._close_r
                0x08003514       0x20 c:/program files (x86)/atollic/truestudio for arm 7.1.2/armtools/bin/../lib/gcc/arm-atollic-eabi/5.3.1/../../../../arm-atollic-eabi/lib/armv7e-m/fpu\libc_nano.a(lib_a-closer.o)
                0x08003514                _close_r
 .text._fstat_r
                0x08003534       0x24 c:/program files (x86)/atollic/truestudio for arm 7.1.2/armtools/bin/../lib/gcc/arm-atollic-eabi/5.3.1/../../../../arm-atollic-eabi/lib/armv7e-m/fpu\libc_nano.a(lib_a-fstatr.o)
                0x08003534                _fstat_r
 .text._isatty_r
                0x08003558       0x20 c:/program files (x86)/atollic/truestudio for arm 7.1.2/armtools/bin/../lib/gcc/arm-atollic-eabi/5.3.1/../../../../arm-atollic-eabi/lib/armv7e-m/fpu\libc_nano.a(lib_a-isattyr.o)
                0x08003558                _isatty_r
 .text._lseek_r
                0x08003578       0x24 c:/program files (x86)/atollic/truestudio for arm 7.1.2/armtools/bin/../lib/gcc/arm-atollic-eabi/5.3.1/../../../../arm-atollic-eabi/lib/armv7e-m/fpu\libc_nano.a(lib_a-lseekr.o)
                0x08003578                _lseek_r
 .text._read_r  0x0800359c       0x24 c:/program files (x86)/atollic/truestudio for arm 7.1.2/armtools/bin/../lib/gcc/arm-atollic-eabi/5.3.1/../../../../arm-atollic-eabi/lib/armv7e-m/fpu\libc_nano.a(lib_a-readr.o)
                0x0800359c                _read_r
 *(.glue_7)
 .glue_7        0x080035c0        0x0 linker stubs
 *(.glue_7t)
 .glue_7t       0x080035c0        0x0 linker stubs
 *(.eh_frame)
 .eh_frame      0x080035c0        0x0 c:/program files (x86)/atollic/truestudio for arm 7.1.2/armtools/bin/../lib/gcc/arm-atollic-eabi/5.3.1/armv7e-m/fpu/crtbegin.o
 *(.init)
 .init          0x080035c0        0x4 c:/program files (x86)/atollic/truestudio for arm 7.1.2/armtools/bin/../lib/gcc/arm-atollic-eabi/5.3.1/armv7e-m/fpu/crti.o
                0x080035c0                _init
 .init          0x080035c4        0x8 c:/program files (x86)/atollic/truestudio for arm 7.1.2/armtools/bin/../lib/gcc/arm-atollic-eabi/5.3.1/armv7e-m/fpu/crtn.o
 *(.fini)
 .fini          0x080035cc        0x4 c:/program files (x86)/atollic/truestudio for arm 7.1.2/armtools/bin/../lib/gcc/arm-atollic-eabi/5.3.1/armv7e-m/fpu/crti.o
                0x080035cc                _fini
 .fini          0x080035d0        0x8 c:/program files (x86)/atollic/truestudio for arm 7.1.2/armtools/bin/../lib/gcc/arm-atollic-eabi/5.3.1/armv7e-m/fpu/crtn.o
                0x080035d8                . = ALIGN (0x4)
                0x080035d8                _etext = .

.vfp11_veneer   0x080035d8        0x0
 .vfp11_veneer  0x080035d8        0x0 linker stubs

.v4_bx          0x080035d8        0x0
 .v4_bx         0x080035d8        0x0 linker stubs

.iplt           0x080035d8        0x0
 .iplt          0x080035d8        0x0 c:/program files (x86)/atollic/truestudio for arm 7.1.2/armtools/bin/../lib/gcc/arm-atollic-eabi/5.3.1/armv7e-m/fpu/crtbegin.o

.rodata         0x080035d8       0xb8
                0x080035d8                . = ALIGN (0x4)
 *(.rodata)
 .rodata        0x080035d8        0xd src\main.o
 *(.rodata*)
 *fill*         0x080035e5        0x3 
 .rodata.APBAHBPrescTable
                0x080035e8       0x10 RTE\Device\STM32F446RETx\stm32f4xx_hal_rcc.o
                0x080035e8                APBAHBPrescTable
 .rodata._ZTV9NRF24L01p
                0x080035f8       0x10 components\NRF24L01p\NRF24L01p.o
                0x080035f8                vtable for NRF24L01p
 .rodata._ZTV15NRF24L01pDriver
                0x08003608       0x10 components\NRF24L01p\NRF24L01pDriver.o
                0x08003608                vtable for NRF24L01pDriver
 .rodata._ZTV13NRF24L01pPort
                0x08003618       0x10 components\NRF24L01p\port\stm32\NRF24L01pPort.o
                0x08003618                vtable for NRF24L01pPort
 .rodata.str1.1
                0x08003628        0x2 c:/program files (x86)/atollic/truestudio for arm 7.1.2/armtools/bin/../lib/gcc/arm-atollic-eabi/5.3.1/../../../../arm-atollic-eabi/lib/armv7e-m/fpu\libc_nano.a(lib_a-impure.o)
 *fill*         0x0800362a        0x2 
 .rodata._global_impure_ptr
                0x0800362c        0x4 c:/program files (x86)/atollic/truestudio for arm 7.1.2/armtools/bin/../lib/gcc/arm-atollic-eabi/5.3.1/../../../../arm-atollic-eabi/lib/armv7e-m/fpu\libc_nano.a(lib_a-impure.o)
                0x0800362c                _global_impure_ptr
 .rodata.__sf_fake_stdin
                0x08003630       0x20 c:/program files (x86)/atollic/truestudio for arm 7.1.2/armtools/bin/../lib/gcc/arm-atollic-eabi/5.3.1/../../../../arm-atollic-eabi/lib/armv7e-m/fpu\libc_nano.a(lib_a-findfp.o)
                0x08003630                __sf_fake_stdin
 .rodata.__sf_fake_stdout
                0x08003650       0x20 c:/program files (x86)/atollic/truestudio for arm 7.1.2/armtools/bin/../lib/gcc/arm-atollic-eabi/5.3.1/../../../../arm-atollic-eabi/lib/armv7e-m/fpu\libc_nano.a(lib_a-findfp.o)
                0x08003650                __sf_fake_stdout
 .rodata.__sf_fake_stderr
                0x08003670       0x20 c:/program files (x86)/atollic/truestudio for arm 7.1.2/armtools/bin/../lib/gcc/arm-atollic-eabi/5.3.1/../../../../arm-atollic-eabi/lib/armv7e-m/fpu\libc_nano.a(lib_a-findfp.o)
                0x08003670                __sf_fake_stderr
                0x08003690                . = ALIGN (0x4)

.rel.dyn        0x08003690        0x0
 .rel.iplt      0x08003690        0x0 c:/program files (x86)/atollic/truestudio for arm 7.1.2/armtools/bin/../lib/gcc/arm-atollic-eabi/5.3.1/armv7e-m/fpu/crtbegin.o

.ARM.extab
 *(.ARM.extab* .gnu.linkonce.armextab.*)

.ARM            0x08003690        0x0
                0x08003690                __exidx_start = .
 *(.ARM.exidx*)
                0x08003690                __exidx_end = .

.preinit_array  0x08003690        0x0
                0x08003690                PROVIDE (__preinit_array_start, .)
 *(.preinit_array*)
                0x08003690                PROVIDE (__preinit_array_end, .)

.init_array     0x08003690        0x8
                0x08003690                PROVIDE (__init_array_start, .)
 *(SORT(.init_array.*))
 *(.init_array*)
 .init_array    0x08003690        0x4 c:/program files (x86)/atollic/truestudio for arm 7.1.2/armtools/bin/../lib/gcc/arm-atollic-eabi/5.3.1/armv7e-m/fpu/crtbegin.o
 .init_array    0x08003694        0x4 src\main.o
                0x08003698                PROVIDE (__init_array_end, .)

.fini_array     0x08003698        0x4
                [!provide]                PROVIDE (__fini_array_start, .)
 *(SORT(.fini_array.*))
 *(.fini_array*)
 .fini_array    0x08003698        0x4 c:/program files (x86)/atollic/truestudio for arm 7.1.2/armtools/bin/../lib/gcc/arm-atollic-eabi/5.3.1/armv7e-m/fpu/crtbegin.o
                [!provide]                PROVIDE (__fini_array_end, .)
                0x0800369c                _sidata = LOADADDR (.data)

.data           0x20000000       0x94 load address 0x0800369c
                0x20000000                . = ALIGN (0x4)
                0x20000000                _sdata = .
 *(.data)
 .data          0x20000000        0x4 c:/program files (x86)/atollic/truestudio for arm 7.1.2/armtools/bin/../lib/gcc/arm-atollic-eabi/5.3.1/armv7e-m/fpu/crtbegin.o
                0x20000000                __dso_handle
 *(.data*)
 .data.SystemCoreClock
                0x20000004        0x4 RTE\Device\STM32F446RETx\system_stm32f4xx.o
                0x20000004                SystemCoreClock
 .data._ZL23nrf24l01p_CE_pin_Struct
                0x20000008       0x14 components\NRF24L01p\port\stm32\NRF24L01pPort.o
 .data._ZL24nrf24l01p_CSN_pin_Struct
                0x2000001c       0x14 components\NRF24L01p\port\stm32\NRF24L01pPort.o
 .data.impure_data
                0x20000030       0x60 c:/program files (x86)/atollic/truestudio for arm 7.1.2/armtools/bin/../lib/gcc/arm-atollic-eabi/5.3.1/../../../../arm-atollic-eabi/lib/armv7e-m/fpu\libc_nano.a(lib_a-impure.o)
 .data._impure_ptr
                0x20000090        0x4 c:/program files (x86)/atollic/truestudio for arm 7.1.2/armtools/bin/../lib/gcc/arm-atollic-eabi/5.3.1/../../../../arm-atollic-eabi/lib/armv7e-m/fpu\libc_nano.a(lib_a-impure.o)
                0x20000090                _impure_ptr
                0x20000094                . = ALIGN (0x4)
                0x20000094                _edata = .

.igot.plt       0x20000094        0x0 load address 0x08003730
 .igot.plt      0x20000094        0x0 c:/program files (x86)/atollic/truestudio for arm 7.1.2/armtools/bin/../lib/gcc/arm-atollic-eabi/5.3.1/armv7e-m/fpu/crtbegin.o
                0x20000094                . = ALIGN (0x4)

.bss            0x20000098      0x5c4 load address 0x08003730
                0x20000098                _sbss = .
                0x20000098                __bss_start__ = _sbss
 *(.bss)
 .bss           0x20000098       0x1c c:/program files (x86)/atollic/truestudio for arm 7.1.2/armtools/bin/../lib/gcc/arm-atollic-eabi/5.3.1/armv7e-m/fpu/crtbegin.o
 *(.bss*)
 .bss.pxCurrentTCB
                0x200000b4        0x4 RTE\RTOS\tasks.o
                0x200000b4                pxCurrentTCB
 .bss.pxReadyTasksLists
                0x200000b8      0x460 RTE\RTOS\tasks.o
 .bss.pxDelayedTaskList
                0x20000518        0x4 RTE\RTOS\tasks.o
 .bss.pxOverflowDelayedTaskList
                0x2000051c        0x4 RTE\RTOS\tasks.o
 .bss.xTickCount
                0x20000520        0x4 RTE\RTOS\tasks.o
 .bss.uxTopReadyPriority
                0x20000524        0x4 RTE\RTOS\tasks.o
 .bss.uxPendedTicks
                0x20000528        0x4 RTE\RTOS\tasks.o
 .bss.xYieldPending
                0x2000052c        0x4 RTE\RTOS\tasks.o
 .bss.xNumOfOverflows
                0x20000530        0x4 RTE\RTOS\tasks.o
 .bss.xNextTaskUnblockTime
                0x20000534        0x4 RTE\RTOS\tasks.o
 .bss.uxSchedulerSuspended
                0x20000538        0x4 RTE\RTOS\tasks.o
 .bss._ZL19nrf24l01p_SpiHandle
                0x2000053c       0x58 components\NRF24L01p\port\stm32\NRF24L01pPort.o
 *fill*         0x20000594        0x4 
 .bss.Radio     0x20000598       0xb0 src\main.o
                0x20000598                Radio
 .bss.heap_end.7290
                0x20000648        0x4 src\syscalls.o
 .bss.__malloc_sbrk_start
                0x2000064c        0x4 c:/program files (x86)/atollic/truestudio for arm 7.1.2/armtools/bin/../lib/gcc/arm-atollic-eabi/5.3.1/../../../../arm-atollic-eabi/lib/armv7e-m/fpu\libc_nano.a(lib_a-nano-mallocr.o)
                0x2000064c                __malloc_sbrk_start
 .bss.__malloc_free_list
                0x20000650        0x4 c:/program files (x86)/atollic/truestudio for arm 7.1.2/armtools/bin/../lib/gcc/arm-atollic-eabi/5.3.1/../../../../arm-atollic-eabi/lib/armv7e-m/fpu\libc_nano.a(lib_a-nano-mallocr.o)
                0x20000650                __malloc_free_list
 *(COMMON)
 COMMON         0x20000654        0x4 RTE\Device\STM32F446RETx\stm32f4xx_hal.o
                0x20000654                uwTick
 COMMON         0x20000658        0x4 c:/program files (x86)/atollic/truestudio for arm 7.1.2/armtools/bin/../lib/gcc/arm-atollic-eabi/5.3.1/../../../../arm-atollic-eabi/lib/armv7e-m/fpu\libc_nano.a(lib_a-reent.o)
                0x20000658                errno
                0x2000065c                . = ALIGN (0x4)
                0x2000065c                _ebss = .
                0x2000065c                __bss_end__ = _ebss

._user_heap_stack
                0x2000065c      0x604 load address 0x08003730
                0x20000660                . = ALIGN (0x8)
 *fill*         0x2000065c        0x4 
                0x20000660                PROVIDE (end, .)
                [!provide]                PROVIDE (_end, .)
                0x20000860                . = (. + _Min_Heap_Size)
 *fill*         0x20000660      0x200 
                0x20000c60                . = (. + _Min_Stack_Size)
 *fill*         0x20000860      0x400 
                0x20000c60                . = ALIGN (0x8)

/DISCARD/
 libc.a(*)
 libm.a(*)
 libgcc.a(*)

.ARM.attributes
                0x00000000       0x30
 *(.ARM.attributes)
 .ARM.attributes
                0x00000000       0x22 c:/program files (x86)/atollic/truestudio for arm 7.1.2/armtools/bin/../lib/gcc/arm-atollic-eabi/5.3.1/armv7e-m/fpu/crti.o
 .ARM.attributes
                0x00000022       0x34 c:/program files (x86)/atollic/truestudio for arm 7.1.2/armtools/bin/../lib/gcc/arm-atollic-eabi/5.3.1/armv7e-m/fpu/crtbegin.o
 .ARM.attributes
                0x00000056       0x39 RTE\CMSIS\cmsis_os2.o
 .ARM.attributes
                0x0000008f       0x21 RTE\Device\STM32F446RETx\startup_stm32f446xx.o
 .ARM.attributes
                0x000000b0       0x39 RTE\Device\STM32F446RETx\stm32f4xx_hal.o
 .ARM.attributes
                0x000000e9       0x39 RTE\Device\STM32F446RETx\stm32f4xx_hal_cortex.o
 .ARM.attributes
                0x00000122       0x39 RTE\Device\STM32F446RETx\stm32f4xx_hal_gpio.o
 .ARM.attributes
                0x0000015b       0x39 RTE\Device\STM32F446RETx\stm32f4xx_hal_pwr_ex.o
 .ARM.attributes
                0x00000194       0x39 RTE\Device\STM32F446RETx\stm32f4xx_hal_rcc.o
 .ARM.attributes
                0x000001cd       0x39 RTE\Device\STM32F446RETx\stm32f4xx_hal_rcc_ex.o
 .ARM.attributes
                0x00000206       0x39 RTE\Device\STM32F446RETx\stm32f4xx_hal_spi.o
 .ARM.attributes
                0x0000023f       0x39 RTE\Device\STM32F446RETx\system_stm32f4xx.o
 .ARM.attributes
                0x00000278       0x39 RTE\RTOS\FreeRTOS_Tick_Config.o
 .ARM.attributes
                0x000002b1       0x39 RTE\RTOS\list.o
 .ARM.attributes
                0x000002ea       0x39 RTE\RTOS\port.o
 .ARM.attributes
                0x00000323       0x39 RTE\RTOS\tasks.o
 .ARM.attributes
                0x0000035c       0x39 components\NRF24L01p\NRF24L01p.o
 .ARM.attributes
                0x00000395       0x39 components\NRF24L01p\NRF24L01pDriver.o
 .ARM.attributes
                0x000003ce       0x39 components\NRF24L01p\port\stm32\NRF24L01pPort.o
 .ARM.attributes
                0x00000407       0x39 src\main.o
 .ARM.attributes
                0x00000440       0x39 src\syscalls.o
 .ARM.attributes
                0x00000479       0x34 c:/program files (x86)/atollic/truestudio for arm 7.1.2/armtools/bin/../lib/gcc/arm-atollic-eabi/5.3.1/../../../../arm-atollic-eabi/lib/armv7e-m/fpu\libstdc++_nano.a(atexit_arm.o)
 .ARM.attributes
                0x000004ad       0x34 c:/program files (x86)/atollic/truestudio for arm 7.1.2/armtools/bin/../lib/gcc/arm-atollic-eabi/5.3.1/../../../../arm-atollic-eabi/lib/armv7e-m/fpu\libstdc++_nano.a(del_op.o)
 .ARM.attributes
                0x000004e1       0x34 c:/program files (x86)/atollic/truestudio for arm 7.1.2/armtools/bin/../lib/gcc/arm-atollic-eabi/5.3.1/../../../../arm-atollic-eabi/lib/armv7e-m/fpu\libc_nano.a(lib_a-cxa_atexit.o)
 .ARM.attributes
                0x00000515       0x34 c:/program files (x86)/atollic/truestudio for arm 7.1.2/armtools/bin/../lib/gcc/arm-atollic-eabi/5.3.1/../../../../arm-atollic-eabi/lib/armv7e-m/fpu\libc_nano.a(lib_a-impure.o)
 .ARM.attributes
                0x00000549       0x34 c:/program files (x86)/atollic/truestudio for arm 7.1.2/armtools/bin/../lib/gcc/arm-atollic-eabi/5.3.1/../../../../arm-atollic-eabi/lib/armv7e-m/fpu\libc_nano.a(lib_a-init.o)
 .ARM.attributes
                0x0000057d       0x34 c:/program files (x86)/atollic/truestudio for arm 7.1.2/armtools/bin/../lib/gcc/arm-atollic-eabi/5.3.1/../../../../arm-atollic-eabi/lib/armv7e-m/fpu\libc_nano.a(lib_a-malloc.o)
 .ARM.attributes
                0x000005b1       0x34 c:/program files (x86)/atollic/truestudio for arm 7.1.2/armtools/bin/../lib/gcc/arm-atollic-eabi/5.3.1/../../../../arm-atollic-eabi/lib/armv7e-m/fpu\libc_nano.a(lib_a-memset.o)
 .ARM.attributes
                0x000005e5       0x34 c:/program files (x86)/atollic/truestudio for arm 7.1.2/armtools/bin/../lib/gcc/arm-atollic-eabi/5.3.1/../../../../arm-atollic-eabi/lib/armv7e-m/fpu\libc_nano.a(lib_a-nano-freer.o)
 .ARM.attributes
                0x00000619       0x34 c:/program files (x86)/atollic/truestudio for arm 7.1.2/armtools/bin/../lib/gcc/arm-atollic-eabi/5.3.1/../../../../arm-atollic-eabi/lib/armv7e-m/fpu\libc_nano.a(lib_a-nano-mallocr.o)
 .ARM.attributes
                0x0000064d       0x34 c:/program files (x86)/atollic/truestudio for arm 7.1.2/armtools/bin/../lib/gcc/arm-atollic-eabi/5.3.1/../../../../arm-atollic-eabi/lib/armv7e-m/fpu\libc_nano.a(lib_a-puts.o)
 .ARM.attributes
                0x00000681       0x34 c:/program files (x86)/atollic/truestudio for arm 7.1.2/armtools/bin/../lib/gcc/arm-atollic-eabi/5.3.1/../../../../arm-atollic-eabi/lib/armv7e-m/fpu\libc_nano.a(lib_a-reent.o)
 .ARM.attributes
                0x000006b5       0x34 c:/program files (x86)/atollic/truestudio for arm 7.1.2/armtools/bin/../lib/gcc/arm-atollic-eabi/5.3.1/../../../../arm-atollic-eabi/lib/armv7e-m/fpu\libc_nano.a(lib_a-sbrkr.o)
 .ARM.attributes
                0x000006e9       0x34 c:/program files (x86)/atollic/truestudio for arm 7.1.2/armtools/bin/../lib/gcc/arm-atollic-eabi/5.3.1/../../../../arm-atollic-eabi/lib/armv7e-m/fpu\libc_nano.a(lib_a-wbuf.o)
 .ARM.attributes
                0x0000071d       0x34 c:/program files (x86)/atollic/truestudio for arm 7.1.2/armtools/bin/../lib/gcc/arm-atollic-eabi/5.3.1/../../../../arm-atollic-eabi/lib/armv7e-m/fpu\libc_nano.a(lib_a-wsetup.o)
 .ARM.attributes
                0x00000751       0x34 c:/program files (x86)/atollic/truestudio for arm 7.1.2/armtools/bin/../lib/gcc/arm-atollic-eabi/5.3.1/../../../../arm-atollic-eabi/lib/armv7e-m/fpu\libc_nano.a(lib_a-fflush.o)
 .ARM.attributes
                0x00000785       0x34 c:/program files (x86)/atollic/truestudio for arm 7.1.2/armtools/bin/../lib/gcc/arm-atollic-eabi/5.3.1/../../../../arm-atollic-eabi/lib/armv7e-m/fpu\libc_nano.a(lib_a-findfp.o)
 .ARM.attributes
                0x000007b9       0x34 c:/program files (x86)/atollic/truestudio for arm 7.1.2/armtools/bin/../lib/gcc/arm-atollic-eabi/5.3.1/../../../../arm-atollic-eabi/lib/armv7e-m/fpu\libc_nano.a(lib_a-fwalk.o)
 .ARM.attributes
                0x000007ed       0x34 c:/program files (x86)/atollic/truestudio for arm 7.1.2/armtools/bin/../lib/gcc/arm-atollic-eabi/5.3.1/../../../../arm-atollic-eabi/lib/armv7e-m/fpu\libc_nano.a(lib_a-makebuf.o)
 .ARM.attributes
                0x00000821       0x34 c:/program files (x86)/atollic/truestudio for arm 7.1.2/armtools/bin/../lib/gcc/arm-atollic-eabi/5.3.1/../../../../arm-atollic-eabi/lib/armv7e-m/fpu\libc_nano.a(lib_a-mlock.o)
 .ARM.attributes
                0x00000855       0x34 c:/program files (x86)/atollic/truestudio for arm 7.1.2/armtools/bin/../lib/gcc/arm-atollic-eabi/5.3.1/../../../../arm-atollic-eabi/lib/armv7e-m/fpu\libc_nano.a(lib_a-stdio.o)
 .ARM.attributes
                0x00000889       0x34 c:/program files (x86)/atollic/truestudio for arm 7.1.2/armtools/bin/../lib/gcc/arm-atollic-eabi/5.3.1/../../../../arm-atollic-eabi/lib/armv7e-m/fpu\libc_nano.a(lib_a-writer.o)
 .ARM.attributes
                0x000008bd       0x34 c:/program files (x86)/atollic/truestudio for arm 7.1.2/armtools/bin/../lib/gcc/arm-atollic-eabi/5.3.1/../../../../arm-atollic-eabi/lib/armv7e-m/fpu\libc_nano.a(lib_a-closer.o)
 .ARM.attributes
                0x000008f1       0x34 c:/program files (x86)/atollic/truestudio for arm 7.1.2/armtools/bin/../lib/gcc/arm-atollic-eabi/5.3.1/../../../../arm-atollic-eabi/lib/armv7e-m/fpu\libc_nano.a(lib_a-fstatr.o)
 .ARM.attributes
                0x00000925       0x34 c:/program files (x86)/atollic/truestudio for arm 7.1.2/armtools/bin/../lib/gcc/arm-atollic-eabi/5.3.1/../../../../arm-atollic-eabi/lib/armv7e-m/fpu\libc_nano.a(lib_a-isattyr.o)
 .ARM.attributes
                0x00000959       0x34 c:/program files (x86)/atollic/truestudio for arm 7.1.2/armtools/bin/../lib/gcc/arm-atollic-eabi/5.3.1/../../../../arm-atollic-eabi/lib/armv7e-m/fpu\libc_nano.a(lib_a-lseekr.o)
 .ARM.attributes
                0x0000098d       0x34 c:/program files (x86)/atollic/truestudio for arm 7.1.2/armtools/bin/../lib/gcc/arm-atollic-eabi/5.3.1/../../../../arm-atollic-eabi/lib/armv7e-m/fpu\libc_nano.a(lib_a-readr.o)
 .ARM.attributes
                0x000009c1       0x22 c:/program files (x86)/atollic/truestudio for arm 7.1.2/armtools/bin/../lib/gcc/arm-atollic-eabi/5.3.1/armv7e-m/fpu/crtn.o
OUTPUT(Vulture.elf elf32-littlearm)

.debug_info     0x00000000     0xfab8
 .debug_info    0x00000000     0x38a7 RTE\CMSIS\cmsis_os2.o
 .debug_info    0x000038a7       0x9a RTE\Device\STM32F446RETx\startup_stm32f446xx.o
 .debug_info    0x00003941      0x8a2 RTE\Device\STM32F446RETx\stm32f4xx_hal.o
 .debug_info    0x000041e3      0xd4a RTE\Device\STM32F446RETx\stm32f4xx_hal_cortex.o
 .debug_info    0x00004f2d      0x769 RTE\Device\STM32F446RETx\stm32f4xx_hal_gpio.o
 .debug_info    0x00005696      0x871 RTE\Device\STM32F446RETx\stm32f4xx_hal_pwr_ex.o
 .debug_info    0x00005f07      0xb74 RTE\Device\STM32F446RETx\stm32f4xx_hal_rcc.o
 .debug_info    0x00006a7b     0x1314 RTE\Device\STM32F446RETx\stm32f4xx_hal_rcc_ex.o
 .debug_info    0x00007d8f     0x13b8 RTE\Device\STM32F446RETx\stm32f4xx_hal_spi.o
 .debug_info    0x00009147      0x51d RTE\Device\STM32F446RETx\system_stm32f4xx.o
 .debug_info    0x00009664      0x123 RTE\RTOS\FreeRTOS_Tick_Config.o
 .debug_info    0x00009787      0x2cf RTE\RTOS\list.o
 .debug_info    0x00009a56      0x31d RTE\RTOS\port.o
 .debug_info    0x00009d73     0x1b1b RTE\RTOS\tasks.o
 .debug_info    0x0000b88e      0x97e components\NRF24L01p\NRF24L01p.o
 .debug_info    0x0000c20c     0x1a7e components\NRF24L01p\NRF24L01pDriver.o
 .debug_info    0x0000dc8a      0xe14 components\NRF24L01p\port\stm32\NRF24L01pPort.o
 .debug_info    0x0000ea9e      0x5dd src\main.o
 .debug_info    0x0000f07b      0xa3d src\syscalls.o

.debug_abbrev   0x00000000     0x254d
 .debug_abbrev  0x00000000      0x36f RTE\CMSIS\cmsis_os2.o
 .debug_abbrev  0x0000036f       0x12 RTE\Device\STM32F446RETx\startup_stm32f446xx.o
 .debug_abbrev  0x00000381      0x20c RTE\Device\STM32F446RETx\stm32f4xx_hal.o
 .debug_abbrev  0x0000058d      0x2c9 RTE\Device\STM32F446RETx\stm32f4xx_hal_cortex.o
 .debug_abbrev  0x00000856      0x1ac RTE\Device\STM32F446RETx\stm32f4xx_hal_gpio.o
 .debug_abbrev  0x00000a02      0x1dc RTE\Device\STM32F446RETx\stm32f4xx_hal_pwr_ex.o
 .debug_abbrev  0x00000bde      0x2b0 RTE\Device\STM32F446RETx\stm32f4xx_hal_rcc.o
 .debug_abbrev  0x00000e8e      0x234 RTE\Device\STM32F446RETx\stm32f4xx_hal_rcc_ex.o
 .debug_abbrev  0x000010c2      0x1ff RTE\Device\STM32F446RETx\stm32f4xx_hal_spi.o
 .debug_abbrev  0x000012c1      0x101 RTE\Device\STM32F446RETx\system_stm32f4xx.o
 .debug_abbrev  0x000013c2       0xa6 RTE\RTOS\FreeRTOS_Tick_Config.o
 .debug_abbrev  0x00001468       0xd8 RTE\RTOS\list.o
 .debug_abbrev  0x00001540      0x1c5 RTE\RTOS\port.o
 .debug_abbrev  0x00001705      0x2be RTE\RTOS\tasks.o
 .debug_abbrev  0x000019c3      0x293 components\NRF24L01p\NRF24L01p.o
 .debug_abbrev  0x00001c56      0x265 components\NRF24L01p\NRF24L01pDriver.o
 .debug_abbrev  0x00001ebb      0x29e components\NRF24L01p\port\stm32\NRF24L01pPort.o
 .debug_abbrev  0x00002159      0x1c8 src\main.o
 .debug_abbrev  0x00002321      0x22c src\syscalls.o

.debug_aranges  0x00000000      0xe88
 .debug_aranges
                0x00000000      0x228 RTE\CMSIS\cmsis_os2.o
 .debug_aranges
                0x00000228       0x28 RTE\Device\STM32F446RETx\startup_stm32f446xx.o
 .debug_aranges
                0x00000250       0xc0 RTE\Device\STM32F446RETx\stm32f4xx_hal.o
 .debug_aranges
                0x00000310      0x108 RTE\Device\STM32F446RETx\stm32f4xx_hal_cortex.o
 .debug_aranges
                0x00000418       0x58 RTE\Device\STM32F446RETx\stm32f4xx_hal_gpio.o
 .debug_aranges
                0x00000470       0x60 RTE\Device\STM32F446RETx\stm32f4xx_hal_pwr_ex.o
 .debug_aranges
                0x000004d0       0x88 RTE\Device\STM32F446RETx\stm32f4xx_hal_rcc.o
 .debug_aranges
                0x00000558       0x58 RTE\Device\STM32F446RETx\stm32f4xx_hal_rcc_ex.o
 .debug_aranges
                0x000005b0      0x1b0 RTE\Device\STM32F446RETx\stm32f4xx_hal_spi.o
 .debug_aranges
                0x00000760       0x28 RTE\Device\STM32F446RETx\system_stm32f4xx.o
 .debug_aranges
                0x00000788       0x20 RTE\RTOS\FreeRTOS_Tick_Config.o
 .debug_aranges
                0x000007a8       0x40 RTE\RTOS\list.o
 .debug_aranges
                0x000007e8       0x78 RTE\RTOS\port.o
 .debug_aranges
                0x00000860      0x1e8 RTE\RTOS\tasks.o
 .debug_aranges
                0x00000a48       0x88 components\NRF24L01p\NRF24L01p.o
 .debug_aranges
                0x00000ad0      0x230 components\NRF24L01p\NRF24L01pDriver.o
 .debug_aranges
                0x00000d00       0x78 components\NRF24L01p\port\stm32\NRF24L01pPort.o
 .debug_aranges
                0x00000d78       0x40 src\main.o
 .debug_aranges
                0x00000db8       0xd0 src\syscalls.o

.debug_ranges   0x00000000      0xd60
 .debug_ranges  0x00000000      0x218 RTE\CMSIS\cmsis_os2.o
 .debug_ranges  0x00000218       0x20 RTE\Device\STM32F446RETx\startup_stm32f446xx.o
 .debug_ranges  0x00000238       0xb0 RTE\Device\STM32F446RETx\stm32f4xx_hal.o
 .debug_ranges  0x000002e8       0xf8 RTE\Device\STM32F446RETx\stm32f4xx_hal_cortex.o
 .debug_ranges  0x000003e0       0x48 RTE\Device\STM32F446RETx\stm32f4xx_hal_gpio.o
 .debug_ranges  0x00000428       0x50 RTE\Device\STM32F446RETx\stm32f4xx_hal_pwr_ex.o
 .debug_ranges  0x00000478       0x78 RTE\Device\STM32F446RETx\stm32f4xx_hal_rcc.o
 .debug_ranges  0x000004f0       0x48 RTE\Device\STM32F446RETx\stm32f4xx_hal_rcc_ex.o
 .debug_ranges  0x00000538      0x1a0 RTE\Device\STM32F446RETx\stm32f4xx_hal_spi.o
 .debug_ranges  0x000006d8       0x18 RTE\Device\STM32F446RETx\system_stm32f4xx.o
 .debug_ranges  0x000006f0       0x10 RTE\RTOS\FreeRTOS_Tick_Config.o
 .debug_ranges  0x00000700       0x30 RTE\RTOS\list.o
 .debug_ranges  0x00000730       0x68 RTE\RTOS\port.o
 .debug_ranges  0x00000798      0x1d8 RTE\RTOS\tasks.o
 .debug_ranges  0x00000970       0x78 components\NRF24L01p\NRF24L01p.o
 .debug_ranges  0x000009e8      0x220 components\NRF24L01p\NRF24L01pDriver.o
 .debug_ranges  0x00000c08       0x68 components\NRF24L01p\port\stm32\NRF24L01pPort.o
 .debug_ranges  0x00000c70       0x30 src\main.o
 .debug_ranges  0x00000ca0       0xc0 src\syscalls.o

.debug_line     0x00000000     0x7adc
 .debug_line    0x00000000     0x1c2a RTE\CMSIS\cmsis_os2.o
 .debug_line    0x00001c2a       0x90 RTE\Device\STM32F446RETx\startup_stm32f446xx.o
 .debug_line    0x00001cba      0x4a2 RTE\Device\STM32F446RETx\stm32f4xx_hal.o
 .debug_line    0x0000215c      0x5d2 RTE\Device\STM32F446RETx\stm32f4xx_hal_cortex.o
 .debug_line    0x0000272e      0x4bb RTE\Device\STM32F446RETx\stm32f4xx_hal_gpio.o
 .debug_line    0x00002be9      0x452 RTE\Device\STM32F446RETx\stm32f4xx_hal_pwr_ex.o
 .debug_line    0x0000303b      0x666 RTE\Device\STM32F446RETx\stm32f4xx_hal_rcc.o
 .debug_line    0x000036a1      0x980 RTE\Device\STM32F446RETx\stm32f4xx_hal_rcc_ex.o
 .debug_line    0x00004021      0xc3f RTE\Device\STM32F446RETx\stm32f4xx_hal_spi.o
 .debug_line    0x00004c60      0x24c RTE\Device\STM32F446RETx\system_stm32f4xx.o
 .debug_line    0x00004eac      0x190 RTE\RTOS\FreeRTOS_Tick_Config.o
 .debug_line    0x0000503c      0x2f0 RTE\RTOS\list.o
 .debug_line    0x0000532c      0x442 RTE\RTOS\port.o
 .debug_line    0x0000576e      0xd53 RTE\RTOS\tasks.o
 .debug_line    0x000064c1      0x34e components\NRF24L01p\NRF24L01p.o
 .debug_line    0x0000680f      0x748 components\NRF24L01p\NRF24L01pDriver.o
 .debug_line    0x00006f57      0x41f components\NRF24L01p\port\stm32\NRF24L01pPort.o
 .debug_line    0x00007376      0x33f src\main.o
 .debug_line    0x000076b5      0x427 src\syscalls.o

.debug_str      0x00000000     0x62d5
 .debug_str     0x00000000     0x13b7 RTE\CMSIS\cmsis_os2.o
                               0x149f (size before relaxing)
 .debug_str     0x000013b7      0x8be RTE\Device\STM32F446RETx\stm32f4xx_hal.o
                                0xb1d (size before relaxing)
 .debug_str     0x00001c75      0x4d9 RTE\Device\STM32F446RETx\stm32f4xx_hal_cortex.o
                                0xca7 (size before relaxing)
 .debug_str     0x0000214e      0x1d3 RTE\Device\STM32F446RETx\stm32f4xx_hal_gpio.o
                                0x582 (size before relaxing)
 .debug_str     0x00002321      0x184 RTE\Device\STM32F446RETx\stm32f4xx_hal_pwr_ex.o
                                0x575 (size before relaxing)
 .debug_str     0x000024a5      0x2c2 RTE\Device\STM32F446RETx\stm32f4xx_hal_rcc.o
                                0x73b (size before relaxing)
 .debug_str     0x00002767      0x2f4 RTE\Device\STM32F446RETx\stm32f4xx_hal_rcc_ex.o
                                0x7b6 (size before relaxing)
 .debug_str     0x00002a5b      0x852 RTE\Device\STM32F446RETx\stm32f4xx_hal_spi.o
                                0xb9a (size before relaxing)
 .debug_str     0x000032ad       0x68 RTE\Device\STM32F446RETx\system_stm32f4xx.o
                                0x3ea (size before relaxing)
 .debug_str     0x00003315       0x33 RTE\RTOS\FreeRTOS_Tick_Config.o
                                0x22d (size before relaxing)
 .debug_str     0x00003348      0x143 RTE\RTOS\list.o
                                0x358 (size before relaxing)
 .debug_str     0x0000348b      0x164 RTE\RTOS\port.o
                                0x3cc (size before relaxing)
 .debug_str     0x000035ef      0xb90 RTE\RTOS\tasks.o
                               0x1132 (size before relaxing)
 .debug_str     0x0000417f      0x8df components\NRF24L01p\NRF24L01p.o
                                0xa5d (size before relaxing)
 .debug_str     0x00004a5e     0x10cd components\NRF24L01p\NRF24L01pDriver.o
                               0x152a (size before relaxing)
 .debug_str     0x00005b2b      0x3f0 components\NRF24L01p\port\stm32\NRF24L01pPort.o
                                0xc61 (size before relaxing)
 .debug_str     0x00005f1b      0x11b src\main.o
                                0x660 (size before relaxing)
 .debug_str     0x00006036      0x29f src\syscalls.o
                                0x536 (size before relaxing)

.comment        0x00000000       0x7e
 .comment       0x00000000       0x7e RTE\CMSIS\cmsis_os2.o
                                 0x7f (size before relaxing)
 .comment       0x0000007e       0x7f RTE\Device\STM32F446RETx\stm32f4xx_hal.o
 .comment       0x0000007e       0x7f RTE\Device\STM32F446RETx\stm32f4xx_hal_cortex.o
 .comment       0x0000007e       0x7f RTE\Device\STM32F446RETx\stm32f4xx_hal_gpio.o
 .comment       0x0000007e       0x7f RTE\Device\STM32F446RETx\stm32f4xx_hal_pwr_ex.o
 .comment       0x0000007e       0x7f RTE\Device\STM32F446RETx\stm32f4xx_hal_rcc.o
 .comment       0x0000007e       0x7f RTE\Device\STM32F446RETx\stm32f4xx_hal_rcc_ex.o
 .comment       0x0000007e       0x7f RTE\Device\STM32F446RETx\stm32f4xx_hal_spi.o
 .comment       0x0000007e       0x7f RTE\Device\STM32F446RETx\system_stm32f4xx.o
 .comment       0x0000007e       0x7f RTE\RTOS\FreeRTOS_Tick_Config.o
 .comment       0x0000007e       0x7f RTE\RTOS\list.o
 .comment       0x0000007e       0x7f RTE\RTOS\port.o
 .comment       0x0000007e       0x7f RTE\RTOS\tasks.o
 .comment       0x0000007e       0x7f components\NRF24L01p\NRF24L01p.o
 .comment       0x0000007e       0x7f components\NRF24L01p\NRF24L01pDriver.o
 .comment       0x0000007e       0x7f components\NRF24L01p\port\stm32\NRF24L01pPort.o
 .comment       0x0000007e       0x7f src\main.o
 .comment       0x0000007e       0x7f src\syscalls.o

.debug_frame    0x00000000     0x4154
 .debug_frame   0x00000000      0x98c RTE\CMSIS\cmsis_os2.o
 .debug_frame   0x0000098c      0x2c0 RTE\Device\STM32F446RETx\stm32f4xx_hal.o
 .debug_frame   0x00000c4c      0x450 RTE\Device\STM32F446RETx\stm32f4xx_hal_cortex.o
 .debug_frame   0x0000109c      0x14c RTE\Device\STM32F446RETx\stm32f4xx_hal_gpio.o
 .debug_frame   0x000011e8      0x158 RTE\Device\STM32F446RETx\stm32f4xx_hal_pwr_ex.o
 .debug_frame   0x00001340      0x200 RTE\Device\STM32F446RETx\stm32f4xx_hal_rcc.o
 .debug_frame   0x00001540      0x148 RTE\Device\STM32F446RETx\stm32f4xx_hal_rcc_ex.o
 .debug_frame   0x00001688      0x78c RTE\Device\STM32F446RETx\stm32f4xx_hal_spi.o
 .debug_frame   0x00001e14       0x58 RTE\Device\STM32F446RETx\system_stm32f4xx.o
 .debug_frame   0x00001e6c       0x2c RTE\RTOS\FreeRTOS_Tick_Config.o
 .debug_frame   0x00001e98       0xd8 RTE\RTOS\list.o
 .debug_frame   0x00001f70      0x164 RTE\RTOS\port.o
 .debug_frame   0x000020d4      0x860 RTE\RTOS\tasks.o
 .debug_frame   0x00002934      0x220 components\NRF24L01p\NRF24L01p.o
 .debug_frame   0x00002b54      0x9a4 components\NRF24L01p\NRF24L01pDriver.o
 .debug_frame   0x000034f8      0x1d0 components\NRF24L01p\port\stm32\NRF24L01pPort.o
 .debug_frame   0x000036c8       0xa8 src\main.o
 .debug_frame   0x00003770      0x380 src\syscalls.o
 .debug_frame   0x00003af0       0x20 c:/program files (x86)/atollic/truestudio for arm 7.1.2/armtools/bin/../lib/gcc/arm-atollic-eabi/5.3.1/../../../../arm-atollic-eabi/lib/armv7e-m/fpu\libstdc++_nano.a(atexit_arm.o)
 .debug_frame   0x00003b10       0x20 c:/program files (x86)/atollic/truestudio for arm 7.1.2/armtools/bin/../lib/gcc/arm-atollic-eabi/5.3.1/../../../../arm-atollic-eabi/lib/armv7e-m/fpu\libstdc++_nano.a(del_op.o)
 .debug_frame   0x00003b30       0x28 c:/program files (x86)/atollic/truestudio for arm 7.1.2/armtools/bin/../lib/gcc/arm-atollic-eabi/5.3.1/../../../../arm-atollic-eabi/lib/armv7e-m/fpu\libc_nano.a(lib_a-cxa_atexit.o)
 .debug_frame   0x00003b58       0x2c c:/program files (x86)/atollic/truestudio for arm 7.1.2/armtools/bin/../lib/gcc/arm-atollic-eabi/5.3.1/../../../../arm-atollic-eabi/lib/armv7e-m/fpu\libc_nano.a(lib_a-init.o)
 .debug_frame   0x00003b84       0x30 c:/program files (x86)/atollic/truestudio for arm 7.1.2/armtools/bin/../lib/gcc/arm-atollic-eabi/5.3.1/../../../../arm-atollic-eabi/lib/armv7e-m/fpu\libc_nano.a(lib_a-malloc.o)
 .debug_frame   0x00003bb4       0x20 c:/program files (x86)/atollic/truestudio for arm 7.1.2/armtools/bin/../lib/gcc/arm-atollic-eabi/5.3.1/../../../../arm-atollic-eabi/lib/armv7e-m/fpu\libc_nano.a(lib_a-memset.o)
 .debug_frame   0x00003bd4       0x38 c:/program files (x86)/atollic/truestudio for arm 7.1.2/armtools/bin/../lib/gcc/arm-atollic-eabi/5.3.1/../../../../arm-atollic-eabi/lib/armv7e-m/fpu\libc_nano.a(lib_a-nano-freer.o)
 .debug_frame   0x00003c0c       0x2c c:/program files (x86)/atollic/truestudio for arm 7.1.2/armtools/bin/../lib/gcc/arm-atollic-eabi/5.3.1/../../../../arm-atollic-eabi/lib/armv7e-m/fpu\libc_nano.a(lib_a-nano-mallocr.o)
 .debug_frame   0x00003c38       0x3c c:/program files (x86)/atollic/truestudio for arm 7.1.2/armtools/bin/../lib/gcc/arm-atollic-eabi/5.3.1/../../../../arm-atollic-eabi/lib/armv7e-m/fpu\libc_nano.a(lib_a-puts.o)
 .debug_frame   0x00003c74       0x5c c:/program files (x86)/atollic/truestudio for arm 7.1.2/armtools/bin/../lib/gcc/arm-atollic-eabi/5.3.1/../../../../arm-atollic-eabi/lib/armv7e-m/fpu\libc_nano.a(lib_a-reent.o)
 .debug_frame   0x00003cd0       0x2c c:/program files (x86)/atollic/truestudio for arm 7.1.2/armtools/bin/../lib/gcc/arm-atollic-eabi/5.3.1/../../../../arm-atollic-eabi/lib/armv7e-m/fpu\libc_nano.a(lib_a-sbrkr.o)
 .debug_frame   0x00003cfc       0x40 c:/program files (x86)/atollic/truestudio for arm 7.1.2/armtools/bin/../lib/gcc/arm-atollic-eabi/5.3.1/../../../../arm-atollic-eabi/lib/armv7e-m/fpu\libc_nano.a(lib_a-wbuf.o)
 .debug_frame   0x00003d3c       0x2c c:/program files (x86)/atollic/truestudio for arm 7.1.2/armtools/bin/../lib/gcc/arm-atollic-eabi/5.3.1/../../../../arm-atollic-eabi/lib/armv7e-m/fpu\libc_nano.a(lib_a-wsetup.o)
 .debug_frame   0x00003d68       0x68 c:/program files (x86)/atollic/truestudio for arm 7.1.2/armtools/bin/../lib/gcc/arm-atollic-eabi/5.3.1/../../../../arm-atollic-eabi/lib/armv7e-m/fpu\libc_nano.a(lib_a-fflush.o)
 .debug_frame   0x00003dd0      0x11c c:/program files (x86)/atollic/truestudio for arm 7.1.2/armtools/bin/../lib/gcc/arm-atollic-eabi/5.3.1/../../../../arm-atollic-eabi/lib/armv7e-m/fpu\libc_nano.a(lib_a-findfp.o)
 .debug_frame   0x00003eec       0x54 c:/program files (x86)/atollic/truestudio for arm 7.1.2/armtools/bin/../lib/gcc/arm-atollic-eabi/5.3.1/../../../../arm-atollic-eabi/lib/armv7e-m/fpu\libc_nano.a(lib_a-fwalk.o)
 .debug_frame   0x00003f40       0x54 c:/program files (x86)/atollic/truestudio for arm 7.1.2/armtools/bin/../lib/gcc/arm-atollic-eabi/5.3.1/../../../../arm-atollic-eabi/lib/armv7e-m/fpu\libc_nano.a(lib_a-makebuf.o)
 .debug_frame   0x00003f94       0x30 c:/program files (x86)/atollic/truestudio for arm 7.1.2/armtools/bin/../lib/gcc/arm-atollic-eabi/5.3.1/../../../../arm-atollic-eabi/lib/armv7e-m/fpu\libc_nano.a(lib_a-mlock.o)
 .debug_frame   0x00003fc4       0x88 c:/program files (x86)/atollic/truestudio for arm 7.1.2/armtools/bin/../lib/gcc/arm-atollic-eabi/5.3.1/../../../../arm-atollic-eabi/lib/armv7e-m/fpu\libc_nano.a(lib_a-stdio.o)
 .debug_frame   0x0000404c       0x2c c:/program files (x86)/atollic/truestudio for arm 7.1.2/armtools/bin/../lib/gcc/arm-atollic-eabi/5.3.1/../../../../arm-atollic-eabi/lib/armv7e-m/fpu\libc_nano.a(lib_a-writer.o)
 .debug_frame   0x00004078       0x2c c:/program files (x86)/atollic/truestudio for arm 7.1.2/armtools/bin/../lib/gcc/arm-atollic-eabi/5.3.1/../../../../arm-atollic-eabi/lib/armv7e-m/fpu\libc_nano.a(lib_a-closer.o)
 .debug_frame   0x000040a4       0x2c c:/program files (x86)/atollic/truestudio for arm 7.1.2/armtools/bin/../lib/gcc/arm-atollic-eabi/5.3.1/../../../../arm-atollic-eabi/lib/armv7e-m/fpu\libc_nano.a(lib_a-fstatr.o)
 .debug_frame   0x000040d0       0x2c c:/program files (x86)/atollic/truestudio for arm 7.1.2/armtools/bin/../lib/gcc/arm-atollic-eabi/5.3.1/../../../../arm-atollic-eabi/lib/armv7e-m/fpu\libc_nano.a(lib_a-isattyr.o)
 .debug_frame   0x000040fc       0x2c c:/program files (x86)/atollic/truestudio for arm 7.1.2/armtools/bin/../lib/gcc/arm-atollic-eabi/5.3.1/../../../../arm-atollic-eabi/lib/armv7e-m/fpu\libc_nano.a(lib_a-lseekr.o)
 .debug_frame   0x00004128       0x2c c:/program files (x86)/atollic/truestudio for arm 7.1.2/armtools/bin/../lib/gcc/arm-atollic-eabi/5.3.1/../../../../arm-atollic-eabi/lib/armv7e-m/fpu\libc_nano.a(lib_a-readr.o)

Cross Reference Table

Symbol                                            File
ADC_IRQHandler                                    RTE\Device\STM32F446RETx\startup_stm32f446xx.o
AHBPrescTable                                     RTE\Device\STM32F446RETx\system_stm32f4xx.o
APBAHBPrescTable                                  RTE\Device\STM32F446RETx\stm32f4xx_hal_rcc.o
APBPrescTable                                     RTE\Device\STM32F446RETx\system_stm32f4xx.o
BusFault_Handler                                  RTE\Device\STM32F446RETx\startup_stm32f446xx.o
CAN1_RX0_IRQHandler                               RTE\Device\STM32F446RETx\startup_stm32f446xx.o
CAN1_RX1_IRQHandler                               RTE\Device\STM32F446RETx\startup_stm32f446xx.o
CAN1_SCE_IRQHandler                               RTE\Device\STM32F446RETx\startup_stm32f446xx.o
CAN1_TX_IRQHandler                                RTE\Device\STM32F446RETx\startup_stm32f446xx.o
CAN2_RX0_IRQHandler                               RTE\Device\STM32F446RETx\startup_stm32f446xx.o
CAN2_RX1_IRQHandler                               RTE\Device\STM32F446RETx\startup_stm32f446xx.o
CAN2_SCE_IRQHandler                               RTE\Device\STM32F446RETx\startup_stm32f446xx.o
CAN2_TX_IRQHandler                                RTE\Device\STM32F446RETx\startup_stm32f446xx.o
CEC_IRQHandler                                    RTE\Device\STM32F446RETx\startup_stm32f446xx.o
DAC_DMAConvCpltCh2                                RTE\Device\STM32F446RETx\stm32f4xx_hal_dac_ex.o
                                                  RTE\Device\STM32F446RETx\stm32f4xx_hal_dac.o
DAC_DMAErrorCh2                                   RTE\Device\STM32F446RETx\stm32f4xx_hal_dac_ex.o
                                                  RTE\Device\STM32F446RETx\stm32f4xx_hal_dac.o
DAC_DMAHalfConvCpltCh2                            RTE\Device\STM32F446RETx\stm32f4xx_hal_dac_ex.o
                                                  RTE\Device\STM32F446RETx\stm32f4xx_hal_dac.o
DCMI_IRQHandler                                   RTE\Device\STM32F446RETx\startup_stm32f446xx.o
DMA1_Stream0_IRQHandler                           RTE\Device\STM32F446RETx\startup_stm32f446xx.o
DMA1_Stream1_IRQHandler                           RTE\Device\STM32F446RETx\startup_stm32f446xx.o
DMA1_Stream2_IRQHandler                           RTE\Device\STM32F446RETx\startup_stm32f446xx.o
DMA1_Stream3_IRQHandler                           RTE\Device\STM32F446RETx\startup_stm32f446xx.o
DMA1_Stream4_IRQHandler                           RTE\Device\STM32F446RETx\startup_stm32f446xx.o
DMA1_Stream5_IRQHandler                           RTE\Device\STM32F446RETx\startup_stm32f446xx.o
DMA1_Stream6_IRQHandler                           RTE\Device\STM32F446RETx\startup_stm32f446xx.o
DMA1_Stream7_IRQHandler                           RTE\Device\STM32F446RETx\startup_stm32f446xx.o
DMA2_Stream0_IRQHandler                           RTE\Device\STM32F446RETx\startup_stm32f446xx.o
DMA2_Stream1_IRQHandler                           RTE\Device\STM32F446RETx\startup_stm32f446xx.o
DMA2_Stream2_IRQHandler                           RTE\Device\STM32F446RETx\startup_stm32f446xx.o
DMA2_Stream3_IRQHandler                           RTE\Device\STM32F446RETx\startup_stm32f446xx.o
DMA2_Stream4_IRQHandler                           RTE\Device\STM32F446RETx\startup_stm32f446xx.o
DMA2_Stream5_IRQHandler                           RTE\Device\STM32F446RETx\startup_stm32f446xx.o
DMA2_Stream6_IRQHandler                           RTE\Device\STM32F446RETx\startup_stm32f446xx.o
DMA2_Stream7_IRQHandler                           RTE\Device\STM32F446RETx\startup_stm32f446xx.o
DebugMon_Handler                                  RTE\Device\STM32F446RETx\startup_stm32f446xx.o
Default_Handler                                   RTE\Device\STM32F446RETx\startup_stm32f446xx.o
EXTI0_IRQHandler                                  RTE\Device\STM32F446RETx\startup_stm32f446xx.o
EXTI15_10_IRQHandler                              RTE\Device\STM32F446RETx\startup_stm32f446xx.o
EXTI1_IRQHandler                                  RTE\Device\STM32F446RETx\startup_stm32f446xx.o
EXTI2_IRQHandler                                  RTE\Device\STM32F446RETx\startup_stm32f446xx.o
EXTI3_IRQHandler                                  RTE\Device\STM32F446RETx\startup_stm32f446xx.o
EXTI4_IRQHandler                                  RTE\Device\STM32F446RETx\startup_stm32f446xx.o
EXTI9_5_IRQHandler                                RTE\Device\STM32F446RETx\startup_stm32f446xx.o
FLASH_IRQHandler                                  RTE\Device\STM32F446RETx\startup_stm32f446xx.o
FMC_IRQHandler                                    RTE\Device\STM32F446RETx\startup_stm32f446xx.o
FMPI2C1_Error_IRQHandler                          RTE\Device\STM32F446RETx\startup_stm32f446xx.o
FMPI2C1_Event_IRQHandler                          RTE\Device\STM32F446RETx\startup_stm32f446xx.o
FPU_IRQHandler                                    RTE\Device\STM32F446RETx\startup_stm32f446xx.o
HAL_ADCEx_InjectedConfigChannel                   RTE\Device\STM32F446RETx\stm32f4xx_hal_adc_ex.o
HAL_ADCEx_InjectedConvCpltCallback                RTE\Device\STM32F446RETx\stm32f4xx_hal_adc_ex.o
                                                  RTE\Device\STM32F446RETx\stm32f4xx_hal_adc.o
HAL_ADCEx_InjectedGetValue                        RTE\Device\STM32F446RETx\stm32f4xx_hal_adc_ex.o
HAL_ADCEx_InjectedPollForConversion               RTE\Device\STM32F446RETx\stm32f4xx_hal_adc_ex.o
HAL_ADCEx_InjectedStart                           RTE\Device\STM32F446RETx\stm32f4xx_hal_adc_ex.o
HAL_ADCEx_InjectedStart_IT                        RTE\Device\STM32F446RETx\stm32f4xx_hal_adc_ex.o
HAL_ADCEx_InjectedStop                            RTE\Device\STM32F446RETx\stm32f4xx_hal_adc_ex.o
HAL_ADCEx_InjectedStop_IT                         RTE\Device\STM32F446RETx\stm32f4xx_hal_adc_ex.o
HAL_ADCEx_MultiModeConfigChannel                  RTE\Device\STM32F446RETx\stm32f4xx_hal_adc_ex.o
HAL_ADCEx_MultiModeGetValue                       RTE\Device\STM32F446RETx\stm32f4xx_hal_adc_ex.o
HAL_ADCEx_MultiModeStart_DMA                      RTE\Device\STM32F446RETx\stm32f4xx_hal_adc_ex.o
HAL_ADCEx_MultiModeStop_DMA                       RTE\Device\STM32F446RETx\stm32f4xx_hal_adc_ex.o
HAL_ADC_AnalogWDGConfig                           RTE\Device\STM32F446RETx\stm32f4xx_hal_adc.o
HAL_ADC_ConfigChannel                             RTE\Device\STM32F446RETx\stm32f4xx_hal_adc.o
HAL_ADC_ConvCpltCallback                          RTE\Device\STM32F446RETx\stm32f4xx_hal_adc.o
                                                  RTE\Device\STM32F446RETx\stm32f4xx_hal_adc_ex.o
HAL_ADC_ConvHalfCpltCallback                      RTE\Device\STM32F446RETx\stm32f4xx_hal_adc.o
                                                  RTE\Device\STM32F446RETx\stm32f4xx_hal_adc_ex.o
HAL_ADC_DeInit                                    RTE\Device\STM32F446RETx\stm32f4xx_hal_adc.o
HAL_ADC_ErrorCallback                             RTE\Device\STM32F446RETx\stm32f4xx_hal_adc.o
                                                  RTE\Device\STM32F446RETx\stm32f4xx_hal_adc_ex.o
HAL_ADC_GetError                                  RTE\Device\STM32F446RETx\stm32f4xx_hal_adc.o
HAL_ADC_GetState                                  RTE\Device\STM32F446RETx\stm32f4xx_hal_adc.o
HAL_ADC_GetValue                                  RTE\Device\STM32F446RETx\stm32f4xx_hal_adc.o
HAL_ADC_IRQHandler                                RTE\Device\STM32F446RETx\stm32f4xx_hal_adc.o
HAL_ADC_Init                                      RTE\Device\STM32F446RETx\stm32f4xx_hal_adc.o
HAL_ADC_LevelOutOfWindowCallback                  RTE\Device\STM32F446RETx\stm32f4xx_hal_adc.o
HAL_ADC_MspDeInit                                 RTE\Device\STM32F446RETx\stm32f4xx_hal_adc.o
HAL_ADC_MspInit                                   RTE\Device\STM32F446RETx\stm32f4xx_hal_adc.o
HAL_ADC_PollForConversion                         RTE\Device\STM32F446RETx\stm32f4xx_hal_adc.o
HAL_ADC_PollForEvent                              RTE\Device\STM32F446RETx\stm32f4xx_hal_adc.o
HAL_ADC_Start                                     RTE\Device\STM32F446RETx\stm32f4xx_hal_adc.o
HAL_ADC_Start_DMA                                 RTE\Device\STM32F446RETx\stm32f4xx_hal_adc.o
HAL_ADC_Start_IT                                  RTE\Device\STM32F446RETx\stm32f4xx_hal_adc.o
HAL_ADC_Stop                                      RTE\Device\STM32F446RETx\stm32f4xx_hal_adc.o
HAL_ADC_Stop_DMA                                  RTE\Device\STM32F446RETx\stm32f4xx_hal_adc.o
HAL_ADC_Stop_IT                                   RTE\Device\STM32F446RETx\stm32f4xx_hal_adc.o
HAL_DACEx_ConvCpltCallbackCh2                     RTE\Device\STM32F446RETx\stm32f4xx_hal_dac_ex.o
HAL_DACEx_ConvHalfCpltCallbackCh2                 RTE\Device\STM32F446RETx\stm32f4xx_hal_dac_ex.o
HAL_DACEx_DMAUnderrunCallbackCh2                  RTE\Device\STM32F446RETx\stm32f4xx_hal_dac_ex.o
                                                  RTE\Device\STM32F446RETx\stm32f4xx_hal_dac.o
HAL_DACEx_DualGetValue                            RTE\Device\STM32F446RETx\stm32f4xx_hal_dac_ex.o
HAL_DACEx_DualSetValue                            RTE\Device\STM32F446RETx\stm32f4xx_hal_dac_ex.o
HAL_DACEx_ErrorCallbackCh2                        RTE\Device\STM32F446RETx\stm32f4xx_hal_dac_ex.o
HAL_DACEx_NoiseWaveGenerate                       RTE\Device\STM32F446RETx\stm32f4xx_hal_dac_ex.o
HAL_DACEx_TriangleWaveGenerate                    RTE\Device\STM32F446RETx\stm32f4xx_hal_dac_ex.o
HAL_DAC_ConfigChannel                             RTE\Device\STM32F446RETx\stm32f4xx_hal_dac.o
HAL_DAC_ConvCpltCallbackCh1                       RTE\Device\STM32F446RETx\stm32f4xx_hal_dac.o
HAL_DAC_ConvHalfCpltCallbackCh1                   RTE\Device\STM32F446RETx\stm32f4xx_hal_dac.o
HAL_DAC_DMAUnderrunCallbackCh1                    RTE\Device\STM32F446RETx\stm32f4xx_hal_dac.o
HAL_DAC_DeInit                                    RTE\Device\STM32F446RETx\stm32f4xx_hal_dac.o
HAL_DAC_ErrorCallbackCh1                          RTE\Device\STM32F446RETx\stm32f4xx_hal_dac.o
HAL_DAC_GetError                                  RTE\Device\STM32F446RETx\stm32f4xx_hal_dac.o
HAL_DAC_GetState                                  RTE\Device\STM32F446RETx\stm32f4xx_hal_dac.o
HAL_DAC_GetValue                                  RTE\Device\STM32F446RETx\stm32f4xx_hal_dac.o
HAL_DAC_IRQHandler                                RTE\Device\STM32F446RETx\stm32f4xx_hal_dac.o
HAL_DAC_Init                                      RTE\Device\STM32F446RETx\stm32f4xx_hal_dac.o
HAL_DAC_MspDeInit                                 RTE\Device\STM32F446RETx\stm32f4xx_hal_dac.o
HAL_DAC_MspInit                                   RTE\Device\STM32F446RETx\stm32f4xx_hal_dac.o
HAL_DAC_SetValue                                  RTE\Device\STM32F446RETx\stm32f4xx_hal_dac.o
HAL_DAC_Start                                     RTE\Device\STM32F446RETx\stm32f4xx_hal_dac.o
HAL_DAC_Start_DMA                                 RTE\Device\STM32F446RETx\stm32f4xx_hal_dac.o
HAL_DAC_Stop                                      RTE\Device\STM32F446RETx\stm32f4xx_hal_dac.o
HAL_DAC_Stop_DMA                                  RTE\Device\STM32F446RETx\stm32f4xx_hal_dac.o
HAL_DBGMCU_DisableDBGSleepMode                    RTE\Device\STM32F446RETx\stm32f4xx_hal.o
HAL_DBGMCU_DisableDBGStandbyMode                  RTE\Device\STM32F446RETx\stm32f4xx_hal.o
HAL_DBGMCU_DisableDBGStopMode                     RTE\Device\STM32F446RETx\stm32f4xx_hal.o
HAL_DBGMCU_EnableDBGSleepMode                     RTE\Device\STM32F446RETx\stm32f4xx_hal.o
HAL_DBGMCU_EnableDBGStandbyMode                   RTE\Device\STM32F446RETx\stm32f4xx_hal.o
HAL_DBGMCU_EnableDBGStopMode                      RTE\Device\STM32F446RETx\stm32f4xx_hal.o
HAL_DMAEx_ChangeMemory                            RTE\Device\STM32F446RETx\stm32f4xx_hal_dma_ex.o
HAL_DMAEx_MultiBufferStart                        RTE\Device\STM32F446RETx\stm32f4xx_hal_dma_ex.o
HAL_DMAEx_MultiBufferStart_IT                     RTE\Device\STM32F446RETx\stm32f4xx_hal_dma_ex.o
HAL_DMA_Abort                                     RTE\Device\STM32F446RETx\stm32f4xx_hal_dma.o
                                                  RTE\Device\STM32F446RETx\stm32f4xx_hal_usart.o
                                                  RTE\Device\STM32F446RETx\stm32f4xx_hal_uart.o
                                                  RTE\Device\STM32F446RETx\stm32f4xx_hal_spi.o
                                                  RTE\Device\STM32F446RETx\stm32f4xx_hal_dac.o
                                                  RTE\Device\STM32F446RETx\stm32f4xx_hal_adc_ex.o
                                                  RTE\Device\STM32F446RETx\stm32f4xx_hal_adc.o
HAL_DMA_Abort_IT                                  RTE\Device\STM32F446RETx\stm32f4xx_hal_dma.o
                                                  RTE\Device\STM32F446RETx\stm32f4xx_hal_usart.o
                                                  RTE\Device\STM32F446RETx\stm32f4xx_hal_uart.o
                                                  RTE\Device\STM32F446RETx\stm32f4xx_hal_spi.o
                                                  RTE\Device\STM32F446RETx\stm32f4xx_hal_i2c.o
HAL_DMA_DeInit                                    RTE\Device\STM32F446RETx\stm32f4xx_hal_dma.o
HAL_DMA_GetError                                  RTE\Device\STM32F446RETx\stm32f4xx_hal_dma.o
                                                  RTE\Device\STM32F446RETx\stm32f4xx_hal_i2c.o
HAL_DMA_GetState                                  RTE\Device\STM32F446RETx\stm32f4xx_hal_dma.o
HAL_DMA_IRQHandler                                RTE\Device\STM32F446RETx\stm32f4xx_hal_dma.o
HAL_DMA_Init                                      RTE\Device\STM32F446RETx\stm32f4xx_hal_dma.o
HAL_DMA_PollForTransfer                           RTE\Device\STM32F446RETx\stm32f4xx_hal_dma.o
HAL_DMA_RegisterCallback                          RTE\Device\STM32F446RETx\stm32f4xx_hal_dma.o
HAL_DMA_Start                                     RTE\Device\STM32F446RETx\stm32f4xx_hal_dma.o
HAL_DMA_Start_IT                                  RTE\Device\STM32F446RETx\stm32f4xx_hal_dma.o
                                                  RTE\Device\STM32F446RETx\stm32f4xx_hal_usart.o
                                                  RTE\Device\STM32F446RETx\stm32f4xx_hal_uart.o
                                                  RTE\Device\STM32F446RETx\stm32f4xx_hal_spi.o
                                                  RTE\Device\STM32F446RETx\stm32f4xx_hal_i2c.o
                                                  RTE\Device\STM32F446RETx\stm32f4xx_hal_dac.o
                                                  RTE\Device\STM32F446RETx\stm32f4xx_hal_adc_ex.o
                                                  RTE\Device\STM32F446RETx\stm32f4xx_hal_adc.o
HAL_DMA_UnRegisterCallback                        RTE\Device\STM32F446RETx\stm32f4xx_hal_dma.o
HAL_DeInit                                        RTE\Device\STM32F446RETx\stm32f4xx_hal.o
HAL_Delay                                         RTE\Device\STM32F446RETx\stm32f4xx_hal.o
                                                  components\NRF24L01p\port\stm32\NRF24L01pPort.o
HAL_DisableCompensationCell                       RTE\Device\STM32F446RETx\stm32f4xx_hal.o
HAL_EnableCompensationCell                        RTE\Device\STM32F446RETx\stm32f4xx_hal.o
HAL_GPIO_DeInit                                   RTE\Device\STM32F446RETx\stm32f4xx_hal_gpio.o
HAL_GPIO_EXTI_Callback                            RTE\Device\STM32F446RETx\stm32f4xx_hal_gpio.o
HAL_GPIO_EXTI_IRQHandler                          RTE\Device\STM32F446RETx\stm32f4xx_hal_gpio.o
HAL_GPIO_Init                                     RTE\Device\STM32F446RETx\stm32f4xx_hal_gpio.o
                                                  components\NRF24L01p\port\stm32\NRF24L01pPort.o
                                                  RTE\Device\STM32F446RETx\stm32f4xx_hal_rcc.o
HAL_GPIO_LockPin                                  RTE\Device\STM32F446RETx\stm32f4xx_hal_gpio.o
HAL_GPIO_ReadPin                                  RTE\Device\STM32F446RETx\stm32f4xx_hal_gpio.o
HAL_GPIO_TogglePin                                RTE\Device\STM32F446RETx\stm32f4xx_hal_gpio.o
HAL_GPIO_WritePin                                 RTE\Device\STM32F446RETx\stm32f4xx_hal_gpio.o
                                                  components\NRF24L01p\port\stm32\NRF24L01pPort.o
HAL_GetDEVID                                      RTE\Device\STM32F446RETx\stm32f4xx_hal.o
HAL_GetHalVersion                                 RTE\Device\STM32F446RETx\stm32f4xx_hal.o
HAL_GetREVID                                      RTE\Device\STM32F446RETx\stm32f4xx_hal.o
HAL_GetTick                                       RTE\Device\STM32F446RETx\stm32f4xx_hal.o
                                                  RTE\Device\STM32F446RETx\stm32f4xx_hal_usart.o
                                                  RTE\Device\STM32F446RETx\stm32f4xx_hal_uart.o
                                                  RTE\Device\STM32F446RETx\stm32f4xx_hal_spi.o
                                                  RTE\Device\STM32F446RETx\stm32f4xx_hal_rcc_ex.o
                                                  RTE\Device\STM32F446RETx\stm32f4xx_hal_rcc.o
                                                  RTE\Device\STM32F446RETx\stm32f4xx_hal_pwr_ex.o
                                                  RTE\Device\STM32F446RETx\stm32f4xx_hal_i2c.o
                                                  RTE\Device\STM32F446RETx\stm32f4xx_hal_dma.o
                                                  RTE\Device\STM32F446RETx\stm32f4xx_hal_adc_ex.o
                                                  RTE\Device\STM32F446RETx\stm32f4xx_hal_adc.o
HAL_HalfDuplex_EnableReceiver                     RTE\Device\STM32F446RETx\stm32f4xx_hal_uart.o
HAL_HalfDuplex_EnableTransmitter                  RTE\Device\STM32F446RETx\stm32f4xx_hal_uart.o
HAL_HalfDuplex_Init                               RTE\Device\STM32F446RETx\stm32f4xx_hal_uart.o
HAL_I2CEx_ConfigAnalogFilter                      RTE\Device\STM32F446RETx\stm32f4xx_hal_i2c_ex.o
HAL_I2CEx_ConfigDigitalFilter                     RTE\Device\STM32F446RETx\stm32f4xx_hal_i2c_ex.o
HAL_I2C_AbortCpltCallback                         RTE\Device\STM32F446RETx\stm32f4xx_hal_i2c.o
HAL_I2C_AddrCallback                              RTE\Device\STM32F446RETx\stm32f4xx_hal_i2c.o
HAL_I2C_DeInit                                    RTE\Device\STM32F446RETx\stm32f4xx_hal_i2c.o
HAL_I2C_DisableListen_IT                          RTE\Device\STM32F446RETx\stm32f4xx_hal_i2c.o
HAL_I2C_ER_IRQHandler                             RTE\Device\STM32F446RETx\stm32f4xx_hal_i2c.o
HAL_I2C_EV_IRQHandler                             RTE\Device\STM32F446RETx\stm32f4xx_hal_i2c.o
HAL_I2C_EnableListen_IT                           RTE\Device\STM32F446RETx\stm32f4xx_hal_i2c.o
HAL_I2C_ErrorCallback                             RTE\Device\STM32F446RETx\stm32f4xx_hal_i2c.o
HAL_I2C_GetError                                  RTE\Device\STM32F446RETx\stm32f4xx_hal_i2c.o
HAL_I2C_GetMode                                   RTE\Device\STM32F446RETx\stm32f4xx_hal_i2c.o
HAL_I2C_GetState                                  RTE\Device\STM32F446RETx\stm32f4xx_hal_i2c.o
HAL_I2C_Init                                      RTE\Device\STM32F446RETx\stm32f4xx_hal_i2c.o
HAL_I2C_IsDeviceReady                             RTE\Device\STM32F446RETx\stm32f4xx_hal_i2c.o
HAL_I2C_ListenCpltCallback                        RTE\Device\STM32F446RETx\stm32f4xx_hal_i2c.o
HAL_I2C_MasterRxCpltCallback                      RTE\Device\STM32F446RETx\stm32f4xx_hal_i2c.o
HAL_I2C_MasterTxCpltCallback                      RTE\Device\STM32F446RETx\stm32f4xx_hal_i2c.o
HAL_I2C_Master_Abort_IT                           RTE\Device\STM32F446RETx\stm32f4xx_hal_i2c.o
HAL_I2C_Master_Receive                            RTE\Device\STM32F446RETx\stm32f4xx_hal_i2c.o
HAL_I2C_Master_Receive_DMA                        RTE\Device\STM32F446RETx\stm32f4xx_hal_i2c.o
HAL_I2C_Master_Receive_IT                         RTE\Device\STM32F446RETx\stm32f4xx_hal_i2c.o
HAL_I2C_Master_Sequential_Receive_IT              RTE\Device\STM32F446RETx\stm32f4xx_hal_i2c.o
HAL_I2C_Master_Sequential_Transmit_IT             RTE\Device\STM32F446RETx\stm32f4xx_hal_i2c.o
HAL_I2C_Master_Transmit                           RTE\Device\STM32F446RETx\stm32f4xx_hal_i2c.o
HAL_I2C_Master_Transmit_DMA                       RTE\Device\STM32F446RETx\stm32f4xx_hal_i2c.o
HAL_I2C_Master_Transmit_IT                        RTE\Device\STM32F446RETx\stm32f4xx_hal_i2c.o
HAL_I2C_MemRxCpltCallback                         RTE\Device\STM32F446RETx\stm32f4xx_hal_i2c.o
HAL_I2C_MemTxCpltCallback                         RTE\Device\STM32F446RETx\stm32f4xx_hal_i2c.o
HAL_I2C_Mem_Read                                  RTE\Device\STM32F446RETx\stm32f4xx_hal_i2c.o
HAL_I2C_Mem_Read_DMA                              RTE\Device\STM32F446RETx\stm32f4xx_hal_i2c.o
HAL_I2C_Mem_Read_IT                               RTE\Device\STM32F446RETx\stm32f4xx_hal_i2c.o
HAL_I2C_Mem_Write                                 RTE\Device\STM32F446RETx\stm32f4xx_hal_i2c.o
HAL_I2C_Mem_Write_DMA                             RTE\Device\STM32F446RETx\stm32f4xx_hal_i2c.o
HAL_I2C_Mem_Write_IT                              RTE\Device\STM32F446RETx\stm32f4xx_hal_i2c.o
HAL_I2C_MspDeInit                                 RTE\Device\STM32F446RETx\stm32f4xx_hal_i2c.o
HAL_I2C_MspInit                                   RTE\Device\STM32F446RETx\stm32f4xx_hal_i2c.o
HAL_I2C_SlaveRxCpltCallback                       RTE\Device\STM32F446RETx\stm32f4xx_hal_i2c.o
HAL_I2C_SlaveTxCpltCallback                       RTE\Device\STM32F446RETx\stm32f4xx_hal_i2c.o
HAL_I2C_Slave_Receive                             RTE\Device\STM32F446RETx\stm32f4xx_hal_i2c.o