Archive member included to satisfy reference by file (symbol)

c:/program files (x86)/atollic/truestudio for arm 7.1.2/armtools/bin/../lib/gcc/arm-atollic-eabi/5.3.1/../../../../arm-atollic-eabi/lib/armv7e-m/fpu\libstdc++_nano.a(atexit_arm.o)
                              src\main.o (__aeabi_atexit)
c:/program files (x86)/atollic/truestudio for arm 7.1.2/armtools/bin/../lib/gcc/arm-atollic-eabi/5.3.1/../../../../arm-atollic-eabi/lib/armv7e-m/fpu\libstdc++_nano.a(del_op.o)
                              components\LCD03\LCD03.o (operator delete(void*))
c:/program files (x86)/atollic/truestudio for arm 7.1.2/armtools/bin/../lib/gcc/arm-atollic-eabi/5.3.1/../../../../arm-atollic-eabi/lib/armv7e-m/fpu\libc_nano.a(lib_a-cxa_atexit.o)
                              c:/program files (x86)/atollic/truestudio for arm 7.1.2/armtools/bin/../lib/gcc/arm-atollic-eabi/5.3.1/../../../../arm-atollic-eabi/lib/armv7e-m/fpu\libstdc++_nano.a(atexit_arm.o) (__cxa_atexit)
c:/program files (x86)/atollic/truestudio for arm 7.1.2/armtools/bin/../lib/gcc/arm-atollic-eabi/5.3.1/../../../../arm-atollic-eabi/lib/armv7e-m/fpu\libc_nano.a(lib_a-exit.o)
                              c:/program files (x86)/atollic/truestudio for arm 7.1.2/armtools/bin/../lib/gcc/arm-atollic-eabi/5.3.1/../../../../arm-atollic-eabi/lib/armv7e-m/fpu\crt0.o (exit)
c:/program files (x86)/atollic/truestudio for arm 7.1.2/armtools/bin/../lib/gcc/arm-atollic-eabi/5.3.1/../../../../arm-atollic-eabi/lib/armv7e-m/fpu\libc_nano.a(lib_a-impure.o)
                              c:/program files (x86)/atollic/truestudio for arm 7.1.2/armtools/bin/../lib/gcc/arm-atollic-eabi/5.3.1/../../../../arm-atollic-eabi/lib/armv7e-m/fpu\libc_nano.a(lib_a-exit.o) (_global_impure_ptr)
c:/program files (x86)/atollic/truestudio for arm 7.1.2/armtools/bin/../lib/gcc/arm-atollic-eabi/5.3.1/../../../../arm-atollic-eabi/lib/armv7e-m/fpu\libc_nano.a(lib_a-init.o)
                              RTE\Device\STM32F446RETx\startup_stm32f446xx.o (__libc_init_array)
c:/program files (x86)/atollic/truestudio for arm 7.1.2/armtools/bin/../lib/gcc/arm-atollic-eabi/5.3.1/../../../../arm-atollic-eabi/lib/armv7e-m/fpu\libc_nano.a(lib_a-malloc.o)
                              c:/program files (x86)/atollic/truestudio for arm 7.1.2/armtools/bin/../lib/gcc/arm-atollic-eabi/5.3.1/../../../../arm-atollic-eabi/lib/armv7e-m/fpu\libstdc++_nano.a(del_op.o) (free)
c:/program files (x86)/atollic/truestudio for arm 7.1.2/armtools/bin/../lib/gcc/arm-atollic-eabi/5.3.1/../../../../arm-atollic-eabi/lib/armv7e-m/fpu\libc_nano.a(lib_a-memcpy-stub.o)
                              RTE\CMSIS\cmsis_os2.o (memcpy)
c:/program files (x86)/atollic/truestudio for arm 7.1.2/armtools/bin/../lib/gcc/arm-atollic-eabi/5.3.1/../../../../arm-atollic-eabi/lib/armv7e-m/fpu\libc_nano.a(lib_a-memset.o)
                              RTE\RTOS\tasks.o (memset)
c:/program files (x86)/atollic/truestudio for arm 7.1.2/armtools/bin/../lib/gcc/arm-atollic-eabi/5.3.1/../../../../arm-atollic-eabi/lib/armv7e-m/fpu\libc_nano.a(lib_a-nano-freer.o)
                              c:/program files (x86)/atollic/truestudio for arm 7.1.2/armtools/bin/../lib/gcc/arm-atollic-eabi/5.3.1/../../../../arm-atollic-eabi/lib/armv7e-m/fpu\libc_nano.a(lib_a-malloc.o) (_free_r)
c:/program files (x86)/atollic/truestudio for arm 7.1.2/armtools/bin/../lib/gcc/arm-atollic-eabi/5.3.1/../../../../arm-atollic-eabi/lib/armv7e-m/fpu\libc_nano.a(lib_a-nano-mallocr.o)
                              c:/program files (x86)/atollic/truestudio for arm 7.1.2/armtools/bin/../lib/gcc/arm-atollic-eabi/5.3.1/../../../../arm-atollic-eabi/lib/armv7e-m/fpu\libc_nano.a(lib_a-malloc.o) (_malloc_r)
c:/program files (x86)/atollic/truestudio for arm 7.1.2/armtools/bin/../lib/gcc/arm-atollic-eabi/5.3.1/../../../../arm-atollic-eabi/lib/armv7e-m/fpu\libc_nano.a(lib_a-on_exit_args.o)
                              c:/program files (x86)/atollic/truestudio for arm 7.1.2/armtools/bin/../lib/gcc/arm-atollic-eabi/5.3.1/../../../../arm-atollic-eabi/lib/armv7e-m/fpu\libc_nano.a(lib_a-cxa_atexit.o) (__on_exit_args)
c:/program files (x86)/atollic/truestudio for arm 7.1.2/armtools/bin/../lib/gcc/arm-atollic-eabi/5.3.1/../../../../arm-atollic-eabi/lib/armv7e-m/fpu\libc_nano.a(lib_a-printf.o)
                              src\main.o (printf)
c:/program files (x86)/atollic/truestudio for arm 7.1.2/armtools/bin/../lib/gcc/arm-atollic-eabi/5.3.1/../../../../arm-atollic-eabi/lib/armv7e-m/fpu\libc_nano.a(lib_a-puts.o)
                              src\main.o (puts)
c:/program files (x86)/atollic/truestudio for arm 7.1.2/armtools/bin/../lib/gcc/arm-atollic-eabi/5.3.1/../../../../arm-atollic-eabi/lib/armv7e-m/fpu\libc_nano.a(lib_a-reent.o)
                              src\syscalls.o (errno)
c:/program files (x86)/atollic/truestudio for arm 7.1.2/armtools/bin/../lib/gcc/arm-atollic-eabi/5.3.1/../../../../arm-atollic-eabi/lib/armv7e-m/fpu\libc_nano.a(lib_a-sbrkr.o)
[...]
Memory Configuration

Name             Origin             Length             Attributes
FLASH            0x08000000         0x00080000         xr
RAM              0x20000000         0x00020000         xrw
*default*        0x00000000         0xffffffff

Linker script and memory map

LOAD c:/program files (x86)/atollic/truestudio for arm 7.1.2/armtools/bin/../lib/gcc/arm-atollic-eabi/5.3.1/armv7e-m/fpu/crti.o
LOAD c:/program files (x86)/atollic/truestudio for arm 7.1.2/armtools/bin/../lib/gcc/arm-atollic-eabi/5.3.1/armv7e-m/fpu/crtbegin.o
LOAD RTE\CMSIS\cmsis_os2.o
LOAD RTE\Device\STM32F446RETx\run_STM32CubeMX.o
LOAD RTE\Device\STM32F446RETx\startup_stm32f446xx.o
LOAD RTE\Device\STM32F446RETx\stm32f4xx_hal.o
LOAD RTE\Device\STM32F446RETx\stm32f4xx_hal_adc.o
LOAD RTE\Device\STM32F446RETx\stm32f4xx_hal_adc_ex.o
LOAD RTE\Device\STM32F446RETx\stm32f4xx_hal_cortex.o
LOAD RTE\Device\STM32F446RETx\stm32f4xx_hal_dac.o
LOAD RTE\Device\STM32F446RETx\stm32f4xx_hal_dac_ex.o
LOAD RTE\Device\STM32F446RETx\stm32f4xx_hal_dma.o
LOAD RTE\Device\STM32F446RETx\stm32f4xx_hal_dma_ex.o
LOAD RTE\Device\STM32F446RETx\stm32f4xx_hal_gpio.o
LOAD RTE\Device\STM32F446RETx\stm32f4xx_hal_i2c.o
LOAD RTE\Device\STM32F446RETx\stm32f4xx_hal_i2c_ex.o
LOAD RTE\Device\STM32F446RETx\stm32f4xx_hal_pwr.o
LOAD RTE\Device\STM32F446RETx\stm32f4xx_hal_pwr_ex.o
LOAD RTE\Device\STM32F446RETx\stm32f4xx_hal_rcc.o
LOAD RTE\Device\STM32F446RETx\stm32f4xx_hal_rcc_ex.o
LOAD RTE\Device\STM32F446RETx\stm32f4xx_hal_spi.o
LOAD RTE\Device\STM32F446RETx\stm32f4xx_hal_uart.o
LOAD RTE\Device\STM32F446RETx\stm32f4xx_hal_usart.o
LOAD RTE\Device\STM32F446RETx\system_stm32f4xx.o
LOAD RTE\RTOS\FreeRTOS_Tick_Config.o
LOAD RTE\RTOS\croutine.o
LOAD RTE\RTOS\event_groups.o
LOAD RTE\RTOS\freertos_evr.o
LOAD RTE\RTOS\heap_4.o
LOAD RTE\RTOS\list.o
LOAD RTE\RTOS\port.o
LOAD RTE\RTOS\queue.o
LOAD RTE\RTOS\tasks.o
LOAD RTE\RTOS\timers.o
LOAD components\LCD03\LCD03.o
LOAD components\LCD03\port\stm32\LCD03Port.o
LOAD components\NRF24L01p\NRF24L01p.o
LOAD components\NRF24L01p\NRF24L01pDriver.o
LOAD components\NRF24L01p\port\RPI_WiringPi\NRF24L01pPort.o
LOAD components\NRF24L01p\port\mbed\NRF24L01pPort.o
LOAD components\NRF24L01p\port\stm32\NRF24L01pPort.o
LOAD src\main.o
LOAD src\syscalls.o
LOAD c:/program files (x86)/atollic/truestudio for arm 7.1.2/armtools/bin/../lib/gcc/arm-atollic-eabi/5.3.1/../../../../arm-atollic-eabi/lib/armv7e-m/fpu\crt0.o
LOAD C:/Users/emon1/Atollic/TrueSTUDIO/CMSIS_Packs/ARM/CMSIS/5.0.1/CMSIS/Lib/GCC\libarm_cortexM4lf_math.a
START GROUP
LOAD c:/program files (x86)/atollic/truestudio for arm 7.1.2/armtools/bin/../lib/gcc/arm-atollic-eabi/5.3.1/../../../../arm-atollic-eabi/lib/armv7e-m/fpu\libstdc++_nano.a
LOAD c:/program files (x86)/atollic/truestudio for arm 7.1.2/armtools/bin/../lib/gcc/arm-atollic-eabi/5.3.1/../../../../arm-atollic-eabi/lib/armv7e-m/fpu\libsupc++_nano.a
END GROUP
                0x00001000                malloc_getpagesize_P = 0x1000
LOAD c:/program files (x86)/atollic/truestudio for arm 7.1.2/armtools/bin/../lib/gcc/arm-atollic-eabi/5.3.1/../../../../arm-atollic-eabi/lib/armv7e-m/fpu\libstdc++_nano.a
LOAD c:/program files (x86)/atollic/truestudio for arm 7.1.2/armtools/bin/../lib/gcc/arm-atollic-eabi/5.3.1/../../../../arm-atollic-eabi/lib/armv7e-m/fpu\libm.a
LOAD c:/program files (x86)/atollic/truestudio for arm 7.1.2/armtools/bin/../lib/gcc/arm-atollic-eabi/5.3.1/../../../../arm-atollic-eabi/lib/armv7e-m/fpu\libc_nano.a
START GROUP
LOAD c:/program files (x86)/atollic/truestudio for arm 7.1.2/armtools/bin/../lib/gcc/arm-atollic-eabi/5.3.1/armv7e-m/fpu\libgcc.a
LOAD c:/program files (x86)/atollic/truestudio for arm 7.1.2/armtools/bin/../lib/gcc/arm-atollic-eabi/5.3.1/../../../../arm-atollic-eabi/lib/armv7e-m/fpu\libc_nano.a
END GROUP
START GROUP
LOAD c:/program files (x86)/atollic/truestudio for arm 7.1.2/armtools/bin/../lib/gcc/arm-atollic-eabi/5.3.1/armv7e-m/fpu\libgcc.a
LOAD c:/program files (x86)/atollic/truestudio for arm 7.1.2/armtools/bin/../lib/gcc/arm-atollic-eabi/5.3.1/../../../../arm-atollic-eabi/lib/armv7e-m/fpu\libc_nano.a
LOAD c:/program files (x86)/atollic/truestudio for arm 7.1.2/armtools/bin/../lib/gcc/arm-atollic-eabi/5.3.1/../../../../arm-atollic-eabi/lib/armv7e-m/fpu\libnosys.a
END GROUP
START GROUP
LOAD c:/program files (x86)/atollic/truestudio for arm 7.1.2/armtools/bin/../lib/gcc/arm-atollic-eabi/5.3.1/armv7e-m/fpu\libgcc.a
LOAD c:/program files (x86)/atollic/truestudio for arm 7.1.2/armtools/bin/../lib/gcc/arm-atollic-eabi/5.3.1/../../../../arm-atollic-eabi/lib/armv7e-m/fpu\libc_nano.a
LOAD c:/program files (x86)/atollic/truestudio for arm 7.1.2/armtools/bin/../lib/gcc/arm-atollic-eabi/5.3.1/../../../../arm-atollic-eabi/lib/armv7e-m/fpu\libnosys.a
END GROUP
LOAD c:/program files (x86)/atollic/truestudio for arm 7.1.2/armtools/bin/../lib/gcc/arm-atollic-eabi/5.3.1/armv7e-m/fpu/crtend.o
LOAD c:/program files (x86)/atollic/truestudio for arm 7.1.2/armtools/bin/../lib/gcc/arm-atollic-eabi/5.3.1/armv7e-m/fpu/crtn.o
                0x20020000                _estack = 0x20020000
                0x00000200                _Min_Heap_Size = 0x200
                0x00000400                _Min_Stack_Size = 0x400

.isr_vector     0x08000000      0x1c4
                0x08000000                . = ALIGN (0x4)
 *(.isr_vector)
 .isr_vector    0x08000000      0x1c4 RTE\Device\STM32F446RETx\startup_stm32f446xx.o
                0x08000000                g_pfnVectors
                0x080001c4                . = ALIGN (0x4)

.text           0x080001d0     0x5ed8
                0x080001d0                . = ALIGN (0x4)
 *(.text)
 .text          0x080001d0       0x40 c:/program files (x86)/atollic/truestudio for arm 7.1.2/armtools/bin/../lib/gcc/arm-atollic-eabi/5.3.1/armv7e-m/fpu/crtbegin.o
 .text          0x08000210       0x10 c:/program files (x86)/atollic/truestudio for arm 7.1.2/armtools/bin/../lib/gcc/arm-atollic-eabi/5.3.1/../../../../arm-atollic-eabi/lib/armv7e-m/fpu\libc_nano.a(lib_a-strlen.o)
                0x08000210                strlen
 .text          0x08000220       0xa0 c:/program files (x86)/atollic/truestudio for arm 7.1.2/armtools/bin/../lib/gcc/arm-atollic-eabi/5.3.1/../../../../arm-atollic-eabi/lib/armv7e-m/fpu\libc_nano.a(lib_a-memchr.o)
                0x08000220                memchr
 *(.text*)
 .text.vApplicationStackOverflowHook
                0x080002c0       0x18 RTE\CMSIS\cmsis_os2.o
                0x080002c0                vApplicationStackOverflowHook
 .text.vApplicationGetIdleTaskMemory
                0x080002d8       0x34 RTE\CMSIS\cmsis_os2.o
                0x080002d8                vApplicationGetIdleTaskMemory
 .text.vApplicationGetTimerTaskMemory
                0x0800030c       0x34 RTE\CMSIS\cmsis_os2.o
                0x0800030c                vApplicationGetTimerTaskMemory
 .text.Reset_Handler
                0x08000340       0x50 RTE\Device\STM32F446RETx\startup_stm32f446xx.o
                0x08000340                Reset_Handler
 .text.Default_Handler
                0x08000390        0x2 RTE\Device\STM32F446RETx\startup_stm32f446xx.o
                0x08000390                RTC_Alarm_IRQHandler
                0x08000390                EXTI2_IRQHandler
                0x08000390                TIM8_CC_IRQHandler
                0x08000390                DebugMon_Handler
                0x08000390                SPI4_IRQHandler
                0x08000390                TIM1_CC_IRQHandler
                0x08000390                DMA2_Stream5_IRQHandler
                0x08000390                HardFault_Handler
                0x08000390                DMA1_Stream5_IRQHandler
                0x08000390                PVD_IRQHandler
                0x08000390                SDIO_IRQHandler
                0x08000390                TAMP_STAMP_IRQHandler
                0x08000390                NMI_Handler
                0x08000390                CAN2_RX1_IRQHandler
                0x08000390                EXTI3_IRQHandler
                0x08000390                TIM8_TRG_COM_TIM14_IRQHandler
                0x08000390                TIM1_UP_TIM10_IRQHandler
                0x08000390                TIM8_UP_TIM13_IRQHandler
                0x08000390                I2C3_ER_IRQHandler
                0x08000390                FMPI2C1_Event_IRQHandler
                0x08000390                EXTI0_IRQHandler
                0x08000390                I2C2_EV_IRQHandler
                0x08000390                DMA1_Stream2_IRQHandler
                0x08000390                CAN1_RX0_IRQHandler
                0x08000390                FPU_IRQHandler
                0x08000390                OTG_HS_WKUP_IRQHandler
                0x08000390                UsageFault_Handler
                0x08000390                CAN2_SCE_IRQHandler
                0x08000390                DMA2_Stream2_IRQHandler
                0x08000390                SPI1_IRQHandler
                0x08000390                TIM6_DAC_IRQHandler
                0x08000390                TIM1_BRK_TIM9_IRQHandler
                0x08000390                DCMI_IRQHandler
                0x08000390                CAN2_RX0_IRQHandler
                0x08000390                DMA2_Stream3_IRQHandler
                0x08000390                SAI2_IRQHandler
                0x08000390                USART6_IRQHandler
                0x08000390                USART3_IRQHandler
                0x08000390                CAN1_RX1_IRQHandler
                0x08000390                UART5_IRQHandler
                0x08000390                DMA2_Stream0_IRQHandler
                0x08000390                TIM4_IRQHandler
                0x08000390                QUADSPI_IRQHandler
                0x08000390                I2C1_EV_IRQHandler
                0x08000390                DMA1_Stream6_IRQHandler
                0x08000390                DMA1_Stream1_IRQHandler
                0x08000390                UART4_IRQHandler
                0x08000390                TIM3_IRQHandler
                0x08000390                RCC_IRQHandler
                0x08000390                TIM8_BRK_TIM12_IRQHandler
                0x08000390                Default_Handler
                0x08000390                CEC_IRQHandler
                0x08000390                EXTI15_10_IRQHandler
                0x08000390                ADC_IRQHandler
                0x08000390                DMA1_Stream7_IRQHandler
                0x08000390                TIM7_IRQHandler
                0x08000390                CAN2_TX_IRQHandler
                0x08000390                TIM5_IRQHandler
                0x08000390                DMA2_Stream7_IRQHandler
                0x08000390                I2C3_EV_IRQHandler
                0x08000390                EXTI9_5_IRQHandler
                0x08000390                RTC_WKUP_IRQHandler
                0x08000390                SPDIF_RX_IRQHandler
                0x08000390                SPI2_IRQHandler
                0x08000390                OTG_HS_EP1_IN_IRQHandler
                0x08000390                MemManage_Handler
                0x08000390                DMA1_Stream0_IRQHandler
                0x08000390                CAN1_TX_IRQHandler
                0x08000390                EXTI4_IRQHandler
                0x08000390                OTG_HS_EP1_OUT_IRQHandler
                0x08000390                WWDG_IRQHandler
                0x08000390                TIM2_IRQHandler
                0x08000390                OTG_FS_WKUP_IRQHandler
                0x08000390                TIM1_TRG_COM_TIM11_IRQHandler
                0x08000390                OTG_HS_IRQHandler
                0x08000390                EXTI1_IRQHandler
                0x08000390                USART2_IRQHandler
                0x08000390                I2C2_ER_IRQHandler
                0x08000390                DMA2_Stream1_IRQHandler
                0x08000390                CAN1_SCE_IRQHandler
                0x08000390                FLASH_IRQHandler
                0x08000390                DMA2_Stream4_IRQHandler
                0x08000390                BusFault_Handler
                0x08000390                USART1_IRQHandler
                0x08000390                OTG_FS_IRQHandler
                0x08000390                SPI3_IRQHandler
                0x08000390                DMA1_Stream4_IRQHandler
                0x08000390                I2C1_ER_IRQHandler
                0x08000390                FMC_IRQHandler
                0x08000390                DMA2_Stream6_IRQHandler
                0x08000390                SAI1_IRQHandler
                0x08000390                DMA1_Stream3_IRQHandler
                0x08000390                FMPI2C1_Error_IRQHandler
 *fill*         0x08000392        0x2 
 .text.HAL_GetTick
                0x08000394       0x18 RTE\Device\STM32F446RETx\stm32f4xx_hal.o
                0x08000394                HAL_GetTick
 .text.HAL_GPIO_Init
                0x080003ac      0x324 RTE\Device\STM32F446RETx\stm32f4xx_hal_gpio.o
                0x080003ac                HAL_GPIO_Init
 .text.HAL_GPIO_WritePin
                0x080006d0       0x34 RTE\Device\STM32F446RETx\stm32f4xx_hal_gpio.o
                0x080006d0                HAL_GPIO_WritePin
 .text.HAL_GPIO_TogglePin
                0x08000704       0x24 RTE\Device\STM32F446RETx\stm32f4xx_hal_gpio.o
                0x08000704                HAL_GPIO_TogglePin
 .text.HAL_RCC_GetHCLKFreq
                0x08000728       0x18 RTE\Device\STM32F446RETx\stm32f4xx_hal_rcc.o
                0x08000728                HAL_RCC_GetHCLKFreq
 .text.HAL_RCC_GetPCLK1Freq
                0x08000740       0x44 RTE\Device\STM32F446RETx\stm32f4xx_hal_rcc.o
                0x08000740                HAL_RCC_GetPCLK1Freq
 .text.HAL_RCC_GetPCLK2Freq
                0x08000784       0x44 RTE\Device\STM32F446RETx\stm32f4xx_hal_rcc.o
                0x08000784                HAL_RCC_GetPCLK2Freq
 .text.HAL_SPI_Init
                0x080007c8       0xd4 RTE\Device\STM32F446RETx\stm32f4xx_hal_spi.o
                0x080007c8                HAL_SPI_Init
 .text.HAL_SPI_MspInit
                0x0800089c       0x14 RTE\Device\STM32F446RETx\stm32f4xx_hal_spi.o
                0x0800089c                HAL_SPI_MspInit
 .text.HAL_SPI_TransmitReceive
                0x080008b0      0x424 RTE\Device\STM32F446RETx\stm32f4xx_hal_spi.o
                0x080008b0                HAL_SPI_TransmitReceive
 .text.SPI_WaitFlagStateUntilTimeout
                0x08000cd4       0xd4 RTE\Device\STM32F446RETx\stm32f4xx_hal_spi.o
 .text.SPI_CheckFlag_BSY
                0x08000da8       0x3c RTE\Device\STM32F446RETx\stm32f4xx_hal_spi.o
 .text.HAL_UART_Init
                0x08000de4       0x9c RTE\Device\STM32F446RETx\stm32f4xx_hal_uart.o
                0x08000de4                HAL_UART_Init
 .text.HAL_UART_MspInit
                0x08000e80       0x14 RTE\Device\STM32F446RETx\stm32f4xx_hal_uart.o
                0x08000e80                HAL_UART_MspInit
 .text.HAL_UART_Transmit
                0x08000e94      0x130 RTE\Device\STM32F446RETx\stm32f4xx_hal_uart.o
                0x08000e94                HAL_UART_Transmit
 .text.UART_WaitOnFlagUntilTimeout
                0x08000fc4       0x94 RTE\Device\STM32F446RETx\stm32f4xx_hal_uart.o
 .text.UART_SetConfig
                0x08001058      0x438 RTE\Device\STM32F446RETx\stm32f4xx_hal_uart.o
 .text.SystemInit
                0x08001490       0x6c RTE\Device\STM32F446RETx\system_stm32f4xx.o
                0x08001490                SystemInit
 .text.SysTick_Handler
                0x080014fc       0x14 RTE\RTOS\FreeRTOS_Tick_Config.o
                0x080014fc                SysTick_Handler
 .text.pvPortMalloc
                0x08001510      0x128 RTE\RTOS\heap_4.o
                0x08001510                pvPortMalloc
 .text.vPortFree
                0x08001638       0x74 RTE\RTOS\heap_4.o
                0x08001638                vPortFree
 .text.prvHeapInit
                0x080016ac       0xc4 RTE\RTOS\heap_4.o
 .text.prvInsertBlockIntoFreeList
                0x08001770       0xb4 RTE\RTOS\heap_4.o
 .text.vListInitialise
                0x08001824       0x40 RTE\RTOS\list.o
                0x08001824                vListInitialise
 .text.vListInitialiseItem
                0x08001864       0x1c RTE\RTOS\list.o
                0x08001864                vListInitialiseItem
 .text.vListInsertEnd
                0x08001880       0x48 RTE\RTOS\list.o
                0x08001880                vListInsertEnd
 .text.vListInsert
                0x080018c8       0x74 RTE\RTOS\list.o
                0x080018c8                vListInsert
 .text.uxListRemove
                0x0800193c       0x54 RTE\RTOS\list.o
                0x0800193c                uxListRemove
 .text.pxPortInitialiseStack
                0x08001990       0x68 RTE\RTOS\port.o
                0x08001990                pxPortInitialiseStack
 .text.prvTaskExitError
                0x080019f8       0x1c RTE\RTOS\port.o
 *fill*         0x08001a14        0xc 
 .text.SVC_Handler
                0x08001a20       0x28 RTE\RTOS\port.o
                0x08001a20                SVC_Handler
 .text.prvPortStartFirstTask
                0x08001a48       0x20 RTE\RTOS\port.o
 .text.xPortStartScheduler
                0x08001a68       0x50 RTE\RTOS\port.o
                0x08001a68                xPortStartScheduler
 .text.vPortEnterCritical
                0x08001ab8       0x34 RTE\RTOS\port.o
                0x08001ab8                vPortEnterCritical
 .text.vPortExitCritical
                0x08001aec       0x34 RTE\RTOS\port.o
                0x08001aec                vPortExitCritical
 .text.PendSV_Handler
                0x08001b20       0x68 RTE\RTOS\port.o
                0x08001b20                PendSV_Handler
 .text.xPortSysTickHandler
                0x08001b88       0x40 RTE\RTOS\port.o
                0x08001b88                xPortSysTickHandler
 .text.vPortSetupTimerInterrupt
                0x08001bc8       0x38 RTE\RTOS\port.o
                0x08001bc8                vPortSetupTimerInterrupt
 .text.vPortEnableVFP
                0x08001c00       0x14 RTE\RTOS\port.o
 .text.xQueueGenericReset
                0x08001c14       0xb4 RTE\RTOS\queue.o
                0x08001c14                xQueueGenericReset
 .text.xQueueGenericCreateStatic
                0x08001cc8       0x40 RTE\RTOS\queue.o
                0x08001cc8                xQueueGenericCreateStatic
 .text.prvInitialiseNewQueue
                0x08001d08       0x48 RTE\RTOS\queue.o
 .text.xQueueGenericSend
                0x08001d50      0x154 RTE\RTOS\queue.o
                0x08001d50                xQueueGenericSend
 .text.xQueueGenericSendFromISR
                0x08001ea4       0xb0 RTE\RTOS\queue.o
                0x08001ea4                xQueueGenericSendFromISR
 .text.xQueueGenericReceive
                0x08001f54      0x1b0 RTE\RTOS\queue.o
                0x08001f54                xQueueGenericReceive
 .text.prvCopyDataToQueue
                0x08002104       0xd4 RTE\RTOS\queue.o
 .text.prvCopyDataFromQueue
                0x080021d8       0x4c RTE\RTOS\queue.o
 .text.prvUnlockQueue
                0x08002224       0xa4 RTE\RTOS\queue.o
 .text.prvIsQueueEmpty
                0x080022c8       0x2c RTE\RTOS\queue.o
 .text.prvIsQueueFull
                0x080022f4       0x30 RTE\RTOS\queue.o
 .text.vQueueWaitForMessageRestricted
                0x08002324       0x68 RTE\RTOS\queue.o
                0x08002324                vQueueWaitForMessageRestricted
 .text.xTaskCreateStatic
                0x0800238c       0x60 RTE\RTOS\tasks.o
                0x0800238c                xTaskCreateStatic
 .text.xTaskCreate
                0x080023ec       0x8c RTE\RTOS\tasks.o
                0x080023ec                xTaskCreate
 .text.prvInitialiseNewTask
                0x08002478       0xf0 RTE\RTOS\tasks.o
 .text.prvAddNewTaskToReadyList
                0x08002568       0xe0 RTE\RTOS\tasks.o
 .text.vTaskDelay
                0x08002648       0x48 RTE\RTOS\tasks.o
                0x08002648                vTaskDelay
 .text.vTaskStartScheduler
                0x08002690       0xac RTE\RTOS\tasks.o
                0x08002690                vTaskStartScheduler
 .text.vTaskSuspendAll
                0x0800273c       0x1c RTE\RTOS\tasks.o
                0x0800273c                vTaskSuspendAll
 .text.xTaskResumeAll
                0x08002758      0x11c RTE\RTOS\tasks.o
                0x08002758                xTaskResumeAll
 .text.xTaskGetTickCount
                0x08002874       0x20 RTE\RTOS\tasks.o
                0x08002874                xTaskGetTickCount
 .text.xTaskIncrementTick
                0x08002894      0x15c RTE\RTOS\tasks.o
                0x08002894                xTaskIncrementTick
 .text.vTaskSwitchContext
                0x080029f0       0xe8 RTE\RTOS\tasks.o
                0x080029f0                vTaskSwitchContext
 .text.vTaskPlaceOnEventList
                0x08002ad8       0x2c RTE\RTOS\tasks.o
                0x08002ad8                vTaskPlaceOnEventList
 .text.vTaskPlaceOnEventListRestricted
                0x08002b04       0x3c RTE\RTOS\tasks.o
                0x08002b04                vTaskPlaceOnEventListRestricted
 .text.xTaskRemoveFromEventList
                0x08002b40       0xac RTE\RTOS\tasks.o
                0x08002b40                xTaskRemoveFromEventList
 .text.vTaskSetTimeOutState
                0x08002bec       0x2c RTE\RTOS\tasks.o
                0x08002bec                vTaskSetTimeOutState
 .text.xTaskCheckForTimeOut
                0x08002c18       0x88 RTE\RTOS\tasks.o
                0x08002c18                xTaskCheckForTimeOut
 .text.vTaskMissedYield
                0x08002ca0       0x18 RTE\RTOS\tasks.o
                0x08002ca0                vTaskMissedYield
 .text.prvIdleTask
                0x08002cb8       0x30 RTE\RTOS\tasks.o
 .text.prvInitialiseTaskLists
                0x08002ce8       0x80 RTE\RTOS\tasks.o
 .text.prvCheckTasksWaitingTermination
                0x08002d68       0x78 RTE\RTOS\tasks.o
 .text.prvDeleteTCB
                0x08002de0       0x3c RTE\RTOS\tasks.o
 .text.prvResetNextTaskUnblockTime
                0x08002e1c       0x4c RTE\RTOS\tasks.o
 .text.xTaskGetSchedulerState
                0x08002e68       0x3c RTE\RTOS\tasks.o
                0x08002e68                xTaskGetSchedulerState
 .text.vTaskPriorityInherit
                0x08002ea4       0xbc RTE\RTOS\tasks.o
                0x08002ea4                vTaskPriorityInherit
 .text.xTaskPriorityDisinherit
                0x08002f60       0x98 RTE\RTOS\tasks.o
                0x08002f60                xTaskPriorityDisinherit
 .text.pvTaskIncrementMutexHeldCount
                0x08002ff8       0x28 RTE\RTOS\tasks.o
                0x08002ff8                pvTaskIncrementMutexHeldCount
 .text.prvAddCurrentTaskToDelayedList
                0x08003020       0xa8 RTE\RTOS\tasks.o
 .text.xTimerCreateTimerTask
                0x080030c8       0x74 RTE\RTOS\timers.o
                0x080030c8                xTimerCreateTimerTask
 .text.xTimerGenericCommand
                0x0800313c       0x80 RTE\RTOS\timers.o
                0x0800313c                xTimerGenericCommand
 .text.prvProcessExpiredTimer
                0x080031bc       0x64 RTE\RTOS\timers.o
 .text.prvTimerTask
                0x08003220       0x24 RTE\RTOS\timers.o
 .text.prvProcessTimerOrBlockTask
                0x08003244       0x9c RTE\RTOS\timers.o
 .text.prvGetNextExpireTime
                0x080032e0       0x48 RTE\RTOS\timers.o
 .text.prvSampleTimeNow
                0x08003328       0x40 RTE\RTOS\timers.o
 .text.prvInsertTimerInActiveList
                0x08003368       0x84 RTE\RTOS\timers.o
 .text.prvProcessReceivedCommands
                0x080033ec      0x114 RTE\RTOS\timers.o
 .text.prvSwitchTimerLists
                0x08003500       0xa8 RTE\RTOS\timers.o
 .text.prvCheckForValidListAndQueue
                0x080035a8       0x68 RTE\RTOS\timers.o
 .text._ZN5LCD03D2Ev
                0x08003610       0x30 components\LCD03\LCD03.o
                0x08003610                LCD03::~LCD03()
                0x08003610                LCD03::~LCD03()
 .text._ZN5LCD03D0Ev
                0x08003640       0x20 components\LCD03\LCD03.o
                0x08003640                LCD03::~LCD03()
 .text._ZN5LCD03C2ENS_14COMM_MODE_ENUMENS_9SIZE_ENUMENS_16I2C_ADDRESS_ENUME
                0x08003660       0x64 components\LCD03\LCD03.o
                0x08003660                LCD03::LCD03(LCD03::COMM_MODE_ENUM, LCD03::SIZE_ENUM, LCD03::I2C_ADDRESS_ENUM)
                0x08003660                LCD03::LCD03(LCD03::COMM_MODE_ENUM, LCD03::SIZE_ENUM, LCD03::I2C_ADDRESS_ENUM)
 .text._ZN5LCD0312send_commandENS_12COMMAND_ENUME
                0x080036c4       0x50 components\LCD03\LCD03.o
                0x080036c4                LCD03::send_command(LCD03::COMMAND_ENUM)
 .text._ZN5LCD0312clear_screenEv
                0x08003714       0x18 components\LCD03\LCD03.o
                0x08003714                LCD03::clear_screen()
 .text._ZN9LCD03PortC2Ev
                0x0800372c       0x20 components\LCD03\port\stm32\LCD03Port.o
                0x0800372c                LCD03Port::LCD03Port()
                0x0800372c                LCD03Port::LCD03Port()
 .text._ZN9LCD03PortD2Ev
                0x0800374c       0x28 components\LCD03\port\stm32\LCD03Port.o
                0x0800374c                LCD03Port::~LCD03Port()
                0x0800374c                LCD03Port::~LCD03Port()
 .text._ZN9LCD03PortD0Ev
                0x08003774       0x20 components\LCD03\port\stm32\LCD03Port.o
                0x08003774                LCD03Port::~LCD03Port()
 .text._ZN9LCD03Port14portSerialInitEv
                0x08003794      0x108 components\LCD03\port\stm32\LCD03Port.o
                0x08003794                LCD03Port::portSerialInit()
 .text._ZN9LCD03Port18portSerialTransmitEh
                0x0800389c       0x28 components\LCD03\port\stm32\LCD03Port.o
                0x0800389c                LCD03Port::portSerialTransmit(unsigned char)
 .text._ZN9LCD03Port15portI2CTransmitEh
                0x080038c4       0x1c components\LCD03\port\stm32\LCD03Port.o
                0x080038c4                LCD03Port::portI2CTransmit(unsigned char)
 .text._ZN9NRF24L01pC2Ev
                0x080038e0      0x234 components\NRF24L01p\NRF24L01p.o
                0x080038e0                NRF24L01p::NRF24L01p()
                0x080038e0                NRF24L01p::NRF24L01p()
 .text._ZN9NRF24L01pD2Ev
                0x08003b14       0x30 components\NRF24L01p\NRF24L01p.o
                0x08003b14                NRF24L01p::~NRF24L01p()
                0x08003b14                NRF24L01p::~NRF24L01p()
 .text._ZN9NRF24L01pD0Ev
                0x08003b44       0x20 components\NRF24L01p\NRF24L01p.o
                0x08003b44                NRF24L01p::~NRF24L01p()
 .text._ZN9NRF24L01p17ResetConfigValuesEPNS_13RadioConfig_tEPNS_14RxPipeConfig_tE
                0x08003b64      0x1b0 components\NRF24L01p\NRF24L01p.o
                0x08003b64                NRF24L01p::ResetConfigValues(NRF24L01p::RadioConfig_t*, NRF24L01p::RxPipeConfig_t*)
 .text._ZN9NRF24L01p9RadioModeENS_12RadioState_tE
                0x08003d14       0xf0 components\NRF24L01p\NRF24L01p.o
                0x08003d14                NRF24L01p::RadioMode(NRF24L01p::RadioState_t)
 .text._ZN9NRF24L01p8writableEv
                0x08003e04       0x20 components\NRF24L01p\NRF24L01p.o
                0x08003e04                NRF24L01p::writable()
 .text._ZN9NRF24L01p12writePayloadEPNS_9Payload_tE
                0x08003e24       0x58 components\NRF24L01p\NRF24L01p.o
                0x08003e24                NRF24L01p::writePayload(NRF24L01p::Payload_t*)
 .text._ZN9NRF24L01p15TransmitPayloadEPNS_9Payload_tE
                0x08003e7c      0x1dc components\NRF24L01p\NRF24L01p.o
                0x08003e7c                NRF24L01p::TransmitPayload(NRF24L01p::Payload_t*)
 .text._ZN15NRF24L01pDriverC2Ev
                0x08004058       0x24 components\NRF24L01p\NRF24L01pDriver.o
                0x08004058                NRF24L01pDriver::NRF24L01pDriver()
                0x08004058                NRF24L01pDriver::NRF24L01pDriver()
 .text._ZN15NRF24L01pDriverD2Ev
                0x0800407c       0x30 components\NRF24L01p\NRF24L01pDriver.o
                0x0800407c                NRF24L01pDriver::~NRF24L01pDriver()
                0x0800407c                NRF24L01pDriver::~NRF24L01pDriver()
 .text._ZN15NRF24L01pDriverD0Ev
                0x080040ac       0x20 components\NRF24L01p\NRF24L01pDriver.o
                0x080040ac                NRF24L01pDriver::~NRF24L01pDriver()
 .text._ZN15NRF24L01pDriver13read_registerEh
                0x080040cc       0x50 components\NRF24L01p\NRF24L01pDriver.o
                0x080040cc                NRF24L01pDriver::read_register(unsigned char)
 .text._ZN15NRF24L01pDriver13read_registerEhPhi
                0x0800411c       0x50 components\NRF24L01p\NRF24L01pDriver.o
                0x0800411c                NRF24L01pDriver::read_register(unsigned char, unsigned char*, int)
 .text._ZN15NRF24L01pDriver14write_registerEhh
                0x0800416c       0x5c components\NRF24L01p\NRF24L01pDriver.o
                0x0800416c                NRF24L01pDriver::write_register(unsigned char, unsigned char)
 .text._ZN15NRF24L01pDriver14write_registerEhPhi
                0x080041c8       0x5c components\NRF24L01p\NRF24L01pDriver.o
                0x080041c8                NRF24L01pDriver::write_register(unsigned char, unsigned char*, int)
 .text._ZN15NRF24L01pDriver16write_tx_payloadEPhi
                0x08004224       0x48 components\NRF24L01p\NRF24L01pDriver.o
                0x08004224                NRF24L01pDriver::write_tx_payload(unsigned char*, int)
 .text._ZN15NRF24L01pDriver8flush_txEv
                0x0800426c       0x38 components\NRF24L01p\NRF24L01pDriver.o
                0x0800426c                NRF24L01pDriver::flush_tx()
 .text._ZN15NRF24L01pDriver8flush_rxEv
                0x080042a4       0x38 components\NRF24L01p\NRF24L01pDriver.o
                0x080042a4                NRF24L01pDriver::flush_rx()
 .text._ZN15NRF24L01pDriver22write_tx_payload_noackEPhi
                0x080042dc       0x48 components\NRF24L01p\NRF24L01pDriver.o
                0x080042dc                NRF24L01pDriver::write_tx_payload_noack(unsigned char*, int)
 .text._ZN15NRF24L01pDriver10get_statusEv
                0x08004324       0x38 components\NRF24L01p\NRF24L01pDriver.o
                0x08004324                NRF24L01pDriver::get_status()
 .text._ZN15NRF24L01pDriver8power_upEv
                0x0800435c       0x30 components\NRF24L01p\NRF24L01pDriver.o
                0x0800435c                NRF24L01pDriver::power_up()
 .text._ZN15NRF24L01pDriver10power_downEv
                0x0800438c       0x30 components\NRF24L01p\NRF24L01pDriver.o
                0x0800438c                NRF24L01pDriver::power_down()
 .text._ZN15NRF24L01pDriver7rx_modeEv
                0x080043bc       0x30 components\NRF24L01p\NRF24L01pDriver.o
                0x080043bc                NRF24L01pDriver::rx_mode()
 .text._ZN15NRF24L01pDriver7tx_modeEv
                0x080043ec       0x30 components\NRF24L01p\NRF24L01pDriver.o
                0x080043ec                NRF24L01pDriver::tx_mode()
 .text._ZN15NRF24L01pDriver15enable_auto_ackENS_6pipe_tEb
                0x0800441c       0x7c components\NRF24L01p\NRF24L01pDriver.o
                0x0800441c                NRF24L01pDriver::enable_auto_ack(NRF24L01pDriver::pipe_t, bool)
 .text._ZN15NRF24L01pDriver17enable_rx_on_pipeENS_6pipe_tEb
                0x08004498       0x7c components\NRF24L01p\NRF24L01pDriver.o
                0x08004498                NRF24L01pDriver::enable_rx_on_pipe(NRF24L01pDriver::pipe_t, bool)
 .text._ZN15NRF24L01pDriver29set_auto_retransmission_countEh
                0x08004514       0x3c components\NRF24L01p\NRF24L01pDriver.o
                0x08004514                NRF24L01pDriver::set_auto_retransmission_count(unsigned char)
 .text._ZN15NRF24L01pDriver29set_auto_retransmission_delayEh
                0x08004550       0x44 components\NRF24L01p\NRF24L01pDriver.o
                0x08004550                NRF24L01pDriver::set_auto_retransmission_delay(unsigned char)
 .text._ZN15NRF24L01pDriver20set_frequency_offsetEh
                0x08004594       0x28 components\NRF24L01p\NRF24L01pDriver.o
                0x08004594                NRF24L01pDriver::set_frequency_offset(unsigned char)
 .text._ZN15NRF24L01pDriver12set_DataRateENS_10datarate_tE
                0x080045bc       0x3c components\NRF24L01p\NRF24L01pDriver.o
                0x080045bc                NRF24L01pDriver::set_DataRate(NRF24L01pDriver::datarate_t)
 .text._ZN15NRF24L01pDriver18get_max_retry_flagEv
                0x080045f8       0x30 components\NRF24L01p\NRF24L01pDriver.o
                0x080045f8                NRF24L01pDriver::get_max_retry_flag()
 .text._ZN15NRF24L01pDriver20clear_max_retry_flagEv
                0x08004628       0x24 components\NRF24L01p\NRF24L01pDriver.o
                0x08004628                NRF24L01pDriver::clear_max_retry_flag()
 .text._ZN15NRF24L01pDriver18get_data_sent_flagEv
                0x0800464c       0x30 components\NRF24L01p\NRF24L01pDriver.o
                0x0800464c                NRF24L01pDriver::get_data_sent_flag()
 .text._ZN15NRF24L01pDriver20clear_data_sent_flagEv
                0x0800467c       0x24 components\NRF24L01p\NRF24L01pDriver.o
                0x0800467c                NRF24L01pDriver::clear_data_sent_flag()
 .text._ZN15NRF24L01pDriver21clear_data_ready_flagEv
                0x080046a0       0x24 components\NRF24L01p\NRF24L01pDriver.o
                0x080046a0                NRF24L01pDriver::clear_data_ready_flag()
 .text._ZN15NRF24L01pDriver14get_plos_countEv
                0x080046c4       0x24 components\NRF24L01p\NRF24L01pDriver.o
                0x080046c4                NRF24L01pDriver::get_plos_count()
 .text._ZN15NRF24L01pDriver19set_RX_pipe_addressENS_6pipe_tEy
                0x080046e8       0x90 components\NRF24L01p\NRF24L01pDriver.o
                0x080046e8                NRF24L01pDriver::set_RX_pipe_address(NRF24L01pDriver::pipe_t, unsigned long long)
 .text._ZN15NRF24L01pDriver19set_TX_pipe_addressEy
                0x08004778       0x68 components\NRF24L01p\NRF24L01pDriver.o
                0x08004778                NRF24L01pDriver::set_TX_pipe_address(unsigned long long)
 .text._ZN15NRF24L01pDriver21get_fifo_flag_tx_fullEv
                0x080047e0       0x34 components\NRF24L01p\NRF24L01pDriver.o
                0x080047e0                NRF24L01pDriver::get_fifo_flag_tx_full()
 .text._ZN15NRF24L01pDriver27enable_dynamic_payload_pipeENS_6pipe_tEb
                0x08004814       0x7c components\NRF24L01p\NRF24L01pDriver.o
                0x08004814                NRF24L01pDriver::enable_dynamic_payload_pipe(NRF24L01pDriver::pipe_t, bool)
 .text._ZN15NRF24L01pDriver22enable_dynamic_payloadEb
                0x08004890       0x5c components\NRF24L01p\NRF24L01pDriver.o
                0x08004890                NRF24L01pDriver::enable_dynamic_payload(bool)
 .text._ZN15NRF24L01pDriver23enable_payload_with_ackEb
                0x080048ec       0x5c components\NRF24L01p\NRF24L01pDriver.o
                0x080048ec                NRF24L01pDriver::enable_payload_with_ack(bool)
 .text._ZN15NRF24L01pDriver34enable_dynamic_payload_with_no_ackEb
                0x08004948       0x5c components\NRF24L01p\NRF24L01pDriver.o
                0x08004948                NRF24L01pDriver::enable_dynamic_payload_with_no_ack(bool)
 .text._ZN13NRF24L01pPortC2Ev
                0x080049a4       0x20 components\NRF24L01p\port\stm32\NRF24L01pPort.o
                0x080049a4                NRF24L01pPort::NRF24L01pPort()
                0x080049a4                NRF24L01pPort::NRF24L01pPort()
 .text._ZN13NRF24L01pPortD2Ev
                0x080049c4       0x28 components\NRF24L01p\port\stm32\NRF24L01pPort.o
                0x080049c4                NRF24L01pPort::~NRF24L01pPort()
                0x080049c4                NRF24L01pPort::~NRF24L01pPort()
 .text._ZN13NRF24L01pPortD0Ev
                0x080049ec       0x20 components\NRF24L01p\port\stm32\NRF24L01pPort.o
                0x080049ec                NRF24L01pPort::~NRF24L01pPort()
 .text._ZN13NRF24L01pPort15port_InitializeEv
                0x08004a0c      0x1a0 components\NRF24L01p\port\stm32\NRF24L01pPort.o
                0x08004a0c                NRF24L01pPort::port_Initialize()
 .text._ZN13NRF24L01pPort11port_Pin_CEEb
                0x08004bac       0x24 components\NRF24L01p\port\stm32\NRF24L01pPort.o
                0x08004bac                NRF24L01pPort::port_Pin_CE(bool)
 .text._ZN13NRF24L01pPort12port_Pin_CSNEb
                0x08004bd0       0x24 components\NRF24L01p\port\stm32\NRF24L01pPort.o
                0x08004bd0                NRF24L01pPort::port_Pin_CSN(bool)
 .text._ZN13NRF24L01pPort19port_SPI_TranscieveEPhj
                0x08004bf4       0x30 components\NRF24L01p\port\stm32\NRF24L01pPort.o
                0x08004bf4                NRF24L01pPort::port_SPI_Transcieve(unsigned char*, unsigned int)
 .text._ZN13NRF24L01pPort12port_DelayMsEj
                0x08004c24       0x18 components\NRF24L01p\port\stm32\NRF24L01pPort.o
                0x08004c24                NRF24L01pPort::port_DelayMs(unsigned int)
 .text._ZN13NRF24L01pPort12port_DelayUsEj
                0x08004c3c       0x28 components\NRF24L01p\port\stm32\NRF24L01pPort.o
                0x08004c3c                NRF24L01pPort::port_DelayUs(unsigned int)
 *fill*         0x08004c64        0x4 
 .text._Z10RadioResetv
                0x08004c68      0x134 src\main.o
                0x08004c68                RadioReset()
 *fill*         0x08004d9c        0x4 
 .text._Z16nrf24l01p_threadPv
                0x08004da0      0x164 src\main.o
                0x08004da0                nrf24l01p_thread(void*)
 .text.main     0x08004f04       0x34 src\main.o
                0x08004f04                main
 .text._Z41__static_initialization_and_destruction_0ii
                0x08004f38       0x44 src\main.o
 .text._GLOBAL__sub_I_lcd
                0x08004f7c       0x10 src\main.o
 .text.ITM_SendChar
                0x08004f8c       0x50 src\syscalls.o
 .text._write   0x08004fdc       0x44 src\syscalls.o
                0x08004fdc                _write
 .text._sbrk    0x08005020       0x40 src\syscalls.o
                0x08005020                _sbrk
 .text._close   0x08005060       0x24 src\syscalls.o
                0x08005060                _close
 .text._fstat   0x08005084       0x24 src\syscalls.o
                0x08005084                _fstat
 .text._isatty  0x080050a8       0x20 src\syscalls.o
                0x080050a8                _isatty
 .text._lseek   0x080050c8       0x28 src\syscalls.o
                0x080050c8                _lseek
 .text._read    0x080050f0       0x28 src\syscalls.o
                0x080050f0                _read
 .text.__aeabi_atexit
                0x08005118        0xa c:/program files (x86)/atollic/truestudio for arm 7.1.2/armtools/bin/../lib/gcc/arm-atollic-eabi/5.3.1/../../../../arm-atollic-eabi/lib/armv7e-m/fpu\libstdc++_nano.a(atexit_arm.o)
                0x08005118                __aeabi_atexit
 .text._ZdlPv   0x08005122        0x4 c:/program files (x86)/atollic/truestudio for arm 7.1.2/armtools/bin/../lib/gcc/arm-atollic-eabi/5.3.1/../../../../arm-atollic-eabi/lib/armv7e-m/fpu\libstdc++_nano.a(del_op.o)
                0x08005122                operator delete(void*)
 *fill*         0x08005126        0x2 
 .text.__cxa_atexit
                0x08005128       0x1c c:/program files (x86)/atollic/truestudio for arm 7.1.2/armtools/bin/../lib/gcc/arm-atollic-eabi/5.3.1/../../../../arm-atollic-eabi/lib/armv7e-m/fpu\libc_nano.a(lib_a-cxa_atexit.o)
                0x08005128                __cxa_atexit
 .text.__libc_init_array
                0x08005144       0x4c c:/program files (x86)/atollic/truestudio for arm 7.1.2/armtools/bin/../lib/gcc/arm-atollic-eabi/5.3.1/../../../../arm-atollic-eabi/lib/armv7e-m/fpu\libc_nano.a(lib_a-init.o)
                0x08005144                __libc_init_array
 .text.free     0x08005190       0x10 c:/program files (x86)/atollic/truestudio for arm 7.1.2/armtools/bin/../lib/gcc/arm-atollic-eabi/5.3.1/../../../../arm-atollic-eabi/lib/armv7e-m/fpu\libc_nano.a(lib_a-malloc.o)
                0x08005190                free
 .text.memcpy   0x080051a0       0x16 c:/program files (x86)/atollic/truestudio for arm 7.1.2/armtools/bin/../lib/gcc/arm-atollic-eabi/5.3.1/../../../../arm-atollic-eabi/lib/armv7e-m/fpu\libc_nano.a(lib_a-memcpy-stub.o)
                0x080051a0                memcpy
 .text.memset   0x080051b6       0x10 c:/program files (x86)/atollic/truestudio for arm 7.1.2/armtools/bin/../lib/gcc/arm-atollic-eabi/5.3.1/../../../../arm-atollic-eabi/lib/armv7e-m/fpu\libc_nano.a(lib_a-memset.o)
                0x080051b6                memset
 *fill*         0x080051c6        0x2 
 .text._free_r  0x080051c8       0x9c c:/program files (x86)/atollic/truestudio for arm 7.1.2/armtools/bin/../lib/gcc/arm-atollic-eabi/5.3.1/../../../../arm-atollic-eabi/lib/armv7e-m/fpu\libc_nano.a(lib_a-nano-freer.o)
                0x080051c8                _free_r
 .text._malloc_r
                0x08005264       0xbc c:/program files (x86)/atollic/truestudio for arm 7.1.2/armtools/bin/../lib/gcc/arm-atollic-eabi/5.3.1/../../../../arm-atollic-eabi/lib/armv7e-m/fpu\libc_nano.a(lib_a-nano-mallocr.o)
                0x08005264                _malloc_r
 .text.printf   0x08005320       0x30 c:/program files (x86)/atollic/truestudio for arm 7.1.2/armtools/bin/../lib/gcc/arm-atollic-eabi/5.3.1/../../../../arm-atollic-eabi/lib/armv7e-m/fpu\libc_nano.a(lib_a-printf.o)
                0x08005320                iprintf
                0x08005320                printf
 .text._puts_r  0x08005350       0xb4 c:/program files (x86)/atollic/truestudio for arm 7.1.2/armtools/bin/../lib/gcc/arm-atollic-eabi/5.3.1/../../../../arm-atollic-eabi/lib/armv7e-m/fpu\libc_nano.a(lib_a-puts.o)
                0x08005350                _puts_r
 .text.puts     0x08005404       0x10 c:/program files (x86)/atollic/truestudio for arm 7.1.2/armtools/bin/../lib/gcc/arm-atollic-eabi/5.3.1/../../../../arm-atollic-eabi/lib/armv7e-m/fpu\libc_nano.a(lib_a-puts.o)
                0x08005404                puts
 .text._sbrk_r  0x08005414       0x20 c:/program files (x86)/atollic/truestudio for arm 7.1.2/armtools/bin/../lib/gcc/arm-atollic-eabi/5.3.1/../../../../arm-atollic-eabi/lib/armv7e-m/fpu\libc_nano.a(lib_a-sbrkr.o)
                0x08005414                _sbrk_r
 .text.__swbuf_r
                0x08005434       0xa8 c:/program files (x86)/atollic/truestudio for arm 7.1.2/armtools/bin/../lib/gcc/arm-atollic-eabi/5.3.1/../../../../arm-atollic-eabi/lib/armv7e-m/fpu\libc_nano.a(lib_a-wbuf.o)
                0x08005434                __swbuf_r
 .text.__swsetup_r
                0x080054dc       0xdc c:/program files (x86)/atollic/truestudio for arm 7.1.2/armtools/bin/../lib/gcc/arm-atollic-eabi/5.3.1/../../../../arm-atollic-eabi/lib/armv7e-m/fpu\libc_nano.a(lib_a-wsetup.o)
                0x080054dc                __swsetup_r
 .text.__sflush_r
                0x080055b8      0x110 c:/program files (x86)/atollic/truestudio for arm 7.1.2/armtools/bin/../lib/gcc/arm-atollic-eabi/5.3.1/../../../../arm-atollic-eabi/lib/armv7e-m/fpu\libc_nano.a(lib_a-fflush.o)
                0x080055b8                __sflush_r
 .text._fflush_r
                0x080056c8       0x54 c:/program files (x86)/atollic/truestudio for arm 7.1.2/armtools/bin/../lib/gcc/arm-atollic-eabi/5.3.1/../../../../arm-atollic-eabi/lib/armv7e-m/fpu\libc_nano.a(lib_a-fflush.o)
                0x080056c8                _fflush_r
 .text._cleanup_r
                0x0800571c        0xc c:/program files (x86)/atollic/truestudio for arm 7.1.2/armtools/bin/../lib/gcc/arm-atollic-eabi/5.3.1/../../../../arm-atollic-eabi/lib/armv7e-m/fpu\libc_nano.a(lib_a-findfp.o)
                0x0800571c                _cleanup_r
 .text.std.isra.0
                0x08005728       0x48 c:/program files (x86)/atollic/truestudio for arm 7.1.2/armtools/bin/../lib/gcc/arm-atollic-eabi/5.3.1/../../../../arm-atollic-eabi/lib/armv7e-m/fpu\libc_nano.a(lib_a-findfp.o)
 .text.__sfmoreglue
                0x08005770       0x2c c:/program files (x86)/atollic/truestudio for arm 7.1.2/armtools/bin/../lib/gcc/arm-atollic-eabi/5.3.1/../../../../arm-atollic-eabi/lib/armv7e-m/fpu\libc_nano.a(lib_a-findfp.o)
                0x08005770                __sfmoreglue
 .text.__sinit  0x0800579c       0x60 c:/program files (x86)/atollic/truestudio for arm 7.1.2/armtools/bin/../lib/gcc/arm-atollic-eabi/5.3.1/../../../../arm-atollic-eabi/lib/armv7e-m/fpu\libc_nano.a(lib_a-findfp.o)
                0x0800579c                __sinit
 .text.__sfp    0x080057fc       0x78 c:/program files (x86)/atollic/truestudio for arm 7.1.2/armtools/bin/../lib/gcc/arm-atollic-eabi/5.3.1/../../../../arm-atollic-eabi/lib/armv7e-m/fpu\libc_nano.a(lib_a-findfp.o)
                0x080057fc                __sfp
 .text._fwalk_reent
                0x08005874       0x3c c:/program files (x86)/atollic/truestudio for arm 7.1.2/armtools/bin/../lib/gcc/arm-atollic-eabi/5.3.1/../../../../arm-atollic-eabi/lib/armv7e-m/fpu\libc_nano.a(lib_a-fwalk.o)
                0x08005874                _fwalk_reent
 .text.__swhatbuf_r
                0x080058b0       0x46 c:/program files (x86)/atollic/truestudio for arm 7.1.2/armtools/bin/../lib/gcc/arm-atollic-eabi/5.3.1/../../../../arm-atollic-eabi/lib/armv7e-m/fpu\libc_nano.a(lib_a-makebuf.o)
                0x080058b0                __swhatbuf_r
 *fill*         0x080058f6        0x2 
 .text.__smakebuf_r
                0x080058f8       0x78 c:/program files (x86)/atollic/truestudio for arm 7.1.2/armtools/bin/../lib/gcc/arm-atollic-eabi/5.3.1/../../../../arm-atollic-eabi/lib/armv7e-m/fpu\libc_nano.a(lib_a-makebuf.o)
                0x080058f8                __smakebuf_r
 .text.__malloc_lock
                0x08005970        0x2 c:/program files (x86)/atollic/truestudio for arm 7.1.2/armtools/bin/../lib/gcc/arm-atollic-eabi/5.3.1/../../../../arm-atollic-eabi/lib/armv7e-m/fpu\libc_nano.a(lib_a-mlock.o)
                0x08005970                __malloc_lock
 .text.__malloc_unlock
                0x08005972        0x2 c:/program files (x86)/atollic/truestudio for arm 7.1.2/armtools/bin/../lib/gcc/arm-atollic-eabi/5.3.1/../../../../arm-atollic-eabi/lib/armv7e-m/fpu\libc_nano.a(lib_a-mlock.o)
                0x08005972                __malloc_unlock
 .text.__sfputc_r
                0x08005974       0x30 c:/program files (x86)/atollic/truestudio for arm 7.1.2/armtools/bin/../lib/gcc/arm-atollic-eabi/5.3.1/../../../../arm-atollic-eabi/lib/armv7e-m/fpu\libc_nano.a(lib_a-nano-vfprintf.o)
 .text.__sfputs_r
                0x080059a4       0x24 c:/program files (x86)/atollic/truestudio for arm 7.1.2/armtools/bin/../lib/gcc/arm-atollic-eabi/5.3.1/../../../../arm-atollic-eabi/lib/armv7e-m/fpu\libc_nano.a(lib_a-nano-vfprintf.o)
                0x080059a4                __sfputs_r
 .text._vfprintf_r
                0x080059c8      0x238 c:/program files (x86)/atollic/truestudio for arm 7.1.2/armtools/bin/../lib/gcc/arm-atollic-eabi/5.3.1/../../../../arm-atollic-eabi/lib/armv7e-m/fpu\libc_nano.a(lib_a-nano-vfprintf.o)
                0x080059c8                _vfprintf_r
                0x080059c8                _vfiprintf_r
 .text._printf_common
                0x08005c00       0xec c:/program files (x86)/atollic/truestudio for arm 7.1.2/armtools/bin/../lib/gcc/arm-atollic-eabi/5.3.1/../../../../arm-atollic-eabi/lib/armv7e-m/fpu\libc_nano.a(lib_a-nano-vfprintf_i.o)
                0x08005c00                _printf_common
 .text._printf_i
                0x08005cec      0x24c c:/program files (x86)/atollic/truestudio for arm 7.1.2/armtools/bin/../lib/gcc/arm-atollic-eabi/5.3.1/../../../../arm-atollic-eabi/lib/armv7e-m/fpu\libc_nano.a(lib_a-nano-vfprintf_i.o)
                0x08005cec                _printf_i
 .text.__sread  0x08005f38       0x22 c:/program files (x86)/atollic/truestudio for arm 7.1.2/armtools/bin/../lib/gcc/arm-atollic-eabi/5.3.1/../../../../arm-atollic-eabi/lib/armv7e-m/fpu\libc_nano.a(lib_a-stdio.o)
                0x08005f38                __sread
 .text.__swrite
                0x08005f5a       0x38 c:/program files (x86)/atollic/truestudio for arm 7.1.2/armtools/bin/../lib/gcc/arm-atollic-eabi/5.3.1/../../../../arm-atollic-eabi/lib/armv7e-m/fpu\libc_nano.a(lib_a-stdio.o)
                0x08005f5a                __swrite
 .text.__sseek  0x08005f92       0x24 c:/program files (x86)/atollic/truestudio for arm 7.1.2/armtools/bin/../lib/gcc/arm-atollic-eabi/5.3.1/../../../../arm-atollic-eabi/lib/armv7e-m/fpu\libc_nano.a(lib_a-stdio.o)
                0x08005f92                __sseek
 .text.__sclose
                0x08005fb6        0x8 c:/program files (x86)/atollic/truestudio for arm 7.1.2/armtools/bin/../lib/gcc/arm-atollic-eabi/5.3.1/../../../../arm-atollic-eabi/lib/armv7e-m/fpu\libc_nano.a(lib_a-stdio.o)
                0x08005fb6                __sclose
 *fill*         0x08005fbe        0x2 
 .text._write_r
                0x08005fc0       0x24 c:/program files (x86)/atollic/truestudio for arm 7.1.2/armtools/bin/../lib/gcc/arm-atollic-eabi/5.3.1/../../../../arm-atollic-eabi/lib/armv7e-m/fpu\libc_nano.a(lib_a-writer.o)
                0x08005fc0                _write_r
 .text._close_r
                0x08005fe4       0x20 c:/program files (x86)/atollic/truestudio for arm 7.1.2/armtools/bin/../lib/gcc/arm-atollic-eabi/5.3.1/../../../../arm-atollic-eabi/lib/armv7e-m/fpu\libc_nano.a(lib_a-closer.o)
                0x08005fe4                _close_r
 .text._fstat_r
                0x08006004       0x24 c:/program files (x86)/atollic/truestudio for arm 7.1.2/armtools/bin/../lib/gcc/arm-atollic-eabi/5.3.1/../../../../arm-atollic-eabi/lib/armv7e-m/fpu\libc_nano.a(lib_a-fstatr.o)
                0x08006004                _fstat_r
 .text._isatty_r
                0x08006028       0x20 c:/program files (x86)/atollic/truestudio for arm 7.1.2/armtools/bin/../lib/gcc/arm-atollic-eabi/5.3.1/../../../../arm-atollic-eabi/lib/armv7e-m/fpu\libc_nano.a(lib_a-isattyr.o)
                0x08006028                _isatty_r
 .text._lseek_r
                0x08006048       0x24 c:/program files (x86)/atollic/truestudio for arm 7.1.2/armtools/bin/../lib/gcc/arm-atollic-eabi/5.3.1/../../../../arm-atollic-eabi/lib/armv7e-m/fpu\libc_nano.a(lib_a-lseekr.o)
                0x08006048                _lseek_r
 .text._read_r  0x0800606c       0x24 c:/program files (x86)/atollic/truestudio for arm 7.1.2/armtools/bin/../lib/gcc/arm-atollic-eabi/5.3.1/../../../../arm-atollic-eabi/lib/armv7e-m/fpu\libc_nano.a(lib_a-readr.o)
                0x0800606c                _read_r
 *(.glue_7)
 .glue_7        0x08006090        0x0 linker stubs
 *(.glue_7t)
 .glue_7t       0x08006090        0x0 linker stubs
 *(.eh_frame)
 .eh_frame      0x08006090        0x0 c:/program files (x86)/atollic/truestudio for arm 7.1.2/armtools/bin/../lib/gcc/arm-atollic-eabi/5.3.1/armv7e-m/fpu/crtbegin.o
 *(.init)
 .init          0x08006090        0x4 c:/program files (x86)/atollic/truestudio for arm 7.1.2/armtools/bin/../lib/gcc/arm-atollic-eabi/5.3.1/armv7e-m/fpu/crti.o
                0x08006090                _init
 .init          0x08006094        0x8 c:/program files (x86)/atollic/truestudio for arm 7.1.2/armtools/bin/../lib/gcc/arm-atollic-eabi/5.3.1/armv7e-m/fpu/crtn.o
 *(.fini)
 .fini          0x0800609c        0x4 c:/program files (x86)/atollic/truestudio for arm 7.1.2/armtools/bin/../lib/gcc/arm-atollic-eabi/5.3.1/armv7e-m/fpu/crti.o
                0x0800609c                _fini
 .fini          0x080060a0        0x8 c:/program files (x86)/atollic/truestudio for arm 7.1.2/armtools/bin/../lib/gcc/arm-atollic-eabi/5.3.1/armv7e-m/fpu/crtn.o
                0x080060a8                . = ALIGN (0x4)
                0x080060a8                _etext = .

.vfp11_veneer   0x080060a8        0x0
 .vfp11_veneer  0x080060a8        0x0 linker stubs

.v4_bx          0x080060a8        0x0
 .v4_bx         0x080060a8        0x0 linker stubs

.iplt           0x080060a8        0x0
 .iplt          0x080060a8        0x0 c:/program files (x86)/atollic/truestudio for arm 7.1.2/armtools/bin/../lib/gcc/arm-atollic-eabi/5.3.1/armv7e-m/fpu/crtbegin.o

.rodata         0x080060a8      0x16c
                0x080060a8                . = ALIGN (0x4)
 *(.rodata)
 .rodata        0x080060a8        0x5 RTE\RTOS\tasks.o
 *fill*         0x080060ad        0x3 
 .rodata        0x080060b0        0x8 RTE\RTOS\timers.o
 .rodata        0x080060b8       0x5f src\main.o
 *(.rodata*)
 *fill*         0x08006117        0x1 
 .rodata.APBAHBPrescTable
                0x08006118       0x10 RTE\Device\STM32F446RETx\stm32f4xx_hal_rcc.o
                0x08006118                APBAHBPrescTable
 .rodata._ZTV5LCD03
                0x08006128       0x10 components\LCD03\LCD03.o
                0x08006128                vtable for LCD03
 .rodata._ZTV9LCD03Port
                0x08006138       0x10 components\LCD03\port\stm32\LCD03Port.o
                0x08006138                vtable for LCD03Port
 .rodata._ZTV9NRF24L01p
                0x08006148       0x10 components\NRF24L01p\NRF24L01p.o
                0x08006148                vtable for NRF24L01p
 .rodata._ZTV15NRF24L01pDriver
                0x08006158       0x10 components\NRF24L01p\NRF24L01pDriver.o
                0x08006158                vtable for NRF24L01pDriver
 .rodata._ZTV13NRF24L01pPort
                0x08006168       0x10 components\NRF24L01p\port\stm32\NRF24L01pPort.o
                0x08006168                vtable for NRF24L01pPort
 .rodata.str1.1
                0x08006178        0x2 c:/program files (x86)/atollic/truestudio for arm 7.1.2/armtools/bin/../lib/gcc/arm-atollic-eabi/5.3.1/../../../../arm-atollic-eabi/lib/armv7e-m/fpu\libc_nano.a(lib_a-impure.o)
 *fill*         0x0800617a        0x2 
 .rodata._global_impure_ptr
                0x0800617c        0x4 c:/program files (x86)/atollic/truestudio for arm 7.1.2/armtools/bin/../lib/gcc/arm-atollic-eabi/5.3.1/../../../../arm-atollic-eabi/lib/armv7e-m/fpu\libc_nano.a(lib_a-impure.o)
                0x0800617c                _global_impure_ptr
 .rodata.__sf_fake_stdin
                0x08006180       0x20 c:/program files (x86)/atollic/truestudio for arm 7.1.2/armtools/bin/../lib/gcc/arm-atollic-eabi/5.3.1/../../../../arm-atollic-eabi/lib/armv7e-m/fpu\libc_nano.a(lib_a-findfp.o)
                0x08006180                __sf_fake_stdin
 .rodata.__sf_fake_stdout
                0x080061a0       0x20 c:/program files (x86)/atollic/truestudio for arm 7.1.2/armtools/bin/../lib/gcc/arm-atollic-eabi/5.3.1/../../../../arm-atollic-eabi/lib/armv7e-m/fpu\libc_nano.a(lib_a-findfp.o)
                0x080061a0                __sf_fake_stdout
 .rodata.__sf_fake_stderr
                0x080061c0       0x20 c:/program files (x86)/atollic/truestudio for arm 7.1.2/armtools/bin/../lib/gcc/arm-atollic-eabi/5.3.1/../../../../arm-atollic-eabi/lib/armv7e-m/fpu\libc_nano.a(lib_a-findfp.o)
                0x080061c0                __sf_fake_stderr
 .rodata.str1.1
                0x080061e0       0x11 c:/program files (x86)/atollic/truestudio for arm 7.1.2/armtools/bin/../lib/gcc/arm-atollic-eabi/5.3.1/../../../../arm-atollic-eabi/lib/armv7e-m/fpu\libc_nano.a(lib_a-nano-vfprintf.o)
 .rodata.str1.1
                0x080061f1       0x22 c:/program files (x86)/atollic/truestudio for arm 7.1.2/armtools/bin/../lib/gcc/arm-atollic-eabi/5.3.1/../../../../arm-atollic-eabi/lib/armv7e-m/fpu\libc_nano.a(lib_a-nano-vfprintf_i.o)
                0x08006214                . = ALIGN (0x4)
 *fill*         0x08006213        0x1 

.rel.dyn        0x08006214        0x0
 .rel.iplt      0x08006214        0x0 c:/program files (x86)/atollic/truestudio for arm 7.1.2/armtools/bin/../lib/gcc/arm-atollic-eabi/5.3.1/armv7e-m/fpu/crtbegin.o

.ARM.extab
 *(.ARM.extab* .gnu.linkonce.armextab.*)

.ARM            0x08006214        0x0
                0x08006214                __exidx_start = .
 *(.ARM.exidx*)
                0x08006214                __exidx_end = .

.preinit_array  0x08006214        0x0
                0x08006214                PROVIDE (__preinit_array_start, .)
 *(.preinit_array*)
                0x08006214                PROVIDE (__preinit_array_end, .)

.init_array     0x08006214        0x8
                0x08006214                PROVIDE (__init_array_start, .)
 *(SORT(.init_array.*))
 *(.init_array*)
 .init_array    0x08006214        0x4 c:/program files (x86)/atollic/truestudio for arm 7.1.2/armtools/bin/../lib/gcc/arm-atollic-eabi/5.3.1/armv7e-m/fpu/crtbegin.o
 .init_array    0x08006218        0x4 src\main.o
                0x0800621c                PROVIDE (__init_array_end, .)

.fini_array     0x0800621c        0x4
                [!provide]                PROVIDE (__fini_array_start, .)
 *(SORT(.fini_array.*))
 *(.fini_array*)
 .fini_array    0x0800621c        0x4 c:/program files (x86)/atollic/truestudio for arm 7.1.2/armtools/bin/../lib/gcc/arm-atollic-eabi/5.3.1/armv7e-m/fpu/crtbegin.o
                [!provide]                PROVIDE (__fini_array_end, .)
                0x08006220                _sidata = LOADADDR (.data)

.data           0x20000000       0x98 load address 0x08006220
                0x20000000                . = ALIGN (0x4)
                0x20000000                _sdata = .
 *(.data)
 .data          0x20000000        0x4 c:/program files (x86)/atollic/truestudio for arm 7.1.2/armtools/bin/../lib/gcc/arm-atollic-eabi/5.3.1/armv7e-m/fpu/crtbegin.o
                0x20000000                __dso_handle
 *(.data*)
 .data.SystemCoreClock
                0x20000004        0x4 RTE\Device\STM32F446RETx\system_stm32f4xx.o
                0x20000004                SystemCoreClock
 .data.uxCriticalNesting
                0x20000008        0x4 RTE\RTOS\port.o
 .data._ZL23nrf24l01p_CE_pin_Struct
                0x2000000c       0x14 components\NRF24L01p\port\stm32\NRF24L01pPort.o
 .data._ZL24nrf24l01p_CSN_pin_Struct
                0x20000020       0x14 components\NRF24L01p\port\stm32\NRF24L01pPort.o
 .data.impure_data
                0x20000034       0x60 c:/program files (x86)/atollic/truestudio for arm 7.1.2/armtools/bin/../lib/gcc/arm-atollic-eabi/5.3.1/../../../../arm-atollic-eabi/lib/armv7e-m/fpu\libc_nano.a(lib_a-impure.o)
 .data._impure_ptr
                0x20000094        0x4 c:/program files (x86)/atollic/truestudio for arm 7.1.2/armtools/bin/../lib/gcc/arm-atollic-eabi/5.3.1/../../../../arm-atollic-eabi/lib/armv7e-m/fpu\libc_nano.a(lib_a-impure.o)
                0x20000094                _impure_ptr
                0x20000098                . = ALIGN (0x4)
                0x20000098                _edata = .

.igot.plt       0x20000098        0x0 load address 0x080062b8
 .igot.plt      0x20000098        0x0 c:/program files (x86)/atollic/truestudio for arm 7.1.2/armtools/bin/../lib/gcc/arm-atollic-eabi/5.3.1/armv7e-m/fpu/crtbegin.o
                0x20000098                . = ALIGN (0x4)

.bss            0x20000098     0x2b94 load address 0x080062b8
                0x20000098                _sbss = .
                0x20000098                __bss_start__ = _sbss
 *(.bss)
 .bss           0x20000098       0x1c c:/program files (x86)/atollic/truestudio for arm 7.1.2/armtools/bin/../lib/gcc/arm-atollic-eabi/5.3.1/armv7e-m/fpu/crtbegin.o
 *(.bss*)
 .bss.Idle_TCB  0x200000b4       0x5c RTE\CMSIS\cmsis_os2.o
 .bss.Idle_Stack
                0x20000110      0x200 RTE\CMSIS\cmsis_os2.o
 .bss.Timer_TCB
                0x20000310       0x5c RTE\CMSIS\cmsis_os2.o
 .bss.Timer_Stack
                0x2000036c      0x140 RTE\CMSIS\cmsis_os2.o
 .bss.ucHeap    0x200004ac     0x2000 RTE\RTOS\heap_4.o
 .bss.xStart    0x200024ac        0x8 RTE\RTOS\heap_4.o
 .bss.pxEnd     0x200024b4        0x4 RTE\RTOS\heap_4.o
 .bss.xFreeBytesRemaining
                0x200024b8        0x4 RTE\RTOS\heap_4.o
 .bss.xMinimumEverFreeBytesRemaining
                0x200024bc        0x4 RTE\RTOS\heap_4.o
 .bss.xBlockAllocatedBit
                0x200024c0        0x4 RTE\RTOS\heap_4.o
 .bss.pxCurrentTCB
                0x200024c4        0x4 RTE\RTOS\tasks.o
                0x200024c4                pxCurrentTCB
 .bss.pxReadyTasksLists
                0x200024c8      0x460 RTE\RTOS\tasks.o
 .bss.xDelayedTaskList1
                0x20002928       0x14 RTE\RTOS\tasks.o
 .bss.xDelayedTaskList2
                0x2000293c       0x14 RTE\RTOS\tasks.o
 .bss.pxDelayedTaskList
                0x20002950        0x4 RTE\RTOS\tasks.o
 .bss.pxOverflowDelayedTaskList
                0x20002954        0x4 RTE\RTOS\tasks.o
 .bss.xPendingReadyList
                0x20002958       0x14 RTE\RTOS\tasks.o
 .bss.xTasksWaitingTermination
                0x2000296c       0x14 RTE\RTOS\tasks.o
 .bss.uxDeletedTasksWaitingCleanUp
                0x20002980        0x4 RTE\RTOS\tasks.o
 .bss.xSuspendedTaskList
                0x20002984       0x14 RTE\RTOS\tasks.o
 .bss.uxCurrentNumberOfTasks
                0x20002998        0x4 RTE\RTOS\tasks.o
 .bss.xTickCount
                0x2000299c        0x4 RTE\RTOS\tasks.o
 .bss.uxTopReadyPriority
                0x200029a0        0x4 RTE\RTOS\tasks.o
 .bss.xSchedulerRunning
                0x200029a4        0x4 RTE\RTOS\tasks.o
 .bss.uxPendedTicks
                0x200029a8        0x4 RTE\RTOS\tasks.o
 .bss.xYieldPending
                0x200029ac        0x4 RTE\RTOS\tasks.o
 .bss.xNumOfOverflows
                0x200029b0        0x4 RTE\RTOS\tasks.o
 .bss.uxTaskNumber
                0x200029b4        0x4 RTE\RTOS\tasks.o
 .bss.xNextTaskUnblockTime
                0x200029b8        0x4 RTE\RTOS\tasks.o
 .bss.xIdleTaskHandle
                0x200029bc        0x4 RTE\RTOS\tasks.o
 .bss.uxSchedulerSuspended
                0x200029c0        0x4 RTE\RTOS\tasks.o
 .bss.xActiveTimerList1
                0x200029c4       0x14 RTE\RTOS\timers.o
 .bss.xActiveTimerList2
                0x200029d8       0x14 RTE\RTOS\timers.o
 .bss.pxCurrentTimerList
                0x200029ec        0x4 RTE\RTOS\timers.o
 .bss.pxOverflowTimerList
                0x200029f0        0x4 RTE\RTOS\timers.o
 .bss.xTimerQueue
                0x200029f4        0x4 RTE\RTOS\timers.o
 .bss.xTimerTaskHandle
                0x200029f8        0x4 RTE\RTOS\timers.o
 .bss.xLastTime.7194
                0x200029fc        0x4 RTE\RTOS\timers.o
 .bss.ucStaticTimerQueueStorage.7241
                0x20002a00       0x50 RTE\RTOS\timers.o
 .bss.xStaticTimerQueue.7240
                0x20002a50       0x50 RTE\RTOS\timers.o
 .bss.LCD03UartHandle
                0x20002aa0       0x40 components\LCD03\port\stm32\LCD03Port.o
                0x20002aa0                LCD03UartHandle
 .bss.GPIO_InitStruct
                0x20002ae0       0x14 components\LCD03\port\stm32\LCD03Port.o
                0x20002ae0                GPIO_InitStruct
 .bss._ZL19nrf24l01p_SpiHandle
                0x20002af4       0x58 components\NRF24L01p\port\stm32\NRF24L01pPort.o
 .bss.lcd       0x20002b4c       0x10 src\main.o
                0x20002b4c                lcd
 .bss.Radio     0x20002b5c        0x4 src\main.o
                0x20002b5c                Radio
 .bss._ZL15GPIO_InitStruct
                0x20002b60       0x14 src\main.o
 .bss.RadioConfig
                0x20002b74        0xe src\main.o
                0x20002b74                RadioConfig
 *fill*         0x20002b82        0x6 
 .bss.RxPipeConfig
                0x20002b88       0x90 src\main.o
                0x20002b88                RxPipeConfig
 .bss.heap_end.7290
                0x20002c18        0x4 src\syscalls.o
 .bss.__malloc_sbrk_start
                0x20002c1c        0x4 c:/program files (x86)/atollic/truestudio for arm 7.1.2/armtools/bin/../lib/gcc/arm-atollic-eabi/5.3.1/../../../../arm-atollic-eabi/lib/armv7e-m/fpu\libc_nano.a(lib_a-nano-mallocr.o)
                0x20002c1c                __malloc_sbrk_start
 .bss.__malloc_free_list
                0x20002c20        0x4 c:/program files (x86)/atollic/truestudio for arm 7.1.2/armtools/bin/../lib/gcc/arm-atollic-eabi/5.3.1/../../../../arm-atollic-eabi/lib/armv7e-m/fpu\libc_nano.a(lib_a-nano-mallocr.o)
                0x20002c20                __malloc_free_list
 *(COMMON)
 COMMON         0x20002c24        0x4 RTE\Device\STM32F446RETx\stm32f4xx_hal.o
                0x20002c24                uwTick
 COMMON         0x20002c28        0x4 c:/program files (x86)/atollic/truestudio for arm 7.1.2/armtools/bin/../lib/gcc/arm-atollic-eabi/5.3.1/../../../../arm-atollic-eabi/lib/armv7e-m/fpu\libc_nano.a(lib_a-reent.o)
                0x20002c28                errno
                0x20002c2c                . = ALIGN (0x4)
                0x20002c2c                _ebss = .
                0x20002c2c                __bss_end__ = _ebss

._user_heap_stack
                0x20002c2c      0x604 load address 0x080062b8
                0x20002c30                . = ALIGN (0x8)
 *fill*         0x20002c2c        0x4 
                0x20002c30                PROVIDE (end, .)
                [!provide]                PROVIDE (_end, .)
                0x20002e30                . = (. + _Min_Heap_Size)
 *fill*         0x20002c30      0x200 
                0x20003230                . = (. + _Min_Stack_Size)
 *fill*         0x20002e30      0x400 
                0x20003230                . = ALIGN (0x8)

/DISCARD/
 libc.a(*)
 libm.a(*)
 libgcc.a(*)

.ARM.attributes
                0x00000000       0x30
 *(.ARM.attributes)
 .ARM.attributes
                0x00000000       0x22 c:/program files (x86)/atollic/truestudio for arm 7.1.2/armtools/bin/../lib/gcc/arm-atollic-eabi/5.3.1/armv7e-m/fpu/crti.o
 .ARM.attributes
                0x00000022       0x34 c:/program files (x86)/atollic/truestudio for arm 7.1.2/armtools/bin/../lib/gcc/arm-atollic-eabi/5.3.1/armv7e-m/fpu/crtbegin.o
 .ARM.attributes
                0x00000056       0x39 RTE\CMSIS\cmsis_os2.o
 .ARM.attributes
                0x0000008f       0x21 RTE\Device\STM32F446RETx\startup_stm32f446xx.o
 .ARM.attributes
                0x000000b0       0x39 RTE\Device\STM32F446RETx\stm32f4xx_hal.o
 .ARM.attributes
                0x000000e9       0x39 RTE\Device\STM32F446RETx\stm32f4xx_hal_gpio.o
 .ARM.attributes
                0x00000122       0x39 RTE\Device\STM32F446RETx\stm32f4xx_hal_rcc.o
 .ARM.attributes
                0x0000015b       0x39 RTE\Device\STM32F446RETx\stm32f4xx_hal_spi.o
 .ARM.attributes
                0x00000194       0x39 RTE\Device\STM32F446RETx\stm32f4xx_hal_uart.o
 .ARM.attributes
                0x000001cd       0x39 RTE\Device\STM32F446RETx\system_stm32f4xx.o
 .ARM.attributes
                0x00000206       0x39 RTE\RTOS\FreeRTOS_Tick_Config.o
 .ARM.attributes
                0x0000023f       0x39 RTE\RTOS\heap_4.o
 .ARM.attributes
                0x00000278       0x39 RTE\RTOS\list.o
 .ARM.attributes
                0x000002b1       0x39 RTE\RTOS\port.o
 .ARM.attributes
                0x000002ea       0x39 RTE\RTOS\queue.o
 .ARM.attributes
                0x00000323       0x39 RTE\RTOS\tasks.o
 .ARM.attributes
                0x0000035c       0x39 RTE\RTOS\timers.o
 .ARM.attributes
                0x00000395       0x39 components\LCD03\LCD03.o
 .ARM.attributes
                0x000003ce       0x39 components\LCD03\port\stm32\LCD03Port.o
 .ARM.attributes
                0x00000407       0x39 components\NRF24L01p\NRF24L01p.o
 .ARM.attributes
                0x00000440       0x39 components\NRF24L01p\NRF24L01pDriver.o
 .ARM.attributes
                0x00000479       0x39 components\NRF24L01p\port\stm32\NRF24L01pPort.o
 .ARM.attributes
                0x000004b2       0x39 src\main.o
 .ARM.attributes
                0x000004eb       0x39 src\syscalls.o
 .ARM.attributes
                0x00000524       0x34 c:/program files (x86)/atollic/truestudio for arm 7.1.2/armtools/bin/../lib/gcc/arm-atollic-eabi/5.3.1/../../../../arm-atollic-eabi/lib/armv7e-m/fpu\libstdc++_nano.a(atexit_arm.o)
 .ARM.attributes
                0x00000558       0x34 c:/program files (x86)/atollic/truestudio for arm 7.1.2/armtools/bin/../lib/gcc/arm-atollic-eabi/5.3.1/../../../../arm-atollic-eabi/lib/armv7e-m/fpu\libstdc++_nano.a(del_op.o)
 .ARM.attributes
                0x0000058c       0x34 c:/program files (x86)/atollic/truestudio for arm 7.1.2/armtools/bin/../lib/gcc/arm-atollic-eabi/5.3.1/../../../../arm-atollic-eabi/lib/armv7e-m/fpu\libc_nano.a(lib_a-cxa_atexit.o)
 .ARM.attributes
                0x000005c0       0x34 c:/program files (x86)/atollic/truestudio for arm 7.1.2/armtools/bin/../lib/gcc/arm-atollic-eabi/5.3.1/../../../../arm-atollic-eabi/lib/armv7e-m/fpu\libc_nano.a(lib_a-impure.o)
 .ARM.attributes
                0x000005f4       0x34 c:/program files (x86)/atollic/truestudio for arm 7.1.2/armtools/bin/../lib/gcc/arm-atollic-eabi/5.3.1/../../../../arm-atollic-eabi/lib/armv7e-m/fpu\libc_nano.a(lib_a-init.o)
 .ARM.attributes
                0x00000628       0x34 c:/program files (x86)/atollic/truestudio for arm 7.1.2/armtools/bin/../lib/gcc/arm-atollic-eabi/5.3.1/../../../../arm-atollic-eabi/lib/armv7e-m/fpu\libc_nano.a(lib_a-malloc.o)
 .ARM.attributes
                0x0000065c       0x34 c:/program files (x86)/atollic/truestudio for arm 7.1.2/armtools/bin/../lib/gcc/arm-atollic-eabi/5.3.1/../../../../arm-atollic-eabi/lib/armv7e-m/fpu\libc_nano.a(lib_a-memcpy-stub.o)
 .ARM.attributes
                0x00000690       0x34 c:/program files (x86)/atollic/truestudio for arm 7.1.2/armtools/bin/../lib/gcc/arm-atollic-eabi/5.3.1/../../../../arm-atollic-eabi/lib/armv7e-m/fpu\libc_nano.a(lib_a-memset.o)
 .ARM.attributes
                0x000006c4       0x34 c:/program files (x86)/atollic/truestudio for arm 7.1.2/armtools/bin/../lib/gcc/arm-atollic-eabi/5.3.1/../../../../arm-atollic-eabi/lib/armv7e-m/fpu\libc_nano.a(lib_a-nano-freer.o)
 .ARM.attributes
                0x000006f8       0x34 c:/program files (x86)/atollic/truestudio for arm 7.1.2/armtools/bin/../lib/gcc/arm-atollic-eabi/5.3.1/../../../../arm-atollic-eabi/lib/armv7e-m/fpu\libc_nano.a(lib_a-nano-mallocr.o)
 .ARM.attributes
                0x0000072c       0x34 c:/program files (x86)/atollic/truestudio for arm 7.1.2/armtools/bin/../lib/gcc/arm-atollic-eabi/5.3.1/../../../../arm-atollic-eabi/lib/armv7e-m/fpu\libc_nano.a(lib_a-printf.o)
 .ARM.attributes
                0x00000760       0x34 c:/program files (x86)/atollic/truestudio for arm 7.1.2/armtools/bin/../lib/gcc/arm-atollic-eabi/5.3.1/../../../../arm-atollic-eabi/lib/armv7e-m/fpu\libc_nano.a(lib_a-puts.o)
 .ARM.attributes
                0x00000794       0x34 c:/program files (x86)/atollic/truestudio for arm 7.1.2/armtools/bin/../lib/gcc/arm-atollic-eabi/5.3.1/../../../../arm-atollic-eabi/lib/armv7e-m/fpu\libc_nano.a(lib_a-reent.o)
 .ARM.attributes
                0x000007c8       0x34 c:/program files (x86)/atollic/truestudio for arm 7.1.2/armtools/bin/../lib/gcc/arm-atollic-eabi/5.3.1/../../../../arm-atollic-eabi/lib/armv7e-m/fpu\libc_nano.a(lib_a-sbrkr.o)
 .ARM.attributes
                0x000007fc       0x1b c:/program files (x86)/atollic/truestudio for arm 7.1.2/armtools/bin/../lib/gcc/arm-atollic-eabi/5.3.1/../../../../arm-atollic-eabi/lib/armv7e-m/fpu\libc_nano.a(lib_a-strlen.o)
 .ARM.attributes
                0x00000817       0x34 c:/program files (x86)/atollic/truestudio for arm 7.1.2/armtools/bin/../lib/gcc/arm-atollic-eabi/5.3.1/../../../../arm-atollic-eabi/lib/armv7e-m/fpu\libc_nano.a(lib_a-wbuf.o)
 .ARM.attributes
                0x0000084b       0x34 c:/program files (x86)/atollic/truestudio for arm 7.1.2/armtools/bin/../lib/gcc/arm-atollic-eabi/5.3.1/../../../../arm-atollic-eabi/lib/armv7e-m/fpu\libc_nano.a(lib_a-wsetup.o)
 .ARM.attributes
                0x0000087f       0x34 c:/program files (x86)/atollic/truestudio for arm 7.1.2/armtools/bin/../lib/gcc/arm-atollic-eabi/5.3.1/../../../../arm-atollic-eabi/lib/armv7e-m/fpu\libc_nano.a(lib_a-fflush.o)
 .ARM.attributes
                0x000008b3       0x34 c:/program files (x86)/atollic/truestudio for arm 7.1.2/armtools/bin/../lib/gcc/arm-atollic-eabi/5.3.1/../../../../arm-atollic-eabi/lib/armv7e-m/fpu\libc_nano.a(lib_a-findfp.o)
 .ARM.attributes
                0x000008e7       0x34 c:/program files (x86)/atollic/truestudio for arm 7.1.2/armtools/bin/../lib/gcc/arm-atollic-eabi/5.3.1/../../../../arm-atollic-eabi/lib/armv7e-m/fpu\libc_nano.a(lib_a-fwalk.o)
 .ARM.attributes
                0x0000091b       0x34 c:/program files (x86)/atollic/truestudio for arm 7.1.2/armtools/bin/../lib/gcc/arm-atollic-eabi/5.3.1/../../../../arm-atollic-eabi/lib/armv7e-m/fpu\libc_nano.a(lib_a-makebuf.o)
 .ARM.attributes
                0x0000094f       0x34 c:/program files (x86)/atollic/truestudio for arm 7.1.2/armtools/bin/../lib/gcc/arm-atollic-eabi/5.3.1/../../../../arm-atollic-eabi/lib/armv7e-m/fpu\libc_nano.a(lib_a-mlock.o)
 .ARM.attributes
                0x00000983       0x34 c:/program files (x86)/atollic/truestudio for arm 7.1.2/armtools/bin/../lib/gcc/arm-atollic-eabi/5.3.1/../../../../arm-atollic-eabi/lib/armv7e-m/fpu\libc_nano.a(lib_a-nano-vfprintf.o)
 .ARM.attributes
                0x000009b7       0x34 c:/program files (x86)/atollic/truestudio for arm 7.1.2/armtools/bin/../lib/gcc/arm-atollic-eabi/5.3.1/../../../../arm-atollic-eabi/lib/armv7e-m/fpu\libc_nano.a(lib_a-nano-vfprintf_i.o)
 .ARM.attributes
                0x000009eb       0x34 c:/program files (x86)/atollic/truestudio for arm 7.1.2/armtools/bin/../lib/gcc/arm-atollic-eabi/5.3.1/../../../../arm-atollic-eabi/lib/armv7e-m/fpu\libc_nano.a(lib_a-stdio.o)
 .ARM.attributes
                0x00000a1f       0x34 c:/program files (x86)/atollic/truestudio for arm 7.1.2/armtools/bin/../lib/gcc/arm-atollic-eabi/5.3.1/../../../../arm-atollic-eabi/lib/armv7e-m/fpu\libc_nano.a(lib_a-writer.o)
 .ARM.attributes
                0x00000a53       0x34 c:/program files (x86)/atollic/truestudio for arm 7.1.2/armtools/bin/../lib/gcc/arm-atollic-eabi/5.3.1/../../../../arm-atollic-eabi/lib/armv7e-m/fpu\libc_nano.a(lib_a-closer.o)
 .ARM.attributes
                0x00000a87       0x34 c:/program files (x86)/atollic/truestudio for arm 7.1.2/armtools/bin/../lib/gcc/arm-atollic-eabi/5.3.1/../../../../arm-atollic-eabi/lib/armv7e-m/fpu\libc_nano.a(lib_a-fstatr.o)
 .ARM.attributes
                0x00000abb       0x34 c:/program files (x86)/atollic/truestudio for arm 7.1.2/armtools/bin/../lib/gcc/arm-atollic-eabi/5.3.1/../../../../arm-atollic-eabi/lib/armv7e-m/fpu\libc_nano.a(lib_a-isattyr.o)
 .ARM.attributes
                0x00000aef       0x34 c:/program files (x86)/atollic/truestudio for arm 7.1.2/armtools/bin/../lib/gcc/arm-atollic-eabi/5.3.1/../../../../arm-atollic-eabi/lib/armv7e-m/fpu\libc_nano.a(lib_a-lseekr.o)
 .ARM.attributes
                0x00000b23       0x20 c:/program files (x86)/atollic/truestudio for arm 7.1.2/armtools/bin/../lib/gcc/arm-atollic-eabi/5.3.1/../../../../arm-atollic-eabi/lib/armv7e-m/fpu\libc_nano.a(lib_a-memchr.o)
 .ARM.attributes
                0x00000b43       0x34 c:/program files (x86)/atollic/truestudio for arm 7.1.2/armtools/bin/../lib/gcc/arm-atollic-eabi/5.3.1/../../../../arm-atollic-eabi/lib/armv7e-m/fpu\libc_nano.a(lib_a-readr.o)
 .ARM.attributes
                0x00000b77       0x22 c:/program files (x86)/atollic/truestudio for arm 7.1.2/armtools/bin/../lib/gcc/arm-atollic-eabi/5.3.1/armv7e-m/fpu/crtn.o
OUTPUT(Vulture.elf elf32-littlearm)

.debug_info     0x00000000    0x1227f
 .debug_info    0x00000000     0x38a7 RTE\CMSIS\cmsis_os2.o
 .debug_info    0x000038a7       0x9a RTE\Device\STM32F446RETx\startup_stm32f446xx.o
 .debug_info    0x00003941      0x8a2 RTE\Device\STM32F446RETx\stm32f4xx_hal.o
 .debug_info    0x000041e3      0x769 RTE\Device\STM32F446RETx\stm32f4xx_hal_gpio.o
 .debug_info    0x0000494c      0xb74 RTE\Device\STM32F446RETx\stm32f4xx_hal_rcc.o
 .debug_info    0x000054c0     0x13b8 RTE\Device\STM32F446RETx\stm32f4xx_hal_spi.o
 .debug_info    0x00006878     0x116f RTE\Device\STM32F446RETx\stm32f4xx_hal_uart.o
 .debug_info    0x000079e7      0x51d RTE\Device\STM32F446RETx\system_stm32f4xx.o
 .debug_info    0x00007f04      0x123 RTE\RTOS\FreeRTOS_Tick_Config.o
 .debug_info    0x00008027      0x312 RTE\RTOS\heap_4.o
 .debug_info    0x00008339      0x2cf RTE\RTOS\list.o
 .debug_info    0x00008608      0x31d RTE\RTOS\port.o
 .debug_info    0x00008925     0x1172 RTE\RTOS\queue.o
 .debug_info    0x00009a97     0x1b1b RTE\RTOS\tasks.o
 .debug_info    0x0000b5b2      0xf10 RTE\RTOS\timers.o
 .debug_info    0x0000c4c2      0xa68 components\LCD03\LCD03.o
 .debug_info    0x0000cf2a      0xbcb components\LCD03\port\stm32\LCD03Port.o
 .debug_info    0x0000daf5      0x97e components\NRF24L01p\NRF24L01p.o
 .debug_info    0x0000e473     0x1a7e components\NRF24L01p\NRF24L01pDriver.o
 .debug_info    0x0000fef1      0xe4c components\NRF24L01p\port\stm32\NRF24L01pPort.o
 .debug_info    0x00010d3d      0xb05 src\main.o
 .debug_info    0x00011842      0xa3d src\syscalls.o

.debug_abbrev   0x00000000     0x2be4
 .debug_abbrev  0x00000000      0x36f RTE\CMSIS\cmsis_os2.o
 .debug_abbrev  0x0000036f       0x12 RTE\Device\STM32F446RETx\startup_stm32f446xx.o
 .debug_abbrev  0x00000381      0x20c RTE\Device\STM32F446RETx\stm32f4xx_hal.o
 .debug_abbrev  0x0000058d      0x1ac RTE\Device\STM32F446RETx\stm32f4xx_hal_gpio.o
 .debug_abbrev  0x00000739      0x2b0 RTE\Device\STM32F446RETx\stm32f4xx_hal_rcc.o
 .debug_abbrev  0x000009e9      0x1ff RTE\Device\STM32F446RETx\stm32f4xx_hal_spi.o
 .debug_abbrev  0x00000be8      0x224 RTE\Device\STM32F446RETx\stm32f4xx_hal_uart.o
 .debug_abbrev  0x00000e0c      0x101 RTE\Device\STM32F446RETx\system_stm32f4xx.o
 .debug_abbrev  0x00000f0d       0xa6 RTE\RTOS\FreeRTOS_Tick_Config.o
 .debug_abbrev  0x00000fb3      0x170 RTE\RTOS\heap_4.o
 .debug_abbrev  0x00001123       0xd8 RTE\RTOS\list.o
 .debug_abbrev  0x000011fb      0x1c5 RTE\RTOS\port.o
 .debug_abbrev  0x000013c0      0x258 RTE\RTOS\queue.o
 .debug_abbrev  0x00001618      0x2be RTE\RTOS\tasks.o
 .debug_abbrev  0x000018d6      0x211 RTE\RTOS\timers.o
 .debug_abbrev  0x00001ae7      0x240 components\LCD03\LCD03.o
 .debug_abbrev  0x00001d27      0x293 components\LCD03\port\stm32\LCD03Port.o
 .debug_abbrev  0x00001fba      0x293 components\NRF24L01p\NRF24L01p.o
 .debug_abbrev  0x0000224d      0x265 components\NRF24L01p\NRF24L01pDriver.o
 .debug_abbrev  0x000024b2      0x29e components\NRF24L01p\port\stm32\NRF24L01pPort.o
 .debug_abbrev  0x00002750      0x268 src\main.o
 .debug_abbrev  0x000029b8      0x22c src\syscalls.o

.debug_aranges  0x00000000     0x1218
 .debug_aranges
                0x00000000      0x228 RTE\CMSIS\cmsis_os2.o
 .debug_aranges
                0x00000228       0x28 RTE\Device\STM32F446RETx\startup_stm32f446xx.o
 .debug_aranges
                0x00000250       0xc0 RTE\Device\STM32F446RETx\stm32f4xx_hal.o
 .debug_aranges
                0x00000310       0x58 RTE\Device\STM32F446RETx\stm32f4xx_hal_gpio.o
 .debug_aranges
                0x00000368       0x88 RTE\Device\STM32F446RETx\stm32f4xx_hal_rcc.o
 .debug_aranges
                0x000003f0      0x1b0 RTE\Device\STM32F446RETx\stm32f4xx_hal_spi.o
 .debug_aranges
                0x000005a0      0x1d0 RTE\Device\STM32F446RETx\stm32f4xx_hal_uart.o
 .debug_aranges
                0x00000770       0x28 RTE\Device\STM32F446RETx\system_stm32f4xx.o
 .debug_aranges
                0x00000798       0x20 RTE\RTOS\FreeRTOS_Tick_Config.o
 .debug_aranges
                0x000007b8       0x50 RTE\RTOS\heap_4.o
 .debug_aranges
                0x00000808       0x40 RTE\RTOS\list.o
 .debug_aranges
                0x00000848       0x78 RTE\RTOS\port.o
 .debug_aranges
                0x000008c0      0x120 RTE\RTOS\queue.o
 .debug_aranges
                0x000009e0      0x1e8 RTE\RTOS\tasks.o
 .debug_aranges
                0x00000bc8       0xd0 RTE\RTOS\timers.o
 .debug_aranges
                0x00000c98       0xe0 components\LCD03\LCD03.o
 .debug_aranges
                0x00000d78       0x50 components\LCD03\port\stm32\LCD03Port.o
 .debug_aranges
                0x00000dc8       0x88 components\NRF24L01p\NRF24L01p.o
 .debug_aranges
                0x00000e50      0x230 components\NRF24L01p\NRF24L01pDriver.o
 .debug_aranges
                0x00001080       0x78 components\NRF24L01p\port\stm32\NRF24L01pPort.o
 .debug_aranges
                0x000010f8       0x50 src\main.o
 .debug_aranges
                0x00001148       0xd0 src\syscalls.o

.debug_ranges   0x00000000     0x10c0
 .debug_ranges  0x00000000      0x218 RTE\CMSIS\cmsis_os2.o
 .debug_ranges  0x00000218       0x20 RTE\Device\STM32F446RETx\startup_stm32f446xx.o
 .debug_ranges  0x00000238       0xb0 RTE\Device\STM32F446RETx\stm32f4xx_hal.o
 .debug_ranges  0x000002e8       0x48 RTE\Device\STM32F446RETx\stm32f4xx_hal_gpio.o
 .debug_ranges  0x00000330       0x78 RTE\Device\STM32F446RETx\stm32f4xx_hal_rcc.o
 .debug_ranges  0x000003a8      0x1a0 RTE\Device\STM32F446RETx\stm32f4xx_hal_spi.o
 .debug_ranges  0x00000548      0x1c0 RTE\Device\STM32F446RETx\stm32f4xx_hal_uart.o
 .debug_ranges  0x00000708       0x18 RTE\Device\STM32F446RETx\system_stm32f4xx.o
 .debug_ranges  0x00000720       0x10 RTE\RTOS\FreeRTOS_Tick_Config.o
 .debug_ranges  0x00000730       0x40 RTE\RTOS\heap_4.o
 .debug_ranges  0x00000770       0x30 RTE\RTOS\list.o
 .debug_ranges  0x000007a0       0x68 RTE\RTOS\port.o
 .debug_ranges  0x00000808      0x110 RTE\RTOS\queue.o
 .debug_ranges  0x00000918      0x1d8 RTE\RTOS\tasks.o
 .debug_ranges  0x00000af0       0xc0 RTE\RTOS\timers.o
 .debug_ranges  0x00000bb0       0xd0 components\LCD03\LCD03.o
 .debug_ranges  0x00000c80       0x40 components\LCD03\port\stm32\LCD03Port.o
 .debug_ranges  0x00000cc0       0x78 components\NRF24L01p\NRF24L01p.o
 .debug_ranges  0x00000d38      0x220 components\NRF24L01p\NRF24L01pDriver.o
 .debug_ranges  0x00000f58       0x68 components\NRF24L01p\port\stm32\NRF24L01pPort.o
 .debug_ranges  0x00000fc0       0x40 src\main.o
 .debug_ranges  0x00001000       0xc0 src\syscalls.o

.debug_line     0x00000000     0x8b3b
 .debug_line    0x00000000     0x1c2a RTE\CMSIS\cmsis_os2.o
 .debug_line    0x00001c2a       0x90 RTE\Device\STM32F446RETx\startup_stm32f446xx.o
 .debug_line    0x00001cba      0x4a2 RTE\Device\STM32F446RETx\stm32f4xx_hal.o
 .debug_line    0x0000215c      0x4bb RTE\Device\STM32F446RETx\stm32f4xx_hal_gpio.o
 .debug_line    0x00002617      0x666 RTE\Device\STM32F446RETx\stm32f4xx_hal_rcc.o
 .debug_line    0x00002c7d      0xc3f RTE\Device\STM32F446RETx\stm32f4xx_hal_spi.o
 .debug_line    0x000038bc      0xbe0 RTE\Device\STM32F446RETx\stm32f4xx_hal_uart.o
 .debug_line    0x0000449c      0x24c RTE\Device\STM32F446RETx\system_stm32f4xx.o
 .debug_line    0x000046e8      0x190 RTE\RTOS\FreeRTOS_Tick_Config.o
 .debug_line    0x00004878      0x30c RTE\RTOS\heap_4.o
 .debug_line    0x00004b84      0x2f0 RTE\RTOS\list.o
 .debug_line    0x00004e74      0x442 RTE\RTOS\port.o
 .debug_line    0x000052b6      0x77b RTE\RTOS\queue.o
 .debug_line    0x00005a31      0xd53 RTE\RTOS\tasks.o
 .debug_line    0x00006784      0x517 RTE\RTOS\timers.o
 .debug_line    0x00006c9b      0x366 components\LCD03\LCD03.o
 .debug_line    0x00007001      0x3ab components\LCD03\port\stm32\LCD03Port.o
 .debug_line    0x000073ac      0x34e components\NRF24L01p\NRF24L01p.o
 .debug_line    0x000076fa      0x748 components\NRF24L01p\NRF24L01pDriver.o
 .debug_line    0x00007e42      0x422 components\NRF24L01p\port\stm32\NRF24L01pPort.o
 .debug_line    0x00008264      0x4b0 src\main.o
 .debug_line    0x00008714      0x427 src\syscalls.o

.debug_str      0x00000000     0x7768
 .debug_str     0x00000000     0x139b RTE\CMSIS\cmsis_os2.o
                               0x149f (size before relaxing)
 .debug_str     0x0000139b      0x8c4 RTE\Device\STM32F446RETx\stm32f4xx_hal.o
                                0xb1d (size before relaxing)
 .debug_str     0x00001c5f      0x1d3 RTE\Device\STM32F446RETx\stm32f4xx_hal_gpio.o
                                0x582 (size before relaxing)
 .debug_str     0x00001e32      0x2c2 RTE\Device\STM32F446RETx\stm32f4xx_hal_rcc.o
                                0x73b (size before relaxing)
 .debug_str     0x000020f4      0x85a RTE\Device\STM32F446RETx\stm32f4xx_hal_spi.o
                                0xb9a (size before relaxing)
 .debug_str     0x0000294e      0x65f RTE\Device\STM32F446RETx\stm32f4xx_hal_uart.o
                                0xbf9 (size before relaxing)
 .debug_str     0x00002fad       0xbc RTE\Device\STM32F446RETx\system_stm32f4xx.o
                                0x3ea (size before relaxing)
 .debug_str     0x00003069       0x33 RTE\RTOS\FreeRTOS_Tick_Config.o
                                0x22d (size before relaxing)
 .debug_str     0x0000309c      0x214 RTE\RTOS\heap_4.o
                                0x3ef (size before relaxing)
 .debug_str     0x000032b0      0x138 RTE\RTOS\list.o
                                0x358 (size before relaxing)
 .debug_str     0x000033e8      0x164 RTE\RTOS\port.o
                                0x3cc (size before relaxing)
 .debug_str     0x0000354c      0x58c RTE\RTOS\queue.o
                                0x9a7 (size before relaxing)
 .debug_str     0x00003ad8      0xae5 RTE\RTOS\tasks.o
                               0x1132 (size before relaxing)
 .debug_str     0x000045bd      0x53d RTE\RTOS\timers.o
                                0xa7a (size before relaxing)
 .debug_str     0x00004afa      0xa07 components\LCD03\LCD03.o
                                0xb18 (size before relaxing)
 .debug_str     0x00005501      0x2b0 components\LCD03\port\stm32\LCD03Port.o
                                0xaec (size before relaxing)
 .debug_str     0x000057b1      0x7c0 components\NRF24L01p\NRF24L01p.o
                                0xa5d (size before relaxing)
 .debug_str     0x00005f71     0x10cd components\NRF24L01p\NRF24L01pDriver.o
                               0x152a (size before relaxing)
 .debug_str     0x0000703e      0x333 components\NRF24L01p\port\stm32\NRF24L01pPort.o
                                0xc61 (size before relaxing)
 .debug_str     0x00007371      0x158 src\main.o
                                0xc47 (size before relaxing)
 .debug_str     0x000074c9      0x29f src\syscalls.o
                                0x536 (size before relaxing)

.comment        0x00000000       0x7e
 .comment       0x00000000       0x7e RTE\CMSIS\cmsis_os2.o
                                 0x7f (size before relaxing)
 .comment       0x0000007e       0x7f RTE\Device\STM32F446RETx\stm32f4xx_hal.o
 .comment       0x0000007e       0x7f RTE\Device\STM32F446RETx\stm32f4xx_hal_gpio.o
 .comment       0x0000007e       0x7f RTE\Device\STM32F446RETx\stm32f4xx_hal_rcc.o
 .comment       0x0000007e       0x7f RTE\Device\STM32F446RETx\stm32f4xx_hal_spi.o
 .comment       0x0000007e       0x7f RTE\Device\STM32F446RETx\stm32f4xx_hal_uart.o
 .comment       0x0000007e       0x7f RTE\Device\STM32F446RETx\system_stm32f4xx.o
 .comment       0x0000007e       0x7f RTE\RTOS\FreeRTOS_Tick_Config.o
 .comment       0x0000007e       0x7f RTE\RTOS\heap_4.o
 .comment       0x0000007e       0x7f RTE\RTOS\list.o
 .comment       0x0000007e       0x7f RTE\RTOS\port.o
 .comment       0x0000007e       0x7f RTE\RTOS\queue.o
 .comment       0x0000007e       0x7f RTE\RTOS\tasks.o
 .comment       0x0000007e       0x7f RTE\RTOS\timers.o
 .comment       0x0000007e       0x7f components\LCD03\LCD03.o
 .comment       0x0000007e       0x7f components\LCD03\port\stm32\LCD03Port.o
 .comment       0x0000007e       0x7f components\NRF24L01p\NRF24L01p.o
 .comment       0x0000007e       0x7f components\NRF24L01p\NRF24L01pDriver.o
 .comment       0x0000007e       0x7f components\NRF24L01p\port\stm32\NRF24L01pPort.o
 .comment       0x0000007e       0x7f src\main.o
 .comment       0x0000007e       0x7f src\syscalls.o

.debug_frame    0x00000000     0x5284
 .debug_frame   0x00000000      0x98c RTE\CMSIS\cmsis_os2.o
 .debug_frame   0x0000098c      0x2c0 RTE\Device\STM32F446RETx\stm32f4xx_hal.o
 .debug_frame   0x00000c4c      0x14c RTE\Device\STM32F446RETx\stm32f4xx_hal_gpio.o
 .debug_frame   0x00000d98      0x200 RTE\Device\STM32F446RETx\stm32f4xx_hal_rcc.o
 .debug_frame   0x00000f98      0x78c RTE\Device\STM32F446RETx\stm32f4xx_hal_spi.o
 .debug_frame   0x00001724      0x83c RTE\Device\STM32F446RETx\stm32f4xx_hal_uart.o
 .debug_frame   0x00001f60       0x58 RTE\Device\STM32F446RETx\system_stm32f4xx.o
 .debug_frame   0x00001fb8       0x2c RTE\RTOS\FreeRTOS_Tick_Config.o
 .debug_frame   0x00001fe4      0x108 RTE\RTOS\heap_4.o
 .debug_frame   0x000020ec       0xd8 RTE\RTOS\list.o
 .debug_frame   0x000021c4      0x164 RTE\RTOS\port.o
 .debug_frame   0x00002328      0x4d4 RTE\RTOS\queue.o
 .debug_frame   0x000027fc      0x860 RTE\RTOS\tasks.o
 .debug_frame   0x0000305c      0x35c RTE\RTOS\timers.o
 .debug_frame   0x000033b8      0x3a0 components\LCD03\LCD03.o
 .debug_frame   0x00003758      0x118 components\LCD03\port\stm32\LCD03Port.o
 .debug_frame   0x00003870      0x220 components\NRF24L01p\NRF24L01p.o
 .debug_frame   0x00003a90      0x9a4 components\NRF24L01p\NRF24L01pDriver.o
 .debug_frame   0x00004434      0x1d0 components\NRF24L01p\port\stm32\NRF24L01pPort.o
 .debug_frame   0x00004604       0xf4 src\main.o
 .debug_frame   0x000046f8      0x380 src\syscalls.o
 .debug_frame   0x00004a78       0x20 c:/program files (x86)/atollic/truestudio for arm 7.1.2/armtools/bin/../lib/gcc/arm-atollic-eabi/5.3.1/../../../../arm-atollic-eabi/lib/armv7e-m/fpu\libstdc++_nano.a(atexit_arm.o)
 .debug_frame   0x00004a98       0x20 c:/program files (x86)/atollic/truestudio for arm 7.1.2/armtools/bin/../lib/gcc/arm-atollic-eabi/5.3.1/../../../../arm-atollic-eabi/lib/armv7e-m/fpu\libstdc++_nano.a(del_op.o)
 .debug_frame   0x00004ab8       0x28 c:/program files (x86)/atollic/truestudio for arm 7.1.2/armtools/bin/../lib/gcc/arm-atollic-eabi/5.3.1/../../../../arm-atollic-eabi/lib/armv7e-m/fpu\libc_nano.a(lib_a-cxa_atexit.o)
 .debug_frame   0x00004ae0       0x2c c:/program files (x86)/atollic/truestudio for arm 7.1.2/armtools/bin/../lib/gcc/arm-atollic-eabi/5.3.1/../../../../arm-atollic-eabi/lib/armv7e-m/fpu\libc_nano.a(lib_a-init.o)
 .debug_frame   0x00004b0c       0x30 c:/program files (x86)/atollic/truestudio for arm 7.1.2/armtools/bin/../lib/gcc/arm-atollic-eabi/5.3.1/../../../../arm-atollic-eabi/lib/armv7e-m/fpu\libc_nano.a(lib_a-malloc.o)
 .debug_frame   0x00004b3c       0x28 c:/program files (x86)/atollic/truestudio for arm 7.1.2/armtools/bin/../lib/gcc/arm-atollic-eabi/5.3.1/../../../../arm-atollic-eabi/lib/armv7e-m/fpu\libc_nano.a(lib_a-memcpy-stub.o)
 .debug_frame   0x00004b64       0x20 c:/program files (x86)/atollic/truestudio for arm 7.1.2/armtools/bin/../lib/gcc/arm-atollic-eabi/5.3.1/../../../../arm-atollic-eabi/lib/armv7e-m/fpu\libc_nano.a(lib_a-memset.o)
 .debug_frame   0x00004b84       0x38 c:/program files (x86)/atollic/truestudio for arm 7.1.2/armtools/bin/../lib/gcc/arm-atollic-eabi/5.3.1/../../../../arm-atollic-eabi/lib/armv7e-m/fpu\libc_nano.a(lib_a-nano-freer.o)
 .debug_frame   0x00004bbc       0x2c c:/program files (x86)/atollic/truestudio for arm 7.1.2/armtools/bin/../lib/gcc/arm-atollic-eabi/5.3.1/../../../../arm-atollic-eabi/lib/armv7e-m/fpu\libc_nano.a(lib_a-nano-mallocr.o)
 .debug_frame   0x00004be8       0x74 c:/program files (x86)/atollic/truestudio for arm 7.1.2/armtools/bin/../lib/gcc/arm-atollic-eabi/5.3.1/../../../../arm-atollic-eabi/lib/armv7e-m/fpu\libc_nano.a(lib_a-printf.o)
 .debug_frame   0x00004c5c       0x3c c:/program files (x86)/atollic/truestudio for arm 7.1.2/armtools/bin/../lib/gcc/arm-atollic-eabi/5.3.1/../../../../arm-atollic-eabi/lib/armv7e-m/fpu\libc_nano.a(lib_a-puts.o)
 .debug_frame   0x00004c98       0x5c c:/program files (x86)/atollic/truestudio for arm 7.1.2/armtools/bin/../lib/gcc/arm-atollic-eabi/5.3.1/../../../../arm-atollic-eabi/lib/armv7e-m/fpu\libc_nano.a(lib_a-reent.o)
 .debug_frame   0x00004cf4       0x2c c:/program files (x86)/atollic/truestudio for arm 7.1.2/armtools/bin/../lib/gcc/arm-atollic-eabi/5.3.1/../../../../arm-atollic-eabi/lib/armv7e-m/fpu\libc_nano.a(lib_a-sbrkr.o)
 .debug_frame   0x00004d20       0x40 c:/program files (x86)/atollic/truestudio for arm 7.1.2/armtools/bin/../lib/gcc/arm-atollic-eabi/5.3.1/../../../../arm-atollic-eabi/lib/armv7e-m/fpu\libc_nano.a(lib_a-wbuf.o)
 .debug_frame   0x00004d60       0x2c c:/program files (x86)/atollic/truestudio for arm 7.1.2/armtools/bin/../lib/gcc/arm-atollic-eabi/5.3.1/../../../../arm-atollic-eabi/lib/armv7e-m/fpu\libc_nano.a(lib_a-wsetup.o)
 .debug_frame   0x00004d8c       0x68 c:/program files (x86)/atollic/truestudio for arm 7.1.2/armtools/bin/../lib/gcc/arm-atollic-eabi/5.3.1/../../../../arm-atollic-eabi/lib/armv7e-m/fpu\libc_nano.a(lib_a-fflush.o)
 .debug_frame   0x00004df4      0x11c c:/program files (x86)/atollic/truestudio for arm 7.1.2/armtools/bin/../lib/gcc/arm-atollic-eabi/5.3.1/../../../../arm-atollic-eabi/lib/armv7e-m/fpu\libc_nano.a(lib_a-findfp.o)
 .debug_frame   0x00004f10       0x54 c:/program files (x86)/atollic/truestudio for arm 7.1.2/armtools/bin/../lib/gcc/arm-atollic-eabi/5.3.1/../../../../arm-atollic-eabi/lib/armv7e-m/fpu\libc_nano.a(lib_a-fwalk.o)
 .debug_frame   0x00004f64       0x54 c:/program files (x86)/atollic/truestudio for arm 7.1.2/armtools/bin/../lib/gcc/arm-atollic-eabi/5.3.1/../../../../arm-atollic-eabi/lib/armv7e-m/fpu\libc_nano.a(lib_a-makebuf.o)
 .debug_frame   0x00004fb8       0x30 c:/program files (x86)/atollic/truestudio for arm 7.1.2/armtools/bin/../lib/gcc/arm-atollic-eabi/5.3.1/../../../../arm-atollic-eabi/lib/armv7e-m/fpu\libc_nano.a(lib_a-mlock.o)
 .debug_frame   0x00004fe8       0xac c:/program files (x86)/atollic/truestudio for arm 7.1.2/armtools/bin/../lib/gcc/arm-atollic-eabi/5.3.1/../../../../arm-atollic-eabi/lib/armv7e-m/fpu\libc_nano.a(lib_a-nano-vfprintf.o)
 .debug_frame   0x00005094       0x60 c:/program files (x86)/atollic/truestudio for arm 7.1.2/armtools/bin/../lib/gcc/arm-atollic-eabi/5.3.1/../../../../arm-atollic-eabi/lib/armv7e-m/fpu\libc_nano.a(lib_a-nano-vfprintf_i.o)
 .debug_frame   0x000050f4       0x88 c:/program files (x86)/atollic/truestudio for arm 7.1.2/armtools/bin/../lib/gcc/arm-atollic-eabi/5.3.1/../../../../arm-atollic-eabi/lib/armv7e-m/fpu\libc_nano.a(lib_a-stdio.o)