core_cm4.h:1639:22:__NVIC_SetPriorityGrouping	24	static
core_cm4.h:1658:26:__NVIC_GetPriorityGrouping	4	static
core_cm4.h:1670:22:__NVIC_EnableIRQ	16	static
core_cm4.h:1706:22:__NVIC_DisableIRQ	16	static
core_cm4.h:1725:26:__NVIC_GetPendingIRQ	16	static
core_cm4.h:1744:22:__NVIC_SetPendingIRQ	16	static
core_cm4.h:1759:22:__NVIC_ClearPendingIRQ	16	static
core_cm4.h:1776:26:__NVIC_GetActive	16	static
core_cm4.h:1798:22:__NVIC_SetPriority	16	static
core_cm4.h:1820:26:__NVIC_GetPriority	16	static
core_cm4.h:1845:26:NVIC_EncodePriority	40	static
core_cm4.h:1872:22:NVIC_DecodePriority	40	static
core_cm4.h:1921:22:__NVIC_SystemReset	4	static
core_cm4.h:1996:26:SysTick_Config	16	static
stm32f4xx_hal_cortex.c:161:6:HAL_NVIC_SetPriorityGrouping	16	static
stm32f4xx_hal_cortex.c:183:6:HAL_NVIC_SetPriority	32	static
stm32f4xx_hal_cortex.c:205:6:HAL_NVIC_EnableIRQ	16	static
stm32f4xx_hal_cortex.c:221:6:HAL_NVIC_DisableIRQ	16	static
stm32f4xx_hal_cortex.c:234:6:HAL_NVIC_SystemReset	8	static
stm32f4xx_hal_cortex.c:247:10:HAL_SYSTICK_Config	16	static
stm32f4xx_hal_cortex.c:278:6:HAL_MPU_ConfigRegion	16	static
stm32f4xx_hal_cortex.c:322:10:HAL_NVIC_GetPriorityGrouping	8	static
stm32f4xx_hal_cortex.c:349:6:HAL_NVIC_GetPriority	24	static
stm32f4xx_hal_cortex.c:364:6:HAL_NVIC_SetPendingIRQ	16	static
stm32f4xx_hal_cortex.c:382:10:HAL_NVIC_GetPendingIRQ	16	static
stm32f4xx_hal_cortex.c:398:6:HAL_NVIC_ClearPendingIRQ	16	static
stm32f4xx_hal_cortex.c:415:10:HAL_NVIC_GetActive	16	static
stm32f4xx_hal_cortex.c:432:6:HAL_SYSTICK_CLKSourceConfig	16	static
stm32f4xx_hal_cortex.c:450:6:HAL_SYSTICK_IRQHandler	8	static
stm32f4xx_hal_cortex.c:459:13:HAL_SYSTICK_Callback	4	static
