NRF24L01pDriver.cpp:16:1:NRF24L01pDriver::NRF24L01pDriver()	16	static
NRF24L01pDriver.cpp:19:1:NRF24L01pDriver::NRF24L01pDriver(const NRF24L01pDriver&)	16	static
NRF24L01pDriver.cpp:22:1:NRF24L01pDriver::~NRF24L01pDriver()	16	static
NRF24L01pDriver.cpp:22:1:virtual NRF24L01pDriver::~NRF24L01pDriver()	16	static
NRF24L01pDriver.cpp:25:9:uint8_t NRF24L01pDriver::read_register(uint8_t)	24	static
NRF24L01pDriver.cpp:34:6:void NRF24L01pDriver::read_register(uint8_t, uint8_t*, int)	32	static
NRF24L01pDriver.cpp:41:6:void NRF24L01pDriver::write_register(uint8_t, uint8_t)	24	static
NRF24L01pDriver.cpp:48:6:void NRF24L01pDriver::write_register(uint8_t, uint8_t*, int)	32	static
NRF24L01pDriver.cpp:55:6:void NRF24L01pDriver::read_rx_payload(uint8_t*, int)	32	static
NRF24L01pDriver.cpp:62:6:void NRF24L01pDriver::write_tx_payload(uint8_t*, int)	32	static
NRF24L01pDriver.cpp:69:6:void NRF24L01pDriver::flush_tx()	24	static
NRF24L01pDriver.cpp:75:6:void NRF24L01pDriver::flush_rx()	24	static
NRF24L01pDriver.cpp:81:6:void NRF24L01pDriver::reuse_tx_payload()	24	static
NRF24L01pDriver.cpp:87:5:int NRF24L01pDriver::read_rx_payload_width()	24	static
NRF24L01pDriver.cpp:95:6:void NRF24L01pDriver::write_ack_payload(NRF24L01pDriver::pipe_t, uint8_t*, int)	32	static
NRF24L01pDriver.cpp:102:6:void NRF24L01pDriver::write_tx_payload_noack(uint8_t*, int)	32	static
NRF24L01pDriver.cpp:109:5:int NRF24L01pDriver::get_status()	24	static
NRF24L01pDriver.cpp:118:6:void NRF24L01pDriver::power_up()	24	static
NRF24L01pDriver.cpp:123:6:void NRF24L01pDriver::power_down()	24	static
NRF24L01pDriver.cpp:128:6:void NRF24L01pDriver::rx_mode()	24	static
NRF24L01pDriver.cpp:133:6:void NRF24L01pDriver::tx_mode()	24	static
NRF24L01pDriver.cpp:138:6:void NRF24L01pDriver::set_CRC(NRF24L01pDriver::crc_t)	24	static
NRF24L01pDriver.cpp:146:6:void NRF24L01pDriver::enable_dataReady_interrupt(bool)	16	static
NRF24L01pDriver.cpp:150:6:void NRF24L01pDriver::enable_dataSent_interrupt(bool)	16	static
NRF24L01pDriver.cpp:154:6:void NRF24L01pDriver::enable_maxRetry_interrupt(bool)	16	static
NRF24L01pDriver.cpp:159:6:void NRF24L01pDriver::enable_auto_ack(NRF24L01pDriver::pipe_t, bool)	24	static
NRF24L01pDriver.cpp:174:6:void NRF24L01pDriver::enable_rx_on_pipe(NRF24L01pDriver::pipe_t, bool)	24	static
NRF24L01pDriver.cpp:187:6:void NRF24L01pDriver::set_address_width(NRF24L01pDriver::aw_t)	16	static
NRF24L01pDriver.cpp:190:23:NRF24L01pDriver::aw_t NRF24L01pDriver::get_address_width()	16	static
NRF24L01pDriver.cpp:194:6:void NRF24L01pDriver::set_auto_retransmission_count(uint8_t)	24	static
NRF24L01pDriver.cpp:200:9:uint8_t NRF24L01pDriver::read_auto_retransmission_count()	24	static
NRF24L01pDriver.cpp:205:6:void NRF24L01pDriver::set_auto_retransmission_delay(uint8_t)	24	static
NRF24L01pDriver.cpp:211:9:uint8_t NRF24L01pDriver::read_auto_retransmission_delay()	24	static
NRF24L01pDriver.cpp:216:6:void NRF24L01pDriver::set_frequency_offset(uint8_t)	16	static
NRF24L01pDriver.cpp:221:9:uint8_t NRF24L01pDriver::get_frequency_offset()	16	static
NRF24L01pDriver.cpp:225:6:void NRF24L01pDriver::set_DataRate(NRF24L01pDriver::datarate_t)	24	static
NRF24L01pDriver.cpp:231:29:NRF24L01pDriver::datarate_t NRF24L01pDriver::get_DataRate()	24	static
NRF24L01pDriver.cpp:236:6:void NRF24L01pDriver::set_RF_Power(NRF24L01pDriver::RFpower_t)	24	static
NRF24L01pDriver.cpp:242:28:NRF24L01pDriver::RFpower_t NRF24L01pDriver::get_RF_Power()	24	static
NRF24L01pDriver.cpp:247:6:void NRF24L01pDriver::enable_pll_lock(bool)	16	static
NRF24L01pDriver.cpp:251:6:void NRF24L01pDriver::enable_cont_wave(bool)	24	static
NRF24L01pDriver.cpp:266:6:bool NRF24L01pDriver::get_tx_fifo_full_flag()	16	static
NRF24L01pDriver.cpp:270:6:bool NRF24L01pDriver::get_max_retry_flag()	16	static
NRF24L01pDriver.cpp:274:6:void NRF24L01pDriver::clear_max_retry_flag()	24	static
NRF24L01pDriver.cpp:278:6:bool NRF24L01pDriver::get_data_sent_flag()	16	static
NRF24L01pDriver.cpp:282:6:void NRF24L01pDriver::clear_data_sent_flag()	24	static
NRF24L01pDriver.cpp:286:6:bool NRF24L01pDriver::get_data_ready_flag()	16	static
NRF24L01pDriver.cpp:290:6:void NRF24L01pDriver::clear_data_ready_flag()	24	static
NRF24L01pDriver.cpp:294:25:NRF24L01pDriver::pipe_t NRF24L01pDriver::get_rx_payload_pipe()	16	static
NRF24L01pDriver.cpp:298:9:uint8_t NRF24L01pDriver::get_arc_count()	24	static
NRF24L01pDriver.cpp:304:9:uint8_t NRF24L01pDriver::get_plos_count()	24	static
NRF24L01pDriver.cpp:310:6:void NRF24L01pDriver::clear_plos_count()	16	static
NRF24L01pDriver.cpp:314:6:bool NRF24L01pDriver::get_rpd()	16	static
NRF24L01pDriver.cpp:319:6:void NRF24L01pDriver::set_RX_pipe_address(NRF24L01pDriver::pipe_t, NRF24L01pDriver::PipeAddr_t)	56	static
NRF24L01pDriver.cpp:330:29:NRF24L01pDriver::PipeAddr_t NRF24L01pDriver::get_RX_pipe_address(NRF24L01pDriver::pipe_t)	56	static
NRF24L01pDriver.cpp:348:6:void NRF24L01pDriver::set_TX_pipe_address(NRF24L01pDriver::PipeAddr_t)	56	static
NRF24L01pDriver.cpp:356:29:NRF24L01pDriver::PipeAddr_t NRF24L01pDriver::get_TX_pipe_address()	48	static
NRF24L01pDriver.cpp:369:9:uint8_t NRF24L01pDriver::get_RX_pipe_width(NRF24L01pDriver::pipe_t)	24	static
NRF24L01pDriver.cpp:375:6:bool NRF24L01pDriver::get_fifo_flag_rx_empty()	16	static
NRF24L01pDriver.cpp:379:6:bool NRF24L01pDriver::get_fifo_flag_rx_full()	16	static
NRF24L01pDriver.cpp:383:6:bool NRF24L01pDriver::get_fifo_flag_tx_empty()	16	static
NRF24L01pDriver.cpp:387:6:bool NRF24L01pDriver::get_fifo_flag_tx_full()	16	static
NRF24L01pDriver.cpp:391:6:bool NRF24L01pDriver::get_fifo_flag_tx_reuse()	16	static
NRF24L01pDriver.cpp:396:6:void NRF24L01pDriver::enable_dynamic_payload_pipe(NRF24L01pDriver::pipe_t, bool)	24	static
NRF24L01pDriver.cpp:411:6:void NRF24L01pDriver::enable_dynamic_payload(bool)	24	static
NRF24L01pDriver.cpp:427:6:void NRF24L01pDriver::enable_payload_with_ack(bool)	24	static
NRF24L01pDriver.cpp:443:6:void NRF24L01pDriver::enable_dynamic_payload_with_no_ack(bool)	24	static
