cmsis_os2.c:112:12:osKernelInitialize	24	static
cmsis_os2.c:133:12:osKernelGetInfo	40	static
cmsis_os2.c:157:17:osKernelGetState	24	static
cmsis_os2.c:186:12:osKernelStart	24	static
cmsis_os2.c:205:9:osKernelLock	24	static
cmsis_os2.c:232:9:osKernelUnlock	24	static
cmsis_os2.c:264:9:osKernelRestoreLock	32	static
cmsis_os2.c:300:10:osKernelGetTickCount	32	static
cmsis_os2.c:312:10:osKernelGetTickFreq	24	static
cmsis_os2.c:324:10:osKernelGetSysTimerCount	32	static
cmsis_os2.c:345:10:osKernelGetSysTimerFreq	4	static
cmsis_os2.c:351:14:osThreadNew	80	static
cmsis_os2.c:415:13:osThreadGetName	32	static
cmsis_os2.c:427:14:osThreadGetId	24	static
cmsis_os2.c:439:17:osThreadGetState	32	static
cmsis_os2.c:460:10:osThreadGetStackSpace	32	static
cmsis_os2.c:472:12:osThreadSetPriority	32	static
cmsis_os2.c:489:14:osThreadGetPriority	32	static
cmsis_os2.c:501:12:osThreadYield	24	static
cmsis_os2.c:514:12:osThreadSuspend	32	static
cmsis_os2.c:531:12:osThreadResume	32	static
cmsis_os2.c:548:18:osThreadExit	8	static
cmsis_os2.c:555:12:osThreadTerminate	40	static
cmsis_os2.c:583:10:osThreadGetCount	24	static
cmsis_os2.c:595:10:osThreadEnumerate	40	static
cmsis_os2.c:623:10:osThreadFlagsSet	40	static
cmsis_os2.c:643:10:osThreadFlagsClear	40	static
cmsis_os2.c:673:10:osThreadFlagsGet	32	static
cmsis_os2.c:691:10:osThreadFlagsWait	56	static
cmsis_os2.c:751:12:osDelay	32	static
cmsis_os2.c:768:12:osDelayUntil	40	static
cmsis_os2.c:787:13:TimerCallback	24	static
cmsis_os2.c:797:13:osTimerNew	64	static
cmsis_os2.c:855:13:osTimerGetName	32	static
cmsis_os2.c:867:12:osTimerStart	40	static
cmsis_os2.c:887:12:osTimerStop	40	static
cmsis_os2.c:912:10:osTimerIsRunning	32	static
cmsis_os2.c:924:12:osTimerDelete	48	static
cmsis_os2.c:954:18:osEventFlagsNew	40	static
cmsis_os2.c:990:10:osEventFlagsSet	32	static
cmsis_os2.c:1010:10:osEventFlagsClear	32	static
cmsis_os2.c:1030:10:osEventFlagsGet	32	static
cmsis_os2.c:1046:10:osEventFlagsWait	56	static
cmsis_os2.c:1096:12:osEventFlagsDelete	32	static
cmsis_os2.c:1119:13:osMutexNew	48	static
cmsis_os2.c:1184:12:osMutexAcquire	40	static
cmsis_os2.c:1225:12:osMutexRelease	40	static
cmsis_os2.c:1258:14:osMutexGetOwner	40	static
cmsis_os2.c:1273:12:osMutexDelete	40	static
cmsis_os2.c:1299:17:osSemaphoreNew	56	static
cmsis_os2.c:1352:12:osSemaphoreAcquire	32	static
cmsis_os2.c:1383:12:osSemaphoreRelease	32	static
cmsis_os2.c:1405:10:osSemaphoreGetCount	32	static
cmsis_os2.c:1420:12:osSemaphoreDelete	32	static
cmsis_os2.c:1443:20:osMessageQueueNew	56	static
cmsis_os2.c:1481:12:osMessageQueuePut	40	static
cmsis_os2.c:1516:12:osMessageQueueGet	40	static
cmsis_os2.c:1551:10:osMessageQueueGetCapacity	24	static
cmsis_os2.c:1565:10:osMessageQueueGetMsgSize	24	static
cmsis_os2.c:1579:10:osMessageQueueGetCount	32	static
cmsis_os2.c:1595:10:osMessageQueueGetSpace	56	static
cmsis_os2.c:1618:12:osMessageQueueReset	32	static
cmsis_os2.c:1635:12:osMessageQueueDelete	32	static
cmsis_os2.c:1697:13:vApplicationStackOverflowHook	16	static
cmsis_os2.c:1721:6:vApplicationGetIdleTaskMemory	24	static
cmsis_os2.c:1731:6:vApplicationGetTimerTaskMemory	24	static
