main.cpp:63:7:void* command_handler(char**, int)	40	static
main.cpp:100:6:void command_parse_execute(char*)	64	static
main.cpp:119:6:void NRF24L01p_RadioReset()	24	static
main.cpp:155:6:void lcd03_thread(void*)	16	static
main.cpp:165:6:void nrf24l01p_thread(void*)	256	static
main.cpp:195:6:void sx1272_thread(void*)	96	static
main.cpp:300:5:int main()	16	static
main.cpp:331:13:void Error_Handler()	4	static
main.cpp:336:1:void __static_initialization_and_destruction_0(int, int)	16	static
main.cpp:336:1:cpp)	8	static
